Archive member included to satisfy reference by file (symbol)

D:/Mechatronics/STM32CubeIDE/STM32CubeIDE_1.18.0/STM32CubeIDE/plugins/com.st.stm32cube.ide.mcu.externaltools.gnu-tools-for-stm32.13.3.rel1.win32_1.0.0.202411081344/tools/bin/../lib/gcc/arm-none-eabi/13.3.1/../../../../arm-none-eabi/lib/thumb/v7e-m+fp/hard\libc_nano.a(libc_a-exit.o)
                              D:/Mechatronics/STM32CubeIDE/STM32CubeIDE_1.18.0/STM32CubeIDE/plugins/com.st.stm32cube.ide.mcu.externaltools.gnu-tools-for-stm32.13.3.rel1.win32_1.0.0.202411081344/tools/bin/../lib/gcc/arm-none-eabi/13.3.1/../../../../arm-none-eabi/lib/thumb/v7e-m+fp/hard/crt0.o (exit)
D:/Mechatronics/STM32CubeIDE/STM32CubeIDE_1.18.0/STM32CubeIDE/plugins/com.st.stm32cube.ide.mcu.externaltools.gnu-tools-for-stm32.13.3.rel1.win32_1.0.0.202411081344/tools/bin/../lib/gcc/arm-none-eabi/13.3.1/../../../../arm-none-eabi/lib/thumb/v7e-m+fp/hard\libc_nano.a(libc_a-findfp.o)
                              D:/Mechatronics/STM32CubeIDE/STM32CubeIDE_1.18.0/STM32CubeIDE/plugins/com.st.stm32cube.ide.mcu.externaltools.gnu-tools-for-stm32.13.3.rel1.win32_1.0.0.202411081344/tools/bin/../lib/gcc/arm-none-eabi/13.3.1/../../../../arm-none-eabi/lib/thumb/v7e-m+fp/hard\libc_nano.a(libc_a-exit.o) (__stdio_exit_handler)
D:/Mechatronics/STM32CubeIDE/STM32CubeIDE_1.18.0/STM32CubeIDE/plugins/com.st.stm32cube.ide.mcu.externaltools.gnu-tools-for-stm32.13.3.rel1.win32_1.0.0.202411081344/tools/bin/../lib/gcc/arm-none-eabi/13.3.1/../../../../arm-none-eabi/lib/thumb/v7e-m+fp/hard\libc_nano.a(libc_a-fwalk.o)
                              D:/Mechatronics/STM32CubeIDE/STM32CubeIDE_1.18.0/STM32CubeIDE/plugins/com.st.stm32cube.ide.mcu.externaltools.gnu-tools-for-stm32.13.3.rel1.win32_1.0.0.202411081344/tools/bin/../lib/gcc/arm-none-eabi/13.3.1/../../../../arm-none-eabi/lib/thumb/v7e-m+fp/hard\libc_nano.a(libc_a-findfp.o) (_fwalk_sglue)
D:/Mechatronics/STM32CubeIDE/STM32CubeIDE_1.18.0/STM32CubeIDE/plugins/com.st.stm32cube.ide.mcu.externaltools.gnu-tools-for-stm32.13.3.rel1.win32_1.0.0.202411081344/tools/bin/../lib/gcc/arm-none-eabi/13.3.1/../../../../arm-none-eabi/lib/thumb/v7e-m+fp/hard\libc_nano.a(libc_a-stdio.o)
                              D:/Mechatronics/STM32CubeIDE/STM32CubeIDE_1.18.0/STM32CubeIDE/plugins/com.st.stm32cube.ide.mcu.externaltools.gnu-tools-for-stm32.13.3.rel1.win32_1.0.0.202411081344/tools/bin/../lib/gcc/arm-none-eabi/13.3.1/../../../../arm-none-eabi/lib/thumb/v7e-m+fp/hard\libc_nano.a(libc_a-findfp.o) (__sread)
D:/Mechatronics/STM32CubeIDE/STM32CubeIDE_1.18.0/STM32CubeIDE/plugins/com.st.stm32cube.ide.mcu.externaltools.gnu-tools-for-stm32.13.3.rel1.win32_1.0.0.202411081344/tools/bin/../lib/gcc/arm-none-eabi/13.3.1/../../../../arm-none-eabi/lib/thumb/v7e-m+fp/hard\libc_nano.a(libc_a-memset.o)
                              D:/Mechatronics/STM32CubeIDE/STM32CubeIDE_1.18.0/STM32CubeIDE/plugins/com.st.stm32cube.ide.mcu.externaltools.gnu-tools-for-stm32.13.3.rel1.win32_1.0.0.202411081344/tools/bin/../lib/gcc/arm-none-eabi/13.3.1/../../../../arm-none-eabi/lib/thumb/v7e-m+fp/hard/crt0.o (memset)
D:/Mechatronics/STM32CubeIDE/STM32CubeIDE_1.18.0/STM32CubeIDE/plugins/com.st.stm32cube.ide.mcu.externaltools.gnu-tools-for-stm32.13.3.rel1.win32_1.0.0.202411081344/tools/bin/../lib/gcc/arm-none-eabi/13.3.1/../../../../arm-none-eabi/lib/thumb/v7e-m+fp/hard\libc_nano.a(libc_a-closer.o)
                              D:/Mechatronics/STM32CubeIDE/STM32CubeIDE_1.18.0/STM32CubeIDE/plugins/com.st.stm32cube.ide.mcu.externaltools.gnu-tools-for-stm32.13.3.rel1.win32_1.0.0.202411081344/tools/bin/../lib/gcc/arm-none-eabi/13.3.1/../../../../arm-none-eabi/lib/thumb/v7e-m+fp/hard\libc_nano.a(libc_a-stdio.o) (_close_r)
D:/Mechatronics/STM32CubeIDE/STM32CubeIDE_1.18.0/STM32CubeIDE/plugins/com.st.stm32cube.ide.mcu.externaltools.gnu-tools-for-stm32.13.3.rel1.win32_1.0.0.202411081344/tools/bin/../lib/gcc/arm-none-eabi/13.3.1/../../../../arm-none-eabi/lib/thumb/v7e-m+fp/hard\libc_nano.a(libc_a-reent.o)
                              D:/Mechatronics/STM32CubeIDE/STM32CubeIDE_1.18.0/STM32CubeIDE/plugins/com.st.stm32cube.ide.mcu.externaltools.gnu-tools-for-stm32.13.3.rel1.win32_1.0.0.202411081344/tools/bin/../lib/gcc/arm-none-eabi/13.3.1/../../../../arm-none-eabi/lib/thumb/v7e-m+fp/hard\libc_nano.a(libc_a-closer.o) (errno)
D:/Mechatronics/STM32CubeIDE/STM32CubeIDE_1.18.0/STM32CubeIDE/plugins/com.st.stm32cube.ide.mcu.externaltools.gnu-tools-for-stm32.13.3.rel1.win32_1.0.0.202411081344/tools/bin/../lib/gcc/arm-none-eabi/13.3.1/../../../../arm-none-eabi/lib/thumb/v7e-m+fp/hard\libc_nano.a(libc_a-impure.o)
                              D:/Mechatronics/STM32CubeIDE/STM32CubeIDE_1.18.0/STM32CubeIDE/plugins/com.st.stm32cube.ide.mcu.externaltools.gnu-tools-for-stm32.13.3.rel1.win32_1.0.0.202411081344/tools/bin/../lib/gcc/arm-none-eabi/13.3.1/../../../../arm-none-eabi/lib/thumb/v7e-m+fp/hard\libc_nano.a(libc_a-reent.o) (_impure_ptr)
[...]
Memory Configuration

Name             Origin             Length             Attributes
CCMRAM           0x10000000         0x00010000         xrw
RAM              0x20000000         0x00020000         xrw
FLASH            0x08000000         0x00080000         xr
*default*        0x00000000         0xffffffff

Linker script and memory map

LOAD D:/Mechatronics/STM32CubeIDE/STM32CubeIDE_1.18.0/STM32CubeIDE/plugins/com.st.stm32cube.ide.mcu.externaltools.gnu-tools-for-stm32.13.3.rel1.win32_1.0.0.202411081344/tools/bin/../lib/gcc/arm-none-eabi/13.3.1/thumb/v7e-m+fp/hard/crti.o
LOAD D:/Mechatronics/STM32CubeIDE/STM32CubeIDE_1.18.0/STM32CubeIDE/plugins/com.st.stm32cube.ide.mcu.externaltools.gnu-tools-for-stm32.13.3.rel1.win32_1.0.0.202411081344/tools/bin/../lib/gcc/arm-none-eabi/13.3.1/thumb/v7e-m+fp/hard/crtbegin.o
LOAD D:/Mechatronics/STM32CubeIDE/STM32CubeIDE_1.18.0/STM32CubeIDE/plugins/com.st.stm32cube.ide.mcu.externaltools.gnu-tools-for-stm32.13.3.rel1.win32_1.0.0.202411081344/tools/bin/../lib/gcc/arm-none-eabi/13.3.1/../../../../arm-none-eabi/lib/thumb/v7e-m+fp/hard/crt0.o
LOAD ./Core/Src/brainx_rs485.o
LOAD ./Core/Src/brainx_sys.o
LOAD ./Core/Src/brainx_usbcdc.o
LOAD ./Core/Src/dma.o
LOAD ./Core/Src/gpio.o
LOAD ./Core/Src/main.o
LOAD ./Core/Src/stm32f4xx_hal_msp.o
LOAD ./Core/Src/stm32f4xx_it.o
LOAD ./Core/Src/syscalls.o
LOAD ./Core/Src/sysmem.o
LOAD ./Core/Src/system_stm32f4xx.o
LOAD ./Core/Src/tim.o
LOAD ./Core/Src/usart.o
LOAD ./Core/Startup/startup_stm32f407vetx.o
LOAD ./Drivers/STM32F4xx_HAL_Driver/Src/stm32f4xx_hal.o
LOAD ./Drivers/STM32F4xx_HAL_Driver/Src/stm32f4xx_hal_cortex.o
LOAD ./Drivers/STM32F4xx_HAL_Driver/Src/stm32f4xx_hal_dma.o
LOAD ./Drivers/STM32F4xx_HAL_Driver/Src/stm32f4xx_hal_dma_ex.o
LOAD ./Drivers/STM32F4xx_HAL_Driver/Src/stm32f4xx_hal_exti.o
LOAD ./Drivers/STM32F4xx_HAL_Driver/Src/stm32f4xx_hal_flash.o
LOAD ./Drivers/STM32F4xx_HAL_Driver/Src/stm32f4xx_hal_flash_ex.o
LOAD ./Drivers/STM32F4xx_HAL_Driver/Src/stm32f4xx_hal_flash_ramfunc.o
LOAD ./Drivers/STM32F4xx_HAL_Driver/Src/stm32f4xx_hal_gpio.o
LOAD ./Drivers/STM32F4xx_HAL_Driver/Src/stm32f4xx_hal_pcd.o
LOAD ./Drivers/STM32F4xx_HAL_Driver/Src/stm32f4xx_hal_pcd_ex.o
LOAD ./Drivers/STM32F4xx_HAL_Driver/Src/stm32f4xx_hal_pwr.o
LOAD ./Drivers/STM32F4xx_HAL_Driver/Src/stm32f4xx_hal_pwr_ex.o
LOAD ./Drivers/STM32F4xx_HAL_Driver/Src/stm32f4xx_hal_rcc.o
LOAD ./Drivers/STM32F4xx_HAL_Driver/Src/stm32f4xx_hal_rcc_ex.o
LOAD ./Drivers/STM32F4xx_HAL_Driver/Src/stm32f4xx_hal_tim.o
LOAD ./Drivers/STM32F4xx_HAL_Driver/Src/stm32f4xx_hal_tim_ex.o
LOAD ./Drivers/STM32F4xx_HAL_Driver/Src/stm32f4xx_hal_uart.o
LOAD ./Drivers/STM32F4xx_HAL_Driver/Src/stm32f4xx_ll_usb.o
LOAD ./Middlewares/ST/STM32_USB_Device_Library/Class/CDC/Src/usbd_cdc.o
LOAD ./Middlewares/ST/STM32_USB_Device_Library/Core/Src/usbd_core.o
LOAD ./Middlewares/ST/STM32_USB_Device_Library/Core/Src/usbd_ctlreq.o
LOAD ./Middlewares/ST/STM32_USB_Device_Library/Core/Src/usbd_ioreq.o
LOAD ./USB_DEVICE/App/usb_device.o
LOAD ./USB_DEVICE/App/usbd_cdc_if.o
LOAD ./USB_DEVICE/App/usbd_desc.o
LOAD ./USB_DEVICE/Target/usbd_conf.o
START GROUP
LOAD D:/Mechatronics/STM32CubeIDE/STM32CubeIDE_1.18.0/STM32CubeIDE/plugins/com.st.stm32cube.ide.mcu.externaltools.gnu-tools-for-stm32.13.3.rel1.win32_1.0.0.202411081344/tools/bin/../lib/gcc/arm-none-eabi/13.3.1/../../../../arm-none-eabi/lib/thumb/v7e-m+fp/hard\libc_nano.a
LOAD D:/Mechatronics/STM32CubeIDE/STM32CubeIDE_1.18.0/STM32CubeIDE/plugins/com.st.stm32cube.ide.mcu.externaltools.gnu-tools-for-stm32.13.3.rel1.win32_1.0.0.202411081344/tools/bin/../lib/gcc/arm-none-eabi/13.3.1/../../../../arm-none-eabi/lib/thumb/v7e-m+fp/hard\libm.a
END GROUP
START GROUP
LOAD D:/Mechatronics/STM32CubeIDE/STM32CubeIDE_1.18.0/STM32CubeIDE/plugins/com.st.stm32cube.ide.mcu.externaltools.gnu-tools-for-stm32.13.3.rel1.win32_1.0.0.202411081344/tools/bin/../lib/gcc/arm-none-eabi/13.3.1/thumb/v7e-m+fp/hard\libgcc.a
LOAD D:/Mechatronics/STM32CubeIDE/STM32CubeIDE_1.18.0/STM32CubeIDE/plugins/com.st.stm32cube.ide.mcu.externaltools.gnu-tools-for-stm32.13.3.rel1.win32_1.0.0.202411081344/tools/bin/../lib/gcc/arm-none-eabi/13.3.1/../../../../arm-none-eabi/lib/thumb/v7e-m+fp/hard\libc_nano.a
END GROUP
START GROUP
LOAD D:/Mechatronics/STM32CubeIDE/STM32CubeIDE_1.18.0/STM32CubeIDE/plugins/com.st.stm32cube.ide.mcu.externaltools.gnu-tools-for-stm32.13.3.rel1.win32_1.0.0.202411081344/tools/bin/../lib/gcc/arm-none-eabi/13.3.1/thumb/v7e-m+fp/hard\libgcc.a
LOAD D:/Mechatronics/STM32CubeIDE/STM32CubeIDE_1.18.0/STM32CubeIDE/plugins/com.st.stm32cube.ide.mcu.externaltools.gnu-tools-for-stm32.13.3.rel1.win32_1.0.0.202411081344/tools/bin/../lib/gcc/arm-none-eabi/13.3.1/../../../../arm-none-eabi/lib/thumb/v7e-m+fp/hard\libc_nano.a
LOAD D:/Mechatronics/STM32CubeIDE/STM32CubeIDE_1.18.0/STM32CubeIDE/plugins/com.st.stm32cube.ide.mcu.externaltools.gnu-tools-for-stm32.13.3.rel1.win32_1.0.0.202411081344/tools/bin/../lib/gcc/arm-none-eabi/13.3.1/../../../../arm-none-eabi/lib/thumb/v7e-m+fp/hard\libnosys.a
END GROUP
START GROUP
LOAD D:/Mechatronics/STM32CubeIDE/STM32CubeIDE_1.18.0/STM32CubeIDE/plugins/com.st.stm32cube.ide.mcu.externaltools.gnu-tools-for-stm32.13.3.rel1.win32_1.0.0.202411081344/tools/bin/../lib/gcc/arm-none-eabi/13.3.1/thumb/v7e-m+fp/hard\libgcc.a
LOAD D:/Mechatronics/STM32CubeIDE/STM32CubeIDE_1.18.0/STM32CubeIDE/plugins/com.st.stm32cube.ide.mcu.externaltools.gnu-tools-for-stm32.13.3.rel1.win32_1.0.0.202411081344/tools/bin/../lib/gcc/arm-none-eabi/13.3.1/../../../../arm-none-eabi/lib/thumb/v7e-m+fp/hard\libc_nano.a
LOAD D:/Mechatronics/STM32CubeIDE/STM32CubeIDE_1.18.0/STM32CubeIDE/plugins/com.st.stm32cube.ide.mcu.externaltools.gnu-tools-for-stm32.13.3.rel1.win32_1.0.0.202411081344/tools/bin/../lib/gcc/arm-none-eabi/13.3.1/../../../../arm-none-eabi/lib/thumb/v7e-m+fp/hard\libnosys.a
END GROUP
LOAD D:/Mechatronics/STM32CubeIDE/STM32CubeIDE_1.18.0/STM32CubeIDE/plugins/com.st.stm32cube.ide.mcu.externaltools.gnu-tools-for-stm32.13.3.rel1.win32_1.0.0.202411081344/tools/bin/../lib/gcc/arm-none-eabi/13.3.1/thumb/v7e-m+fp/hard/crtend.o
LOAD D:/Mechatronics/STM32CubeIDE/STM32CubeIDE_1.18.0/STM32CubeIDE/plugins/com.st.stm32cube.ide.mcu.externaltools.gnu-tools-for-stm32.13.3.rel1.win32_1.0.0.202411081344/tools/bin/../lib/gcc/arm-none-eabi/13.3.1/thumb/v7e-m+fp/hard/crtn.o
                0x20020000                        _estack = (ORIGIN (RAM) + LENGTH (RAM))
                0x00000200                        _Min_Heap_Size = 0x200
                0x00000400                        _Min_Stack_Size = 0x400

.isr_vector     0x08000000      0x188
                0x08000000                        . = ALIGN (0x4)
 *(.isr_vector)
 .isr_vector    0x08000000      0x188 ./Core/Startup/startup_stm32f407vetx.o
                0x08000000                g_pfnVectors
                0x08000188                        . = ALIGN (0x4)

.text           0x08000188     0x9b40
                0x08000188                        . = ALIGN (0x4)
 *(.text)
 .text          0x08000188       0x40 D:/Mechatronics/STM32CubeIDE/STM32CubeIDE_1.18.0/STM32CubeIDE/plugins/com.st.stm32cube.ide.mcu.externaltools.gnu-tools-for-stm32.13.3.rel1.win32_1.0.0.202411081344/tools/bin/../lib/gcc/arm-none-eabi/13.3.1/thumb/v7e-m+fp/hard/crtbegin.o
 .text          0x080001c8       0x30 D:/Mechatronics/STM32CubeIDE/STM32CubeIDE_1.18.0/STM32CubeIDE/plugins/com.st.stm32cube.ide.mcu.externaltools.gnu-tools-for-stm32.13.3.rel1.win32_1.0.0.202411081344/tools/bin/../lib/gcc/arm-none-eabi/13.3.1/thumb/v7e-m+fp/hard\libgcc.a(_aeabi_uldivmod.o)
                0x080001c8                __aeabi_uldivmod
 .text          0x080001f8      0x2f8 D:/Mechatronics/STM32CubeIDE/STM32CubeIDE_1.18.0/STM32CubeIDE/plugins/com.st.stm32cube.ide.mcu.externaltools.gnu-tools-for-stm32.13.3.rel1.win32_1.0.0.202411081344/tools/bin/../lib/gcc/arm-none-eabi/13.3.1/thumb/v7e-m+fp/hard\libgcc.a(_udivmoddi4.o)
                0x080001f8                __udivmoddi4
 .text          0x080004f0        0x4 D:/Mechatronics/STM32CubeIDE/STM32CubeIDE_1.18.0/STM32CubeIDE/plugins/com.st.stm32cube.ide.mcu.externaltools.gnu-tools-for-stm32.13.3.rel1.win32_1.0.0.202411081344/tools/bin/../lib/gcc/arm-none-eabi/13.3.1/thumb/v7e-m+fp/hard\libgcc.a(_dvmd_tls.o)
                0x080004f0                __aeabi_idiv0
                0x080004f0                __aeabi_ldiv0
 *(.text*)
 .text.BrainX_RS485_Init
                0x080004f4       0x40 ./Core/Src/brainx_rs485.o
                0x080004f4                BrainX_RS485_Init
 .text.BrainX_RS485_RX_Enable
                0x08000534       0x30 ./Core/Src/brainx_rs485.o
                0x08000534                BrainX_RS485_RX_Enable
 .text.BrainX_RS485_RX_StateMachine
                0x08000564       0x20 ./Core/Src/brainx_rs485.o
                0x08000564                BrainX_RS485_RX_StateMachine
 .text.BrainX_RS485_RX_ScanningHeader
                0x08000584       0x20 ./Core/Src/brainx_rs485.o
                0x08000584                BrainX_RS485_RX_ScanningHeader
 .text.BrainX_RS485_RX_CheckDevice
                0x080005a4       0x70 ./Core/Src/brainx_rs485.o
                0x080005a4                BrainX_RS485_RX_CheckDevice
 .text.CheckDataContent.0
                0x08000614       0x48 ./Core/Src/brainx_rs485.o
 .text.BrainX_RS485_RX_CheckDataContent
                0x0800065c       0x88 ./Core/Src/brainx_rs485.o
                0x0800065c                BrainX_RS485_RX_CheckDataContent
 .text.BrainX_RS485_RX_VerifyDataPacket
                0x080006e4       0x52 ./Core/Src/brainx_rs485.o
                0x080006e4                BrainX_RS485_RX_VerifyDataPacket
 .text.BrainX_RS485_RX_ReceiveVerifiedData
                0x08000736       0x30 ./Core/Src/brainx_rs485.o
                0x08000736                BrainX_RS485_RX_ReceiveVerifiedData
 .text.BrainX_RS485_RX_ReceiveData
                0x08000766       0x36 ./Core/Src/brainx_rs485.o
                0x08000766                BrainX_RS485_RX_ReceiveData
 .text.BrainX_UpdateSystemInfo
                0x0800079c       0x20 ./Core/Src/brainx_sys.o
                0x0800079c                BrainX_UpdateSystemInfo
 .text.BrainX_DisplayLED
                0x080007bc       0x98 ./Core/Src/brainx_sys.o
                0x080007bc                BrainX_DisplayLED
 .text.BrainX_USBCDC_RX_StateMachine
                0x08000854       0x20 ./Core/Src/brainx_usbcdc.o
                0x08000854                BrainX_USBCDC_RX_StateMachine
 .text.BrainX_USBCDC_RX_ScanningHeader
                0x08000874       0x1c ./Core/Src/brainx_usbcdc.o
                0x08000874                BrainX_USBCDC_RX_ScanningHeader
 .text.BrainX_USBCDC_RX_CheckDevice
                0x08000890       0x64 ./Core/Src/brainx_usbcdc.o
                0x08000890                BrainX_USBCDC_RX_CheckDevice
 .text.CheckDataContent.0
                0x080008f4       0x4c ./Core/Src/brainx_usbcdc.o
 .text.BrainX_USBCDC_RX_CheckDataContent
                0x08000940       0x84 ./Core/Src/brainx_usbcdc.o
                0x08000940                BrainX_USBCDC_RX_CheckDataContent
 .text.BrainX_USBCDC_RX_VerifyDataPacket
                0x080009c4       0x54 ./Core/Src/brainx_usbcdc.o
                0x080009c4                BrainX_USBCDC_RX_VerifyDataPacket
 .text.BrainX_USBCDC_RX_ReceiveVerifiedData
                0x08000a18       0x38 ./Core/Src/brainx_usbcdc.o
                0x08000a18                BrainX_USBCDC_RX_ReceiveVerifiedData
 .text.BrainX_USBCDC_RX_ReceiveData
                0x08000a50       0x22 ./Core/Src/brainx_usbcdc.o
                0x08000a50                BrainX_USBCDC_RX_ReceiveData
 *fill*         0x08000a72        0x2 
 .text.MX_DMA_Init
                0x08000a74       0x50 ./Core/Src/dma.o
                0x08000a74                MX_DMA_Init
 .text.MX_GPIO_Init
                0x08000ac4      0x114 ./Core/Src/gpio.o
                0x08000ac4                MX_GPIO_Init
 .text.main     0x08000bd8       0x88 ./Core/Src/main.o
                0x08000bd8                main
 .text.SystemClock_Config
                0x08000c60       0xd4 ./Core/Src/main.o
                0x08000c60                SystemClock_Config
 .text.BrainX_USBCDC_RxCallback
                0x08000d34       0x70 ./Core/Src/main.o
                0x08000d34                BrainX_USBCDC_RxCallback
 .text.HAL_UARTEx_RxEventCallback
                0x08000da4       0x40 ./Core/Src/main.o
                0x08000da4                HAL_UARTEx_RxEventCallback
 .text.Error_Handler
                0x08000de4        0xc ./Core/Src/main.o
                0x08000de4                Error_Handler
 .text.HAL_MspInit
                0x08000df0       0x50 ./Core/Src/stm32f4xx_hal_msp.o
                0x08000df0                HAL_MspInit
 .text.NMI_Handler
                0x08000e40        0x8 ./Core/Src/stm32f4xx_it.o
                0x08000e40                NMI_Handler
 .text.HardFault_Handler
                0x08000e48        0x8 ./Core/Src/stm32f4xx_it.o
                0x08000e48                HardFault_Handler
 .text.MemManage_Handler
                0x08000e50        0x8 ./Core/Src/stm32f4xx_it.o
                0x08000e50                MemManage_Handler
 .text.BusFault_Handler
                0x08000e58        0x8 ./Core/Src/stm32f4xx_it.o
                0x08000e58                BusFault_Handler
 .text.UsageFault_Handler
                0x08000e60        0x8 ./Core/Src/stm32f4xx_it.o
                0x08000e60                UsageFault_Handler
 .text.SVC_Handler
                0x08000e68        0xe ./Core/Src/stm32f4xx_it.o
                0x08000e68                SVC_Handler
 .text.DebugMon_Handler
                0x08000e76        0xe ./Core/Src/stm32f4xx_it.o
                0x08000e76                DebugMon_Handler
 .text.PendSV_Handler
                0x08000e84        0xe ./Core/Src/stm32f4xx_it.o
                0x08000e84                PendSV_Handler
 .text.SysTick_Handler
                0x08000e92        0xc ./Core/Src/stm32f4xx_it.o
                0x08000e92                SysTick_Handler
 *fill*         0x08000e9e        0x2 
 .text.DMA1_Stream2_IRQHandler
                0x08000ea0       0x14 ./Core/Src/stm32f4xx_it.o
                0x08000ea0                DMA1_Stream2_IRQHandler
 .text.DMA1_Stream5_IRQHandler
                0x08000eb4       0x14 ./Core/Src/stm32f4xx_it.o
                0x08000eb4                DMA1_Stream5_IRQHandler
 .text.TIM1_BRK_TIM9_IRQHandler
                0x08000ec8       0x14 ./Core/Src/stm32f4xx_it.o
                0x08000ec8                TIM1_BRK_TIM9_IRQHandler
 .text.TIM1_UP_TIM10_IRQHandler
                0x08000edc       0x14 ./Core/Src/stm32f4xx_it.o
                0x08000edc                TIM1_UP_TIM10_IRQHandler
 .text.UART4_IRQHandler
                0x08000ef0       0x14 ./Core/Src/stm32f4xx_it.o
                0x08000ef0                UART4_IRQHandler
 .text.OTG_FS_IRQHandler
                0x08000f04       0x14 ./Core/Src/stm32f4xx_it.o
                0x08000f04                OTG_FS_IRQHandler
 .text.SystemInit
                0x08000f18       0x24 ./Core/Src/system_stm32f4xx.o
                0x08000f18                SystemInit
 .text.MX_TIM1_Init
                0x08000f3c       0xa4 ./Core/Src/tim.o
                0x08000f3c                MX_TIM1_Init
 .text.HAL_TIM_Base_MspInit
                0x08000fe0       0x60 ./Core/Src/tim.o
                0x08000fe0                HAL_TIM_Base_MspInit
 .text.HAL_TIM_PeriodElapsedCallback
                0x08001040       0x24 ./Core/Src/tim.o
                0x08001040                HAL_TIM_PeriodElapsedCallback
 .text.MX_UART4_Init
                0x08001064       0x54 ./Core/Src/usart.o
                0x08001064                MX_UART4_Init
 .text.MX_USART2_UART_Init
                0x080010b8       0x54 ./Core/Src/usart.o
                0x080010b8                MX_USART2_UART_Init
 .text.MX_USART3_UART_Init
                0x0800110c       0x54 ./Core/Src/usart.o
                0x0800110c                MX_USART3_UART_Init
 .text.HAL_UART_MspInit
                0x08001160      0x23c ./Core/Src/usart.o
                0x08001160                HAL_UART_MspInit
 .text.Reset_Handler
                0x0800139c       0x50 ./Core/Startup/startup_stm32f407vetx.o
                0x0800139c                Reset_Handler
 .text.Default_Handler
                0x080013ec        0x2 ./Core/Startup/startup_stm32f407vetx.o
                0x080013ec                RTC_Alarm_IRQHandler
                0x080013ec                HASH_RNG_IRQHandler
                0x080013ec                EXTI2_IRQHandler
                0x080013ec                TIM8_CC_IRQHandler
                0x080013ec                TIM1_CC_IRQHandler
                0x080013ec                DMA2_Stream5_IRQHandler
                0x080013ec                PVD_IRQHandler
                0x080013ec                SDIO_IRQHandler
                0x080013ec                TAMP_STAMP_IRQHandler
                0x080013ec                CAN2_RX1_IRQHandler
                0x080013ec                EXTI3_IRQHandler
                0x080013ec                TIM8_TRG_COM_TIM14_IRQHandler
                0x080013ec                TIM8_UP_TIM13_IRQHandler
                0x080013ec                I2C3_ER_IRQHandler
                0x080013ec                EXTI0_IRQHandler
                0x080013ec                I2C2_EV_IRQHandler
                0x080013ec                CAN1_RX0_IRQHandler
                0x080013ec                FPU_IRQHandler
                0x080013ec                OTG_HS_WKUP_IRQHandler
                0x080013ec                CAN2_SCE_IRQHandler
                0x080013ec                DMA2_Stream2_IRQHandler
                0x080013ec                SPI1_IRQHandler
                0x080013ec                TIM6_DAC_IRQHandler
                0x080013ec                DCMI_IRQHandler
                0x080013ec                CAN2_RX0_IRQHandler
                0x080013ec                DMA2_Stream3_IRQHandler
                0x080013ec                USART6_IRQHandler
                0x080013ec                USART3_IRQHandler
                0x080013ec                CAN1_RX1_IRQHandler
                0x080013ec                UART5_IRQHandler
                0x080013ec                DMA2_Stream0_IRQHandler
                0x080013ec                TIM4_IRQHandler
                0x080013ec                I2C1_EV_IRQHandler
                0x080013ec                DMA1_Stream6_IRQHandler
                0x080013ec                DMA1_Stream1_IRQHandler
                0x080013ec                TIM3_IRQHandler
                0x080013ec                RCC_IRQHandler
                0x080013ec                TIM8_BRK_TIM12_IRQHandler
                0x080013ec                Default_Handler
                0x080013ec                EXTI15_10_IRQHandler
                0x080013ec                ADC_IRQHandler
                0x080013ec                DMA1_Stream7_IRQHandler
                0x080013ec                TIM7_IRQHandler
                0x080013ec                CAN2_TX_IRQHandler
                0x080013ec                TIM5_IRQHandler
                0x080013ec                DMA2_Stream7_IRQHandler
                0x080013ec                I2C3_EV_IRQHandler
                0x080013ec                EXTI9_5_IRQHandler
                0x080013ec                RTC_WKUP_IRQHandler
                0x080013ec                ETH_WKUP_IRQHandler
                0x080013ec                SPI2_IRQHandler
                0x080013ec                OTG_HS_EP1_IN_IRQHandler
                0x080013ec                DMA1_Stream0_IRQHandler
                0x080013ec                CAN1_TX_IRQHandler
                0x080013ec                EXTI4_IRQHandler
                0x080013ec                FSMC_IRQHandler
                0x080013ec                ETH_IRQHandler
                0x080013ec                OTG_HS_EP1_OUT_IRQHandler
                0x080013ec                WWDG_IRQHandler
                0x080013ec                TIM2_IRQHandler
                0x080013ec                OTG_FS_WKUP_IRQHandler
                0x080013ec                TIM1_TRG_COM_TIM11_IRQHandler
                0x080013ec                OTG_HS_IRQHandler
                0x080013ec                EXTI1_IRQHandler
                0x080013ec                USART2_IRQHandler
                0x080013ec                I2C2_ER_IRQHandler
                0x080013ec                DMA2_Stream1_IRQHandler
                0x080013ec                CAN1_SCE_IRQHandler
                0x080013ec                FLASH_IRQHandler
                0x080013ec                DMA2_Stream4_IRQHandler
                0x080013ec                USART1_IRQHandler
                0x080013ec                SPI3_IRQHandler
                0x080013ec                DMA1_Stream4_IRQHandler
                0x080013ec                I2C1_ER_IRQHandler
                0x080013ec                DMA2_Stream6_IRQHandler
                0x080013ec                DMA1_Stream3_IRQHandler
 *fill*         0x080013ee        0x2 
 .text.HAL_Init
                0x080013f0       0x44 ./Drivers/STM32F4xx_HAL_Driver/Src/stm32f4xx_hal.o
                0x080013f0                HAL_Init
 .text.HAL_InitTick
                0x08001434       0x60 ./Drivers/STM32F4xx_HAL_Driver/Src/stm32f4xx_hal.o
                0x08001434                HAL_InitTick
 .text.HAL_IncTick
                0x08001494       0x28 ./Drivers/STM32F4xx_HAL_Driver/Src/stm32f4xx_hal.o
                0x08001494                HAL_IncTick
 .text.HAL_GetTick
                0x080014bc       0x18 ./Drivers/STM32F4xx_HAL_Driver/Src/stm32f4xx_hal.o
                0x080014bc                HAL_GetTick
 .text.HAL_Delay
                0x080014d4       0x48 ./Drivers/STM32F4xx_HAL_Driver/Src/stm32f4xx_hal.o
                0x080014d4                HAL_Delay
 .text.__NVIC_SetPriorityGrouping
                0x0800151c       0x48 ./Drivers/STM32F4xx_HAL_Driver/Src/stm32f4xx_hal_cortex.o
 .text.__NVIC_GetPriorityGrouping
                0x08001564       0x1c ./Drivers/STM32F4xx_HAL_Driver/Src/stm32f4xx_hal_cortex.o
 .text.__NVIC_EnableIRQ
                0x08001580       0x3c ./Drivers/STM32F4xx_HAL_Driver/Src/stm32f4xx_hal_cortex.o
 .text.__NVIC_SetPriority
                0x080015bc       0x54 ./Drivers/STM32F4xx_HAL_Driver/Src/stm32f4xx_hal_cortex.o
 .text.NVIC_EncodePriority
                0x08001610       0x66 ./Drivers/STM32F4xx_HAL_Driver/Src/stm32f4xx_hal_cortex.o
 *fill*         0x08001676        0x2 
 .text.SysTick_Config
                0x08001678       0x44 ./Drivers/STM32F4xx_HAL_Driver/Src/stm32f4xx_hal_cortex.o
 .text.HAL_NVIC_SetPriorityGrouping
                0x080016bc       0x16 ./Drivers/STM32F4xx_HAL_Driver/Src/stm32f4xx_hal_cortex.o
                0x080016bc                HAL_NVIC_SetPriorityGrouping
 .text.HAL_NVIC_SetPriority
                0x080016d2       0x38 ./Drivers/STM32F4xx_HAL_Driver/Src/stm32f4xx_hal_cortex.o
                0x080016d2                HAL_NVIC_SetPriority
 .text.HAL_NVIC_EnableIRQ
                0x0800170a       0x1c ./Drivers/STM32F4xx_HAL_Driver/Src/stm32f4xx_hal_cortex.o
                0x0800170a                HAL_NVIC_EnableIRQ
 .text.HAL_SYSTICK_Config
                0x08001726       0x18 ./Drivers/STM32F4xx_HAL_Driver/Src/stm32f4xx_hal_cortex.o
                0x08001726                HAL_SYSTICK_Config
 *fill*         0x0800173e        0x2 
 .text.HAL_DMA_Init
                0x08001740      0x15c ./Drivers/STM32F4xx_HAL_Driver/Src/stm32f4xx_hal_dma.o
                0x08001740                HAL_DMA_Init
 .text.HAL_DMA_Start_IT
                0x0800189c       0xb0 ./Drivers/STM32F4xx_HAL_Driver/Src/stm32f4xx_hal_dma.o
                0x0800189c                HAL_DMA_Start_IT
 .text.HAL_DMA_Abort
                0x0800194c       0xe0 ./Drivers/STM32F4xx_HAL_Driver/Src/stm32f4xx_hal_dma.o
                0x0800194c                HAL_DMA_Abort
 .text.HAL_DMA_Abort_IT
                0x08001a2c       0x44 ./Drivers/STM32F4xx_HAL_Driver/Src/stm32f4xx_hal_dma.o
                0x08001a2c                HAL_DMA_Abort_IT
 .text.HAL_DMA_IRQHandler
                0x08001a70      0x314 ./Drivers/STM32F4xx_HAL_Driver/Src/stm32f4xx_hal_dma.o
                0x08001a70                HAL_DMA_IRQHandler
 .text.DMA_SetConfig
                0x08001d84       0x5c ./Drivers/STM32F4xx_HAL_Driver/Src/stm32f4xx_hal_dma.o
 .text.DMA_CalcBaseAndBitshift
                0x08001de0       0x6c ./Drivers/STM32F4xx_HAL_Driver/Src/stm32f4xx_hal_dma.o
 .text.DMA_CheckFifoParam
                0x08001e4c       0xf8 ./Drivers/STM32F4xx_HAL_Driver/Src/stm32f4xx_hal_dma.o
 .text.HAL_GPIO_Init
                0x08001f44      0x338 ./Drivers/STM32F4xx_HAL_Driver/Src/stm32f4xx_hal_gpio.o
                0x08001f44                HAL_GPIO_Init
 .text.HAL_GPIO_WritePin
                0x0800227c       0x32 ./Drivers/STM32F4xx_HAL_Driver/Src/stm32f4xx_hal_gpio.o
                0x0800227c                HAL_GPIO_WritePin
 .text.HAL_GPIO_TogglePin
                0x080022ae       0x34 ./Drivers/STM32F4xx_HAL_Driver/Src/stm32f4xx_hal_gpio.o
                0x080022ae                HAL_GPIO_TogglePin
 .text.HAL_PCD_Init
                0x080022e2      0x21e ./Drivers/STM32F4xx_HAL_Driver/Src/stm32f4xx_hal_pcd.o
                0x080022e2                HAL_PCD_Init
 .text.HAL_PCD_Start
                0x08002500       0x6a ./Drivers/STM32F4xx_HAL_Driver/Src/stm32f4xx_hal_pcd.o
                0x08002500                HAL_PCD_Start
 .text.HAL_PCD_IRQHandler
                0x0800256a      0x942 ./Drivers/STM32F4xx_HAL_Driver/Src/stm32f4xx_hal_pcd.o
                0x0800256a                HAL_PCD_IRQHandler
 .text.HAL_PCD_SetAddress
                0x08002eac       0x48 ./Drivers/STM32F4xx_HAL_Driver/Src/stm32f4xx_hal_pcd.o
                0x08002eac                HAL_PCD_SetAddress
 .text.HAL_PCD_EP_Open
                0x08002ef4       0xd4 ./Drivers/STM32F4xx_HAL_Driver/Src/stm32f4xx_hal_pcd.o
                0x08002ef4                HAL_PCD_EP_Open
 .text.HAL_PCD_EP_Close
                0x08002fc8       0x94 ./Drivers/STM32F4xx_HAL_Driver/Src/stm32f4xx_hal_pcd.o
                0x08002fc8                HAL_PCD_EP_Close
 .text.HAL_PCD_EP_Receive
                0x0800305c       0x76 ./Drivers/STM32F4xx_HAL_Driver/Src/stm32f4xx_hal_pcd.o
                0x0800305c                HAL_PCD_EP_Receive
 .text.HAL_PCD_EP_GetRxCount
                0x080030d2       0x30 ./Drivers/STM32F4xx_HAL_Driver/Src/stm32f4xx_hal_pcd.o
                0x080030d2                HAL_PCD_EP_GetRxCount
 .text.HAL_PCD_EP_Transmit
                0x08003102       0x74 ./Drivers/STM32F4xx_HAL_Driver/Src/stm32f4xx_hal_pcd.o
                0x08003102                HAL_PCD_EP_Transmit
 .text.HAL_PCD_EP_SetStall
                0x08003176       0xc6 ./Drivers/STM32F4xx_HAL_Driver/Src/stm32f4xx_hal_pcd.o
                0x08003176                HAL_PCD_EP_SetStall
 .text.HAL_PCD_EP_ClrStall
                0x0800323c       0xac ./Drivers/STM32F4xx_HAL_Driver/Src/stm32f4xx_hal_pcd.o
                0x0800323c                HAL_PCD_EP_ClrStall
 .text.HAL_PCD_EP_Abort
                0x080032e8       0x62 ./Drivers/STM32F4xx_HAL_Driver/Src/stm32f4xx_hal_pcd.o
                0x080032e8                HAL_PCD_EP_Abort
 .text.PCD_WriteEmptyTxFifo
                0x0800334a      0x118 ./Drivers/STM32F4xx_HAL_Driver/Src/stm32f4xx_hal_pcd.o
 *fill*         0x08003462        0x2 
 .text.PCD_EP_OutXfrComplete_int
                0x08003464      0x1d0 ./Drivers/STM32F4xx_HAL_Driver/Src/stm32f4xx_hal_pcd.o
 .text.PCD_EP_OutSetupPacket_int
                0x08003634       0x8c ./Drivers/STM32F4xx_HAL_Driver/Src/stm32f4xx_hal_pcd.o
 .text.HAL_PCDEx_SetTxFiFo
                0x080036c0       0x8e ./Drivers/STM32F4xx_HAL_Driver/Src/stm32f4xx_hal_pcd_ex.o
                0x080036c0                HAL_PCDEx_SetTxFiFo
 .text.HAL_PCDEx_SetRxFiFo
                0x0800374e       0x22 ./Drivers/STM32F4xx_HAL_Driver/Src/stm32f4xx_hal_pcd_ex.o
                0x0800374e                HAL_PCDEx_SetRxFiFo
 .text.HAL_PCDEx_LPM_Callback
                0x08003770       0x18 ./Drivers/STM32F4xx_HAL_Driver/Src/stm32f4xx_hal_pcd_ex.o
                0x08003770                HAL_PCDEx_LPM_Callback
 .text.HAL_RCC_OscConfig
                0x08003788      0x4f0 ./Drivers/STM32F4xx_HAL_Driver/Src/stm32f4xx_hal_rcc.o
                0x08003788                HAL_RCC_OscConfig
 .text.HAL_RCC_ClockConfig
                0x08003c78      0x1cc ./Drivers/STM32F4xx_HAL_Driver/Src/stm32f4xx_hal_rcc.o
                0x08003c78                HAL_RCC_ClockConfig
 .text.HAL_RCC_GetSysClockFreq
                0x08003e44      0x20c ./Drivers/STM32F4xx_HAL_Driver/Src/stm32f4xx_hal_rcc.o
                0x08003e44                HAL_RCC_GetSysClockFreq
 .text.HAL_RCC_GetHCLKFreq
                0x08004050       0x18 ./Drivers/STM32F4xx_HAL_Driver/Src/stm32f4xx_hal_rcc.o
                0x08004050                HAL_RCC_GetHCLKFreq
 .text.HAL_RCC_GetPCLK1Freq
                0x08004068       0x28 ./Drivers/STM32F4xx_HAL_Driver/Src/stm32f4xx_hal_rcc.o
                0x08004068                HAL_RCC_GetPCLK1Freq
 .text.HAL_RCC_GetPCLK2Freq
                0x08004090       0x28 ./Drivers/STM32F4xx_HAL_Driver/Src/stm32f4xx_hal_rcc.o
                0x08004090                HAL_RCC_GetPCLK2Freq
 .text.HAL_TIM_Base_Init
                0x080040b8       0x9e ./Drivers/STM32F4xx_HAL_Driver/Src/stm32f4xx_hal_tim.o
                0x080040b8                HAL_TIM_Base_Init
 *fill*         0x08004156        0x2 
 .text.HAL_TIM_Base_Start_IT
                0x08004158       0xe0 ./Drivers/STM32F4xx_HAL_Driver/Src/stm32f4xx_hal_tim.o
                0x08004158                HAL_TIM_Base_Start_IT
 .text.HAL_TIM_Base_Stop_IT
                0x08004238       0x5e ./Drivers/STM32F4xx_HAL_Driver/Src/stm32f4xx_hal_tim.o
                0x08004238                HAL_TIM_Base_Stop_IT
 .text.HAL_TIM_IRQHandler
                0x08004296      0x1e0 ./Drivers/STM32F4xx_HAL_Driver/Src/stm32f4xx_hal_tim.o
                0x08004296                HAL_TIM_IRQHandler
 .text.HAL_TIM_ConfigClockSource
                0x08004476      0x18e ./Drivers/STM32F4xx_HAL_Driver/Src/stm32f4xx_hal_tim.o
                0x08004476                HAL_TIM_ConfigClockSource
 .text.HAL_TIM_OC_DelayElapsedCallback
                0x08004604       0x14 ./Drivers/STM32F4xx_HAL_Driver/Src/stm32f4xx_hal_tim.o
                0x08004604                HAL_TIM_OC_DelayElapsedCallback
 .text.HAL_TIM_IC_CaptureCallback
                0x08004618       0x14 ./Drivers/STM32F4xx_HAL_Driver/Src/stm32f4xx_hal_tim.o
                0x08004618                HAL_TIM_IC_CaptureCallback
 .text.HAL_TIM_PWM_PulseFinishedCallback
                0x0800462c       0x14 ./Drivers/STM32F4xx_HAL_Driver/Src/stm32f4xx_hal_tim.o
                0x0800462c                HAL_TIM_PWM_PulseFinishedCallback
 .text.HAL_TIM_TriggerCallback
                0x08004640       0x14 ./Drivers/STM32F4xx_HAL_Driver/Src/stm32f4xx_hal_tim.o
                0x08004640                HAL_TIM_TriggerCallback
 .text.TIM_Base_SetConfig
                0x08004654      0x158 ./Drivers/STM32F4xx_HAL_Driver/Src/stm32f4xx_hal_tim.o
                0x08004654                TIM_Base_SetConfig
 .text.TIM_TI1_ConfigInputStage
                0x080047ac       0x5e ./Drivers/STM32F4xx_HAL_Driver/Src/stm32f4xx_hal_tim.o
 .text.TIM_TI2_ConfigInputStage
                0x0800480a       0x60 ./Drivers/STM32F4xx_HAL_Driver/Src/stm32f4xx_hal_tim.o
 .text.TIM_ITRx_SetConfig
                0x0800486a       0x36 ./Drivers/STM32F4xx_HAL_Driver/Src/stm32f4xx_hal_tim.o
 .text.TIM_ETR_SetConfig
                0x080048a0       0x40 ./Drivers/STM32F4xx_HAL_Driver/Src/stm32f4xx_hal_tim.o
                0x080048a0                TIM_ETR_SetConfig
 .text.HAL_TIMEx_MasterConfigSynchronization
                0x080048e0       0xf8 ./Drivers/STM32F4xx_HAL_Driver/Src/stm32f4xx_hal_tim_ex.o
                0x080048e0                HAL_TIMEx_MasterConfigSynchronization
 .text.HAL_TIMEx_CommutCallback
                0x080049d8       0x14 ./Drivers/STM32F4xx_HAL_Driver/Src/stm32f4xx_hal_tim_ex.o
                0x080049d8                HAL_TIMEx_CommutCallback
 .text.HAL_TIMEx_BreakCallback
                0x080049ec       0x14 ./Drivers/STM32F4xx_HAL_Driver/Src/stm32f4xx_hal_tim_ex.o
                0x080049ec                HAL_TIMEx_BreakCallback
 .text.HAL_UART_Init
                0x08004a00       0xa0 ./Drivers/STM32F4xx_HAL_Driver/Src/stm32f4xx_hal_uart.o
                0x08004a00                HAL_UART_Init
 .text.HAL_UARTEx_ReceiveToIdle_DMA
                0x08004aa0       0xba ./Drivers/STM32F4xx_HAL_Driver/Src/stm32f4xx_hal_uart.o
                0x08004aa0                HAL_UARTEx_ReceiveToIdle_DMA
 *fill*         0x08004b5a        0x2 
 .text.HAL_UART_IRQHandler
                0x08004b5c      0x524 ./Drivers/STM32F4xx_HAL_Driver/Src/stm32f4xx_hal_uart.o
                0x08004b5c                HAL_UART_IRQHandler
 .text.HAL_UART_TxCpltCallback
                0x08005080       0x14 ./Drivers/STM32F4xx_HAL_Driver/Src/stm32f4xx_hal_uart.o
                0x08005080                HAL_UART_TxCpltCallback
 .text.HAL_UART_RxCpltCallback
                0x08005094       0x14 ./Drivers/STM32F4xx_HAL_Driver/Src/stm32f4xx_hal_uart.o
                0x08005094                HAL_UART_RxCpltCallback
 .text.HAL_UART_RxHalfCpltCallback
                0x080050a8       0x14 ./Drivers/STM32F4xx_HAL_Driver/Src/stm32f4xx_hal_uart.o
                0x080050a8                HAL_UART_RxHalfCpltCallback
 .text.HAL_UART_ErrorCallback
                0x080050bc       0x14 ./Drivers/STM32F4xx_HAL_Driver/Src/stm32f4xx_hal_uart.o
                0x080050bc                HAL_UART_ErrorCallback
 .text.UART_DMAReceiveCplt
                0x080050d0      0x12c ./Drivers/STM32F4xx_HAL_Driver/Src/stm32f4xx_hal_uart.o
 .text.UART_DMARxHalfCplt
                0x080051fc       0x3c ./Drivers/STM32F4xx_HAL_Driver/Src/stm32f4xx_hal_uart.o
 .text.UART_DMAError
                0x08005238       0x94 ./Drivers/STM32F4xx_HAL_Driver/Src/stm32f4xx_hal_uart.o
 .text.UART_Start_Receive_DMA
                0x080052cc      0x134 ./Drivers/STM32F4xx_HAL_Driver/Src/stm32f4xx_hal_uart.o
                0x080052cc                UART_Start_Receive_DMA
 .text.UART_EndTxTransfer
                0x08005400       0x50 ./Drivers/STM32F4xx_HAL_Driver/Src/stm32f4xx_hal_uart.o
 .text.UART_EndRxTransfer
                0x08005450       0xc6 ./Drivers/STM32F4xx_HAL_Driver/Src/stm32f4xx_hal_uart.o
 .text.UART_DMAAbortOnError
                0x08005516       0x28 ./Drivers/STM32F4xx_HAL_Driver/Src/stm32f4xx_hal_uart.o
 .text.UART_Transmit_IT
                0x0800553e       0xa0 ./Drivers/STM32F4xx_HAL_Driver/Src/stm32f4xx_hal_uart.o
 .text.UART_EndTransmit_IT
                0x080055de       0x30 ./Drivers/STM32F4xx_HAL_Driver/Src/stm32f4xx_hal_uart.o
 .text.UART_Receive_IT
                0x0800560e      0x17c ./Drivers/STM32F4xx_HAL_Driver/Src/stm32f4xx_hal_uart.o
 *fill*         0x0800578a        0x2 
 .text.UART_SetConfig
                0x0800578c      0x4e8 ./Drivers/STM32F4xx_HAL_Driver/Src/stm32f4xx_hal_uart.o
 .text.USB_CoreInit
                0x08005c74       0xc8 ./Drivers/STM32F4xx_HAL_Driver/Src/stm32f4xx_ll_usb.o
                0x08005c74                USB_CoreInit
 .text.USB_SetTurnaroundTime
                0x08005d3c      0x144 ./Drivers/STM32F4xx_HAL_Driver/Src/stm32f4xx_ll_usb.o
                0x08005d3c                USB_SetTurnaroundTime
 .text.USB_EnableGlobalInt
                0x08005e80       0x22 ./Drivers/STM32F4xx_HAL_Driver/Src/stm32f4xx_ll_usb.o
                0x08005e80                USB_EnableGlobalInt
 .text.USB_DisableGlobalInt
                0x08005ea2       0x22 ./Drivers/STM32F4xx_HAL_Driver/Src/stm32f4xx_ll_usb.o
                0x08005ea2                USB_DisableGlobalInt
 .text.USB_SetCurrentMode
                0x08005ec4       0x98 ./Drivers/STM32F4xx_HAL_Driver/Src/stm32f4xx_ll_usb.o
                0x08005ec4                USB_SetCurrentMode
 .text.USB_DevInit
                0x08005f5c      0x2c8 ./Drivers/STM32F4xx_HAL_Driver/Src/stm32f4xx_ll_usb.o
                0x08005f5c                USB_DevInit
 .text.USB_FlushTxFifo
                0x08006224       0x64 ./Drivers/STM32F4xx_HAL_Driver/Src/stm32f4xx_ll_usb.o
                0x08006224                USB_FlushTxFifo
 .text.USB_FlushRxFifo
                0x08006288       0x5c ./Drivers/STM32F4xx_HAL_Driver/Src/stm32f4xx_ll_usb.o
                0x08006288                USB_FlushRxFifo
 .text.USB_SetDevSpeed
                0x080062e4       0x32 ./Drivers/STM32F4xx_HAL_Driver/Src/stm32f4xx_ll_usb.o
                0x080062e4                USB_SetDevSpeed
 .text.USB_GetDevSpeed
                0x08006316       0x4a ./Drivers/STM32F4xx_HAL_Driver/Src/stm32f4xx_ll_usb.o
                0x08006316                USB_GetDevSpeed
 .text.USB_ActivateEndpoint
                0x08006360      0x10e ./Drivers/STM32F4xx_HAL_Driver/Src/stm32f4xx_ll_usb.o
                0x08006360                USB_ActivateEndpoint
 *fill*         0x0800646e        0x2 
 .text.USB_DeactivateEndpoint
                0x08006470      0x1b8 ./Drivers/STM32F4xx_HAL_Driver/Src/stm32f4xx_ll_usb.o
                0x08006470                USB_DeactivateEndpoint
 .text.USB_EPStartXfer
                0x08006628      0x53c ./Drivers/STM32F4xx_HAL_Driver/Src/stm32f4xx_ll_usb.o
                0x08006628                USB_EPStartXfer
 .text.USB_EPStopXfer
                0x08006b64      0x154 ./Drivers/STM32F4xx_HAL_Driver/Src/stm32f4xx_ll_usb.o
                0x08006b64                USB_EPStopXfer
 .text.USB_WritePacket
                0x08006cb8       0x7c ./Drivers/STM32F4xx_HAL_Driver/Src/stm32f4xx_ll_usb.o
                0x08006cb8                USB_WritePacket
 .text.USB_ReadPacket
                0x08006d34       0xb0 ./Drivers/STM32F4xx_HAL_Driver/Src/stm32f4xx_ll_usb.o
                0x08006d34                USB_ReadPacket
 .text.USB_EPSetStall
                0x08006de4       0xdc ./Drivers/STM32F4xx_HAL_Driver/Src/stm32f4xx_ll_usb.o
                0x08006de4                USB_EPSetStall
 .text.USB_EPClearStall
                0x08006ec0       0xcc ./Drivers/STM32F4xx_HAL_Driver/Src/stm32f4xx_ll_usb.o
                0x08006ec0                USB_EPClearStall
 .text.USB_SetDevAddress
                0x08006f8c       0x4c ./Drivers/STM32F4xx_HAL_Driver/Src/stm32f4xx_ll_usb.o
                0x08006f8c                USB_SetDevAddress
 .text.USB_DevConnect
                0x08006fd8       0x42 ./Drivers/STM32F4xx_HAL_Driver/Src/stm32f4xx_ll_usb.o
                0x08006fd8                USB_DevConnect
 .text.USB_DevDisconnect
                0x0800701a       0x42 ./Drivers/STM32F4xx_HAL_Driver/Src/stm32f4xx_ll_usb.o
                0x0800701a                USB_DevDisconnect
 .text.USB_ReadInterrupts
                0x0800705c       0x26 ./Drivers/STM32F4xx_HAL_Driver/Src/stm32f4xx_ll_usb.o
                0x0800705c                USB_ReadInterrupts
 .text.USB_ReadDevAllOutEpInterrupt
                0x08007082       0x34 ./Drivers/STM32F4xx_HAL_Driver/Src/stm32f4xx_ll_usb.o
                0x08007082                USB_ReadDevAllOutEpInterrupt
 .text.USB_ReadDevAllInEpInterrupt
                0x080070b6       0x34 ./Drivers/STM32F4xx_HAL_Driver/Src/stm32f4xx_ll_usb.o
                0x080070b6                USB_ReadDevAllInEpInterrupt
 .text.USB_ReadDevOutEPInterrupt
                0x080070ea       0x3c ./Drivers/STM32F4xx_HAL_Driver/Src/stm32f4xx_ll_usb.o
                0x080070ea                USB_ReadDevOutEPInterrupt
 .text.USB_ReadDevInEPInterrupt
                0x08007126       0x5c ./Drivers/STM32F4xx_HAL_Driver/Src/stm32f4xx_ll_usb.o
                0x08007126                USB_ReadDevInEPInterrupt
 .text.USB_GetMode
                0x08007182       0x1c ./Drivers/STM32F4xx_HAL_Driver/Src/stm32f4xx_ll_usb.o
                0x08007182                USB_GetMode
 .text.USB_ActivateSetup
                0x0800719e       0x46 ./Drivers/STM32F4xx_HAL_Driver/Src/stm32f4xx_ll_usb.o
                0x0800719e                USB_ActivateSetup
 .text.USB_EP0_OutStart
                0x080071e4       0xbc ./Drivers/STM32F4xx_HAL_Driver/Src/stm32f4xx_ll_usb.o
                0x080071e4                USB_EP0_OutStart
 .text.USB_CoreReset
                0x080072a0       0x62 ./Drivers/STM32F4xx_HAL_Driver/Src/stm32f4xx_ll_usb.o
 *fill*         0x08007302        0x2 
 .text.USBD_CDC_Init
                0x08007304      0x1f0 ./Middlewares/ST/STM32_USB_Device_Library/Class/CDC/Src/usbd_cdc.o
 .text.USBD_CDC_DeInit
                0x080074f4      0x104 ./Middlewares/ST/STM32_USB_Device_Library/Class/CDC/Src/usbd_cdc.o
 .text.USBD_CDC_Setup
                0x080075f8      0x1b8 ./Middlewares/ST/STM32_USB_Device_Library/Class/CDC/Src/usbd_cdc.o
 .text.USBD_CDC_DataIn
                0x080077b0       0xfe ./Middlewares/ST/STM32_USB_Device_Library/Class/CDC/Src/usbd_cdc.o
 .text.USBD_CDC_DataOut
                0x080078ae       0x70 ./Middlewares/ST/STM32_USB_Device_Library/Class/CDC/Src/usbd_cdc.o
 .text.USBD_CDC_EP0_RxReady
                0x0800791e       0x74 ./Middlewares/ST/STM32_USB_Device_Library/Class/CDC/Src/usbd_cdc.o
 *fill*         0x08007992        0x2 
 .text.USBD_CDC_GetFSCfgDesc
                0x08007994       0x70 ./Middlewares/ST/STM32_USB_Device_Library/Class/CDC/Src/usbd_cdc.o
 .text.USBD_CDC_GetHSCfgDesc
                0x08007a04       0x70 ./Middlewares/ST/STM32_USB_Device_Library/Class/CDC/Src/usbd_cdc.o
 .text.USBD_CDC_GetOtherSpeedCfgDesc
                0x08007a74       0x70 ./Middlewares/ST/STM32_USB_Device_Library/Class/CDC/Src/usbd_cdc.o
 .text.USBD_CDC_GetDeviceQualifierDescriptor
                0x08007ae4       0x20 ./Middlewares/ST/STM32_USB_Device_Library/Class/CDC/Src/usbd_cdc.o
                0x08007ae4                USBD_CDC_GetDeviceQualifierDescriptor
 .text.USBD_CDC_RegisterInterface
                0x08007b04       0x34 ./Middlewares/ST/STM32_USB_Device_Library/Class/CDC/Src/usbd_cdc.o
                0x08007b04                USBD_CDC_RegisterInterface
 .text.USBD_CDC_SetTxBuffer
                0x08007b38       0x44 ./Middlewares/ST/STM32_USB_Device_Library/Class/CDC/Src/usbd_cdc.o
                0x08007b38                USBD_CDC_SetTxBuffer
 .text.USBD_CDC_SetRxBuffer
                0x08007b7c       0x3a ./Middlewares/ST/STM32_USB_Device_Library/Class/CDC/Src/usbd_cdc.o
                0x08007b7c                USBD_CDC_SetRxBuffer
 *fill*         0x08007bb6        0x2 
 .text.USBD_CDC_ReceivePacket
                0x08007bb8       0x6c ./Middlewares/ST/STM32_USB_Device_Library/Class/CDC/Src/usbd_cdc.o
                0x08007bb8                USBD_CDC_ReceivePacket
 .text.USBD_Init
                0x08007c24       0x60 ./Middlewares/ST/STM32_USB_Device_Library/Core/Src/usbd_core.o
                0x08007c24                USBD_Init
 .text.USBD_RegisterClass
                0x08007c84       0x6c ./Middlewares/ST/STM32_USB_Device_Library/Core/Src/usbd_core.o
                0x08007c84                USBD_RegisterClass
 .text.USBD_Start
                0x08007cf0       0x18 ./Middlewares/ST/STM32_USB_Device_Library/Core/Src/usbd_core.o
                0x08007cf0                USBD_Start
 .text.USBD_RunTestMode
                0x08007d08       0x16 ./Middlewares/ST/STM32_USB_Device_Library/Core/Src/usbd_core.o
                0x08007d08                USBD_RunTestMode
 .text.USBD_SetClassConfig
                0x08007d1e       0x38 ./Middlewares/ST/STM32_USB_Device_Library/Core/Src/usbd_core.o
                0x08007d1e                USBD_SetClassConfig
 .text.USBD_ClrClassConfig
                0x08007d56       0x34 ./Middlewares/ST/STM32_USB_Device_Library/Core/Src/usbd_core.o
                0x08007d56                USBD_ClrClassConfig
 .text.USBD_LL_SetupStage
                0x08007d8a       0xaa ./Middlewares/ST/STM32_USB_Device_Library/Core/Src/usbd_core.o
                0x08007d8a                USBD_LL_SetupStage
 .text.USBD_LL_DataOutStage
                0x08007e34      0x166 ./Middlewares/ST/STM32_USB_Device_Library/Core/Src/usbd_core.o
                0x08007e34                USBD_LL_DataOutStage
 .text.USBD_LL_DataInStage
                0x08007f9a      0x164 ./Middlewares/ST/STM32_USB_Device_Library/Core/Src/usbd_core.o
                0x08007f9a                USBD_LL_DataInStage
 .text.USBD_LL_Reset
                0x080080fe       0xa4 ./Middlewares/ST/STM32_USB_Device_Library/Core/Src/usbd_core.o
                0x080080fe                USBD_LL_Reset
 .text.USBD_LL_SetSpeed
                0x080081a2       0x20 ./Middlewares/ST/STM32_USB_Device_Library/Core/Src/usbd_core.o
                0x080081a2                USBD_LL_SetSpeed
 .text.USBD_LL_Suspend
                0x080081c2       0x38 ./Middlewares/ST/STM32_USB_Device_Library/Core/Src/usbd_core.o
                0x080081c2                USBD_LL_Suspend
 .text.USBD_LL_Resume
                0x080081fa       0x30 ./Middlewares/ST/STM32_USB_Device_Library/Core/Src/usbd_core.o
                0x080081fa                USBD_LL_Resume
 .text.USBD_LL_SOF
                0x0800822a       0x40 ./Middlewares/ST/STM32_USB_Device_Library/Core/Src/usbd_core.o
                0x0800822a                USBD_LL_SOF
 .text.USBD_LL_IsoINIncomplete
                0x0800826a       0x64 ./Middlewares/ST/STM32_USB_Device_Library/Core/Src/usbd_core.o
                0x0800826a                USBD_LL_IsoINIncomplete
 .text.USBD_LL_IsoOUTIncomplete
                0x080082ce       0x64 ./Middlewares/ST/STM32_USB_Device_Library/Core/Src/usbd_core.o
                0x080082ce                USBD_LL_IsoOUTIncomplete
 .text.USBD_LL_DevConnected
                0x08008332       0x16 ./Middlewares/ST/STM32_USB_Device_Library/Core/Src/usbd_core.o
                0x08008332                USBD_LL_DevConnected
 .text.USBD_LL_DevDisconnected
                0x08008348       0x46 ./Middlewares/ST/STM32_USB_Device_Library/Core/Src/usbd_core.o
                0x08008348                USBD_LL_DevDisconnected
 .text.USBD_CoreFindIF
                0x0800838e       0x1a ./Middlewares/ST/STM32_USB_Device_Library/Core/Src/usbd_core.o
                0x0800838e                USBD_CoreFindIF
 .text.USBD_CoreFindEP
                0x080083a8       0x1a ./Middlewares/ST/STM32_USB_Device_Library/Core/Src/usbd_core.o
                0x080083a8                USBD_CoreFindEP
 .text.USBD_GetEpDesc
                0x080083c2       0x70 ./Middlewares/ST/STM32_USB_Device_Library/Core/Src/usbd_core.o
                0x080083c2                USBD_GetEpDesc
 .text.USBD_GetNextDesc
                0x08008432       0x38 ./Middlewares/ST/STM32_USB_Device_Library/Core/Src/usbd_core.o
                0x08008432                USBD_GetNextDesc
 .text.SWAPBYTE
                0x0800846a       0x3e ./Middlewares/ST/STM32_USB_Device_Library/Core/Src/usbd_ctlreq.o
 .text.USBD_StdDevReq
                0x080084a8       0xe4 ./Middlewares/ST/STM32_USB_Device_Library/Core/Src/usbd_ctlreq.o
                0x080084a8                USBD_StdDevReq
 .text.USBD_StdItfReq
                0x0800858c       0xd8 ./Middlewares/ST/STM32_USB_Device_Library/Core/Src/usbd_ctlreq.o
                0x0800858c                USBD_StdItfReq
 .text.USBD_StdEPReq
                0x08008664      0x33a ./Middlewares/ST/STM32_USB_Device_Library/Core/Src/usbd_ctlreq.o
                0x08008664                USBD_StdEPReq
 *fill*         0x0800899e        0x2 
 .text.USBD_GetDescriptor
                0x080089a0      0x2d4 ./Middlewares/ST/STM32_USB_Device_Library/Core/Src/usbd_ctlreq.o
 .text.USBD_SetAddress
                0x08008c74       0x88 ./Middlewares/ST/STM32_USB_Device_Library/Core/Src/usbd_ctlreq.o
 .text.USBD_SetConfig
                0x08008cfc      0x154 ./Middlewares/ST/STM32_USB_Device_Library/Core/Src/usbd_ctlreq.o
 .text.USBD_GetConfig
                0x08008e50       0x6c ./Middlewares/ST/STM32_USB_Device_Library/Core/Src/usbd_ctlreq.o
 .text.USBD_GetStatus
                0x08008ebc       0x68 ./Middlewares/ST/STM32_USB_Device_Library/Core/Src/usbd_ctlreq.o
 .text.USBD_SetFeature
                0x08008f24       0x52 ./Middlewares/ST/STM32_USB_Device_Library/Core/Src/usbd_ctlreq.o
 .text.USBD_ClrFeature
                0x08008f76       0x44 ./Middlewares/ST/STM32_USB_Device_Library/Core/Src/usbd_ctlreq.o
 .text.USBD_ParseSetupRequest
                0x08008fba       0x74 ./Middlewares/ST/STM32_USB_Device_Library/Core/Src/usbd_ctlreq.o
                0x08008fba                USBD_ParseSetupRequest
 .text.USBD_CtlError
                0x0800902e       0x22 ./Middlewares/ST/STM32_USB_Device_Library/Core/Src/usbd_ctlreq.o
                0x0800902e                USBD_CtlError
 .text.USBD_GetString
                0x08009050       0xa4 ./Middlewares/ST/STM32_USB_Device_Library/Core/Src/usbd_ctlreq.o
                0x08009050                USBD_GetString
 .text.USBD_GetLen
                0x080090f4       0x34 ./Middlewares/ST/STM32_USB_Device_Library/Core/Src/usbd_ctlreq.o
 .text.USBD_CtlSendData
                0x08009128       0x36 ./Middlewares/ST/STM32_USB_Device_Library/Core/Src/usbd_ioreq.o
                0x08009128                USBD_CtlSendData
 .text.USBD_CtlContinueSendData
                0x0800915e       0x22 ./Middlewares/ST/STM32_USB_Device_Library/Core/Src/usbd_ioreq.o
                0x0800915e                USBD_CtlContinueSendData
 .text.USBD_CtlPrepareRx
                0x08009180       0x3a ./Middlewares/ST/STM32_USB_Device_Library/Core/Src/usbd_ioreq.o
                0x08009180                USBD_CtlPrepareRx
 .text.USBD_CtlContinueRx
                0x080091ba       0x22 ./Middlewares/ST/STM32_USB_Device_Library/Core/Src/usbd_ioreq.o
                0x080091ba                USBD_CtlContinueRx
 .text.USBD_CtlSendStatus
                0x080091dc       0x26 ./Middlewares/ST/STM32_USB_Device_Library/Core/Src/usbd_ioreq.o
                0x080091dc                USBD_CtlSendStatus
 .text.USBD_CtlReceiveStatus
                0x08009202       0x26 ./Middlewares/ST/STM32_USB_Device_Library/Core/Src/usbd_ioreq.o
                0x08009202                USBD_CtlReceiveStatus
 .text.MX_USB_DEVICE_Init
                0x08009228       0x60 ./USB_DEVICE/App/usb_device.o
                0x08009228                MX_USB_DEVICE_Init
 .text.CDC_Init_FS
                0x08009288       0x28 ./USB_DEVICE/App/usbd_cdc_if.o
 .text.CDC_DeInit_FS
                0x080092b0       0x10 ./USB_DEVICE/App/usbd_cdc_if.o
 .text.CDC_Control_FS
                0x080092c0       0xbc ./USB_DEVICE/App/usbd_cdc_if.o
 .text.CDC_Receive_FS
                0x0800937c       0x54 ./USB_DEVICE/App/usbd_cdc_if.o
 .text.CDC_TransmitCplt_FS
                0x080093d0       0x22 ./USB_DEVICE/App/usbd_cdc_if.o
 *fill*         0x080093f2        0x2 
 .text.USBD_FS_DeviceDescriptor
                0x080093f4       0x24 ./USB_DEVICE/App/usbd_desc.o
                0x080093f4                USBD_FS_DeviceDescriptor
 .text.USBD_FS_LangIDStrDescriptor
                0x08009418       0x24 ./USB_DEVICE/App/usbd_desc.o
                0x08009418                USBD_FS_LangIDStrDescriptor
 .text.USBD_FS_ProductStrDescriptor
                0x0800943c       0x3c ./USB_DEVICE/App/usbd_desc.o
                0x0800943c                USBD_FS_ProductStrDescriptor
 .text.USBD_FS_ManufacturerStrDescriptor
                0x08009478       0x28 ./USB_DEVICE/App/usbd_desc.o
                0x08009478                USBD_FS_ManufacturerStrDescriptor
 .text.USBD_FS_SerialStrDescriptor
                0x080094a0       0x24 ./USB_DEVICE/App/usbd_desc.o
                0x080094a0                USBD_FS_SerialStrDescriptor
 .text.USBD_FS_ConfigStrDescriptor
                0x080094c4       0x3c ./USB_DEVICE/App/usbd_desc.o
                0x080094c4                USBD_FS_ConfigStrDescriptor
 .text.USBD_FS_InterfaceStrDescriptor
                0x08009500       0x3c ./USB_DEVICE/App/usbd_desc.o
                0x08009500                USBD_FS_InterfaceStrDescriptor
 .text.Get_SerialNum
                0x0800953c       0x58 ./USB_DEVICE/App/usbd_desc.o
 .text.IntToUnicode
                0x08009594       0x7e ./USB_DEVICE/App/usbd_desc.o
 *fill*         0x08009612        0x2 
 .text.HAL_PCD_MspInit
                0x08009614       0xa8 ./USB_DEVICE/Target/usbd_conf.o
                0x08009614                HAL_PCD_MspInit
 .text.HAL_PCD_SetupStageCallback
                0x080096bc       0x24 ./USB_DEVICE/Target/usbd_conf.o
                0x080096bc                HAL_PCD_SetupStageCallback
 .text.HAL_PCD_DataOutStageCallback
                0x080096e0       0x36 ./USB_DEVICE/Target/usbd_conf.o
                0x080096e0                HAL_PCD_DataOutStageCallback
 .text.HAL_PCD_DataInStageCallback
                0x08009716       0x34 ./USB_DEVICE/Target/usbd_conf.o
                0x08009716                HAL_PCD_DataInStageCallback
 .text.HAL_PCD_SOFCallback
                0x0800974a       0x1c ./USB_DEVICE/Target/usbd_conf.o
                0x0800974a                HAL_PCD_SOFCallback
 .text.HAL_PCD_ResetCallback
                0x08009766       0x50 ./USB_DEVICE/Target/usbd_conf.o
                0x08009766                HAL_PCD_ResetCallback
 *fill*         0x080097b6        0x2 
 .text.HAL_PCD_SuspendCallback
                0x080097b8       0x4c ./USB_DEVICE/Target/usbd_conf.o
                0x080097b8                HAL_PCD_SuspendCallback
 .text.HAL_PCD_ResumeCallback
                0x08009804       0x1c ./USB_DEVICE/Target/usbd_conf.o
                0x08009804                HAL_PCD_ResumeCallback
 .text.HAL_PCD_ISOOUTIncompleteCallback
                0x08009820       0x24 ./USB_DEVICE/Target/usbd_conf.o
                0x08009820                HAL_PCD_ISOOUTIncompleteCallback
 .text.HAL_PCD_ISOINIncompleteCallback
                0x08009844       0x24 ./USB_DEVICE/Target/usbd_conf.o
                0x08009844                HAL_PCD_ISOINIncompleteCallback
 .text.HAL_PCD_ConnectCallback
                0x08009868       0x1c ./USB_DEVICE/Target/usbd_conf.o
                0x08009868                HAL_PCD_ConnectCallback
 .text.HAL_PCD_DisconnectCallback
                0x08009884       0x1c ./USB_DEVICE/Target/usbd_conf.o
                0x08009884                HAL_PCD_DisconnectCallback
 .text.USBD_LL_Init
                0x080098a0       0x98 ./USB_DEVICE/Target/usbd_conf.o
                0x080098a0                USBD_LL_Init
 .text.USBD_LL_Start
                0x08009938       0x36 ./USB_DEVICE/Target/usbd_conf.o
                0x08009938                USBD_LL_Start
 .text.USBD_LL_OpenEP
                0x0800996e       0x4c ./USB_DEVICE/Target/usbd_conf.o
                0x0800996e                USBD_LL_OpenEP
 .text.USBD_LL_CloseEP
                0x080099ba       0x3e ./USB_DEVICE/Target/usbd_conf.o
                0x080099ba                USBD_LL_CloseEP
 .text.USBD_LL_StallEP
                0x080099f8       0x3e ./USB_DEVICE/Target/usbd_conf.o
                0x080099f8                USBD_LL_StallEP
 .text.USBD_LL_ClearStallEP
                0x08009a36       0x3e ./USB_DEVICE/Target/usbd_conf.o
                0x08009a36                USBD_LL_ClearStallEP
 .text.USBD_LL_IsStallEP
                0x08009a74       0x58 ./USB_DEVICE/Target/usbd_conf.o
                0x08009a74                USBD_LL_IsStallEP
 .text.USBD_LL_SetUSBAddress
                0x08009acc       0x3e ./USB_DEVICE/Target/usbd_conf.o
                0x08009acc                USBD_LL_SetUSBAddress
 .text.USBD_LL_Transmit
                0x08009b0a       0x42 ./USB_DEVICE/Target/usbd_conf.o
                0x08009b0a                USBD_LL_Transmit
 .text.USBD_LL_PrepareReceive
                0x08009b4c       0x42 ./USB_DEVICE/Target/usbd_conf.o
                0x08009b4c                USBD_LL_PrepareReceive
 .text.USBD_LL_GetRxDataSize
                0x08009b8e       0x26 ./USB_DEVICE/Target/usbd_conf.o
                0x08009b8e                USBD_LL_GetRxDataSize
 .text.USBD_static_malloc
                0x08009bb4       0x1c ./USB_DEVICE/Target/usbd_conf.o
                0x08009bb4                USBD_static_malloc
 .text.USBD_static_free
                0x08009bd0       0x14 ./USB_DEVICE/Target/usbd_conf.o
                0x08009bd0                USBD_static_free
 .text.USBD_Get_USB_Status
                0x08009be4       0x58 ./USB_DEVICE/Target/usbd_conf.o
                0x08009be4                USBD_Get_USB_Status
 .text.memset   0x08009c3c       0x10 D:/Mechatronics/STM32CubeIDE/STM32CubeIDE_1.18.0/STM32CubeIDE/plugins/com.st.stm32cube.ide.mcu.externaltools.gnu-tools-for-stm32.13.3.rel1.win32_1.0.0.202411081344/tools/bin/../lib/gcc/arm-none-eabi/13.3.1/../../../../arm-none-eabi/lib/thumb/v7e-m+fp/hard\libc_nano.a(libc_a-memset.o)
                0x08009c3c                memset
 .text.__libc_init_array
                0x08009c4c       0x48 D:/Mechatronics/STM32CubeIDE/STM32CubeIDE_1.18.0/STM32CubeIDE/plugins/com.st.stm32cube.ide.mcu.externaltools.gnu-tools-for-stm32.13.3.rel1.win32_1.0.0.202411081344/tools/bin/../lib/gcc/arm-none-eabi/13.3.1/../../../../arm-none-eabi/lib/thumb/v7e-m+fp/hard\libc_nano.a(libc_a-init.o)
                0x08009c4c                __libc_init_array
 .text.memcpy   0x08009c94       0x1c D:/Mechatronics/STM32CubeIDE/STM32CubeIDE_1.18.0/STM32CubeIDE/plugins/com.st.stm32cube.ide.mcu.externaltools.gnu-tools-for-stm32.13.3.rel1.win32_1.0.0.202411081344/tools/bin/../lib/gcc/arm-none-eabi/13.3.1/../../../../arm-none-eabi/lib/thumb/v7e-m+fp/hard\libc_nano.a(libc_a-memcpy-stub.o)
                0x08009c94                memcpy
 *(.glue_7)
 .glue_7        0x08009cb0        0x0 linker stubs
 *(.glue_7t)
 .glue_7t       0x08009cb0        0x0 linker stubs
 *(.eh_frame)
 .eh_frame      0x08009cb0        0x0 D:/Mechatronics/STM32CubeIDE/STM32CubeIDE_1.18.0/STM32CubeIDE/plugins/com.st.stm32cube.ide.mcu.externaltools.gnu-tools-for-stm32.13.3.rel1.win32_1.0.0.202411081344/tools/bin/../lib/gcc/arm-none-eabi/13.3.1/thumb/v7e-m+fp/hard/crtbegin.o
 *(.init)
 .init          0x08009cb0        0x4 D:/Mechatronics/STM32CubeIDE/STM32CubeIDE_1.18.0/STM32CubeIDE/plugins/com.st.stm32cube.ide.mcu.externaltools.gnu-tools-for-stm32.13.3.rel1.win32_1.0.0.202411081344/tools/bin/../lib/gcc/arm-none-eabi/13.3.1/thumb/v7e-m+fp/hard/crti.o
                0x08009cb0                _init
 .init          0x08009cb4        0x8 D:/Mechatronics/STM32CubeIDE/STM32CubeIDE_1.18.0/STM32CubeIDE/plugins/com.st.stm32cube.ide.mcu.externaltools.gnu-tools-for-stm32.13.3.rel1.win32_1.0.0.202411081344/tools/bin/../lib/gcc/arm-none-eabi/13.3.1/thumb/v7e-m+fp/hard/crtn.o
 *(.fini)
 .fini          0x08009cbc        0x4 D:/Mechatronics/STM32CubeIDE/STM32CubeIDE_1.18.0/STM32CubeIDE/plugins/com.st.stm32cube.ide.mcu.externaltools.gnu-tools-for-stm32.13.3.rel1.win32_1.0.0.202411081344/tools/bin/../lib/gcc/arm-none-eabi/13.3.1/thumb/v7e-m+fp/hard/crti.o
                0x08009cbc                _fini
 .fini          0x08009cc0        0x8 D:/Mechatronics/STM32CubeIDE/STM32CubeIDE_1.18.0/STM32CubeIDE/plugins/com.st.stm32cube.ide.mcu.externaltools.gnu-tools-for-stm32.13.3.rel1.win32_1.0.0.202411081344/tools/bin/../lib/gcc/arm-none-eabi/13.3.1/thumb/v7e-m+fp/hard/crtn.o
                0x08009cc8                        . = ALIGN (0x4)
                0x08009cc8                        _etext = .

.vfp11_veneer   0x08009cc8        0x0
 .vfp11_veneer  0x08009cc8        0x0 linker stubs

.v4_bx          0x08009cc8        0x0
 .v4_bx         0x08009cc8        0x0 linker stubs

.iplt           0x08009cc8        0x0
 .iplt          0x08009cc8        0x0 D:/Mechatronics/STM32CubeIDE/STM32CubeIDE_1.18.0/STM32CubeIDE/plugins/com.st.stm32cube.ide.mcu.externaltools.gnu-tools-for-stm32.13.3.rel1.win32_1.0.0.202411081344/tools/bin/../lib/gcc/arm-none-eabi/13.3.1/thumb/v7e-m+fp/hard/crtbegin.o

.rodata         0x08009cc8       0x7c
                0x08009cc8                        . = ALIGN (0x4)
 *(.rodata)
 .rodata        0x08009cc8        0x5 ./Core/Src/brainx_rs485.o
 *fill*         0x08009ccd        0x3 
 .rodata        0x08009cd0        0xb ./Core/Src/brainx_usbcdc.o
 *fill*         0x08009cdb        0x1 
 .rodata        0x08009cdc       0x46 ./USB_DEVICE/App/usbd_desc.o
 *(.rodata*)
 *fill*         0x08009d22        0x2 
 .rodata.AHBPrescTable
                0x08009d24       0x10 ./Core/Src/system_stm32f4xx.o
                0x08009d24                AHBPrescTable
 .rodata.APBPrescTable
                0x08009d34        0x8 ./Core/Src/system_stm32f4xx.o
                0x08009d34                APBPrescTable
 .rodata.flagBitshiftOffset.0
                0x08009d3c        0x8 ./Drivers/STM32F4xx_HAL_Driver/Src/stm32f4xx_hal_dma.o
                0x08009d44                        . = ALIGN (0x4)

.ARM.extab      0x08009d44        0x0
                0x08009d44                        . = ALIGN (0x4)
 *(.ARM.extab* .gnu.linkonce.armextab.*)
                0x08009d44                        . = ALIGN (0x4)

.ARM            0x08009d44        0x8
                0x08009d44                        . = ALIGN (0x4)
                0x08009d44                        __exidx_start = .
 *(.ARM.exidx*)
 .ARM.exidx     0x08009d44        0x8 D:/Mechatronics/STM32CubeIDE/STM32CubeIDE_1.18.0/STM32CubeIDE/plugins/com.st.stm32cube.ide.mcu.externaltools.gnu-tools-for-stm32.13.3.rel1.win32_1.0.0.202411081344/tools/bin/../lib/gcc/arm-none-eabi/13.3.1/thumb/v7e-m+fp/hard\libgcc.a(_udivmoddi4.o)
                0x08009d4c                        __exidx_end = .
                0x08009d4c                        . = ALIGN (0x4)

.preinit_array  0x08009d4c        0x0
                0x08009d4c                        . = ALIGN (0x4)
                0x08009d4c                        PROVIDE (__preinit_array_start = .)
 *(.preinit_array*)
                0x08009d4c                        PROVIDE (__preinit_array_end = .)
                0x08009d4c                        . = ALIGN (0x4)

.init_array     0x08009d4c        0x4
                0x08009d4c                        . = ALIGN (0x4)
                0x08009d4c                        PROVIDE (__init_array_start = .)
 *(SORT_BY_NAME(.init_array.*))
 *(.init_array*)
 .init_array    0x08009d4c        0x4 D:/Mechatronics/STM32CubeIDE/STM32CubeIDE_1.18.0/STM32CubeIDE/plugins/com.st.stm32cube.ide.mcu.externaltools.gnu-tools-for-stm32.13.3.rel1.win32_1.0.0.202411081344/tools/bin/../lib/gcc/arm-none-eabi/13.3.1/thumb/v7e-m+fp/hard/crtbegin.o
                0x08009d50                        PROVIDE (__init_array_end = .)
                0x08009d50                        . = ALIGN (0x4)

.fini_array     0x08009d50        0x4
                0x08009d50                        . = ALIGN (0x4)
                [!provide]                        PROVIDE (__fini_array_start = .)
 *(SORT_BY_NAME(.fini_array.*))
 *(.fini_array*)
 .fini_array    0x08009d50        0x4 D:/Mechatronics/STM32CubeIDE/STM32CubeIDE_1.18.0/STM32CubeIDE/plugins/com.st.stm32cube.ide.mcu.externaltools.gnu-tools-for-stm32.13.3.rel1.win32_1.0.0.202411081344/tools/bin/../lib/gcc/arm-none-eabi/13.3.1/thumb/v7e-m+fp/hard/crtbegin.o
                [!provide]                        PROVIDE (__fini_array_end = .)
                0x08009d54                        . = ALIGN (0x4)
                0x08009d54                        _sidata = LOADADDR (.data)

.rel.dyn        0x08009d54        0x0
 .rel.iplt      0x08009d54        0x0 D:/Mechatronics/STM32CubeIDE/STM32CubeIDE_1.18.0/STM32CubeIDE/plugins/com.st.stm32cube.ide.mcu.externaltools.gnu-tools-for-stm32.13.3.rel1.win32_1.0.0.202411081344/tools/bin/../lib/gcc/arm-none-eabi/13.3.1/thumb/v7e-m+fp/hard/crtbegin.o

.data           0x20000000      0x100 load address 0x08009d54
                0x20000000                        . = ALIGN (0x4)
                0x20000000                        _sdata = .
 *(.data)
 *(.data*)
 .data.brainxPowerStatus
                0x20000000        0x1 ./Core/Src/brainx_sys.o
                0x20000000                brainxPowerStatus
 *fill*         0x20000001        0x3 
 .data.SystemCoreClock
                0x20000004        0x4 ./Core/Src/system_stm32f4xx.o
                0x20000004                SystemCoreClock
 .data.uwTickPrio
                0x20000008        0x4 ./Drivers/STM32F4xx_HAL_Driver/Src/stm32f4xx_hal.o
                0x20000008                uwTickPrio
 .data.uwTickFreq
                0x2000000c        0x1 ./Drivers/STM32F4xx_HAL_Driver/Src/stm32f4xx_hal.o
                0x2000000c                uwTickFreq
 *fill*         0x2000000d        0x3 
 .data.USBD_CDC_DeviceQualifierDesc
                0x20000010        0xa ./Middlewares/ST/STM32_USB_Device_Library/Class/CDC/Src/usbd_cdc.o
 *fill*         0x2000001a        0x2 
 .data.USBD_CDC
                0x2000001c       0x38 ./Middlewares/ST/STM32_USB_Device_Library/Class/CDC/Src/usbd_cdc.o
                0x2000001c                USBD_CDC
 .data.USBD_CDC_CfgDesc
                0x20000054       0x43 ./Middlewares/ST/STM32_USB_Device_Library/Class/CDC/Src/usbd_cdc.o
 .data.CDCInEpAdd
                0x20000097        0x1 ./Middlewares/ST/STM32_USB_Device_Library/Class/CDC/Src/usbd_cdc.o
 .data.CDCOutEpAdd
                0x20000098        0x1 ./Middlewares/ST/STM32_USB_Device_Library/Class/CDC/Src/usbd_cdc.o
 .data.CDCCmdEpAdd
                0x20000099        0x1 ./Middlewares/ST/STM32_USB_Device_Library/Class/CDC/Src/usbd_cdc.o
 *fill*         0x2000009a        0x2 
 .data.USBD_Interface_fops_FS
                0x2000009c       0x14 ./USB_DEVICE/App/usbd_cdc_if.o
                0x2000009c                USBD_Interface_fops_FS
 .data.FS_Desc  0x200000b0       0x1c ./USB_DEVICE/App/usbd_desc.o
                0x200000b0                FS_Desc
 .data.USBD_FS_DeviceDesc
                0x200000cc       0x12 ./USB_DEVICE/App/usbd_desc.o
                0x200000cc                USBD_FS_DeviceDesc
 *fill*         0x200000de        0x2 
 .data.USBD_LangIDDesc
                0x200000e0        0x4 ./USB_DEVICE/App/usbd_desc.o
                0x200000e0                USBD_LangIDDesc
 .data.USBD_StringSerial
                0x200000e4       0x1a ./USB_DEVICE/App/usbd_desc.o
                0x200000e4                USBD_StringSerial
 *(.RamFunc)
 *(.RamFunc*)
                0x20000100                        . = ALIGN (0x4)
 *fill*         0x200000fe        0x2 
                0x20000100                        _edata = .
                0x08009e54                        _siccmram = LOADADDR (.ccmram)

.igot.plt       0x20000100        0x0 load address 0x08009e54
 .igot.plt      0x20000100        0x0 D:/Mechatronics/STM32CubeIDE/STM32CubeIDE_1.18.0/STM32CubeIDE/plugins/com.st.stm32cube.ide.mcu.externaltools.gnu-tools-for-stm32.13.3.rel1.win32_1.0.0.202411081344/tools/bin/../lib/gcc/arm-none-eabi/13.3.1/thumb/v7e-m+fp/hard/crtbegin.o

.ccmram         0x10000000        0x0 load address 0x08009e54
                0x10000000                        . = ALIGN (0x4)
                0x10000000                        _sccmram = .
 *(.ccmram)
 *(.ccmram*)
                0x10000000                        . = ALIGN (0x4)
                0x10000000                        _eccmram = .
                0x10000000                        . = ALIGN (0x4)

.bss            0x20000100      0xf1c
                0x20000100                        _sbss = .
                0x20000100                        __bss_start__ = _sbss
 *(.bss)
 .bss           0x20000100       0x1c D:/Mechatronics/STM32CubeIDE/STM32CubeIDE_1.18.0/STM32CubeIDE/plugins/com.st.stm32cube.ide.mcu.externaltools.gnu-tools-for-stm32.13.3.rel1.win32_1.0.0.202411081344/tools/bin/../lib/gcc/arm-none-eabi/13.3.1/thumb/v7e-m+fp/hard/crtbegin.o
 *(.bss*)
 .bss.usbcdcRxBuffer
                0x2000011c        0xa ./Core/Src/brainx_usbcdc.o
                0x2000011c                usbcdcRxBuffer
 .bss.usbcdcRxState
                0x20000126        0x1 ./Core/Src/brainx_usbcdc.o
                0x20000126                usbcdcRxState
 .bss.usbcdcRxFlag
                0x20000127        0x1 ./Core/Src/brainx_usbcdc.o
                0x20000127                usbcdcRxFlag
 .bss.usbcdcRxOkFlag
                0x20000128        0x1 ./Core/Src/brainx_usbcdc.o
                0x20000128                usbcdcRxOkFlag
 .bss.dataContent
                0x20000129        0x1 ./Core/Src/brainx_usbcdc.o
                0x20000129                dataContent
 .bss.data      0x2000012a        0x1 ./Core/Src/brainx_usbcdc.o
                0x2000012a                data
 .bss.checksum  0x2000012b        0x1 ./Core/Src/brainx_usbcdc.o
                0x2000012b                checksum
 .bss.powerManagementBoard
                0x2000012c       0x28 ./Core/Src/main.o
                0x2000012c                powerManagementBoard
 .bss.htim1     0x20000154       0x48 ./Core/Src/tim.o
                0x20000154                htim1
 .bss.huart4    0x2000019c       0x48 ./Core/Src/usart.o
                0x2000019c                huart4
 .bss.huart2    0x200001e4       0x48 ./Core/Src/usart.o
                0x200001e4                huart2
 .bss.huart3    0x2000022c       0x48 ./Core/Src/usart.o
                0x2000022c                huart3
 .bss.hdma_uart4_rx
                0x20000274       0x60 ./Core/Src/usart.o
                0x20000274                hdma_uart4_rx
 .bss.hdma_usart2_rx
                0x200002d4       0x60 ./Core/Src/usart.o
                0x200002d4                hdma_usart2_rx
 .bss.uwTick    0x20000334        0x4 ./Drivers/STM32F4xx_HAL_Driver/Src/stm32f4xx_hal.o
                0x20000334                uwTick
 .bss.cfgidx.0  0x20000338        0x1 ./Middlewares/ST/STM32_USB_Device_Library/Core/Src/usbd_ctlreq.o
 *fill*         0x20000339        0x3 
 .bss.hUsbDeviceFS
                0x2000033c      0x2dc ./USB_DEVICE/App/usb_device.o
                0x2000033c                hUsbDeviceFS
 .bss.UserRxBufferFS
                0x20000618       0x80 ./USB_DEVICE/App/usbd_cdc_if.o
                0x20000618                UserRxBufferFS
 .bss.UserTxBufferFS
                0x20000698       0x80 ./USB_DEVICE/App/usbd_cdc_if.o
                0x20000698                UserTxBufferFS
 .bss.USBD_StrDesc
                0x20000718      0x200 ./USB_DEVICE/App/usbd_desc.o
                0x20000718                USBD_StrDesc
 .bss.hpcd_USB_OTG_FS
                0x20000918      0x4e4 ./USB_DEVICE/Target/usbd_conf.o
                0x20000918                hpcd_USB_OTG_FS
 .bss.mem.0     0x20000dfc      0x220 ./USB_DEVICE/Target/usbd_conf.o
 *(COMMON)
                0x2000101c                        . = ALIGN (0x4)
                0x2000101c                        _ebss = .
                0x2000101c                        __bss_end__ = _ebss

._user_heap_stack
                0x2000101c      0x604
                0x20001020                        . = ALIGN (0x8)
 *fill*         0x2000101c        0x4 
                [!provide]                        PROVIDE (end = .)
                0x20001020                        PROVIDE (_end = .)
                0x20001220                        . = (. + _Min_Heap_Size)
 *fill*         0x20001020      0x200 
                0x20001620                        . = (. + _Min_Stack_Size)
 *fill*         0x20001220      0x400 
                0x20001620                        . = ALIGN (0x8)

/DISCARD/
 libc.a(*)
 libm.a(*)
 libgcc.a(*)

.ARM.attributes
                0x00000000       0x30
 *(.ARM.attributes)
 .ARM.attributes
                0x00000000       0x22 D:/Mechatronics/STM32CubeIDE/STM32CubeIDE_1.18.0/STM32CubeIDE/plugins/com.st.stm32cube.ide.mcu.externaltools.gnu-tools-for-stm32.13.3.rel1.win32_1.0.0.202411081344/tools/bin/../lib/gcc/arm-none-eabi/13.3.1/thumb/v7e-m+fp/hard/crti.o
 .ARM.attributes
                0x00000022       0x34 D:/Mechatronics/STM32CubeIDE/STM32CubeIDE_1.18.0/STM32CubeIDE/plugins/com.st.stm32cube.ide.mcu.externaltools.gnu-tools-for-stm32.13.3.rel1.win32_1.0.0.202411081344/tools/bin/../lib/gcc/arm-none-eabi/13.3.1/thumb/v7e-m+fp/hard/crtbegin.o
 .ARM.attributes
                0x00000056       0x34 ./Core/Src/brainx_rs485.o
 .ARM.attributes
                0x0000008a       0x34 ./Core/Src/brainx_sys.o
 .ARM.attributes
                0x000000be       0x34 ./Core/Src/brainx_usbcdc.o
 .ARM.attributes
                0x000000f2       0x34 ./Core/Src/dma.o
 .ARM.attributes
                0x00000126       0x34 ./Core/Src/gpio.o
 .ARM.attributes
                0x0000015a       0x34 ./Core/Src/main.o
 .ARM.attributes
                0x0000018e       0x34 ./Core/Src/stm32f4xx_hal_msp.o
 .ARM.attributes
                0x000001c2       0x34 ./Core/Src/stm32f4xx_it.o
 .ARM.attributes
                0x000001f6       0x34 ./Core/Src/system_stm32f4xx.o
 .ARM.attributes
                0x0000022a       0x34 ./Core/Src/tim.o
 .ARM.attributes
                0x0000025e       0x34 ./Core/Src/usart.o
 .ARM.attributes
                0x00000292       0x21 ./Core/Startup/startup_stm32f407vetx.o
 .ARM.attributes
                0x000002b3       0x34 ./Drivers/STM32F4xx_HAL_Driver/Src/stm32f4xx_hal.o
 .ARM.attributes
                0x000002e7       0x34 ./Drivers/STM32F4xx_HAL_Driver/Src/stm32f4xx_hal_cortex.o
 .ARM.attributes
                0x0000031b       0x34 ./Drivers/STM32F4xx_HAL_Driver/Src/stm32f4xx_hal_dma.o
 .ARM.attributes
                0x0000034f       0x34 ./Drivers/STM32F4xx_HAL_Driver/Src/stm32f4xx_hal_gpio.o
 .ARM.attributes
                0x00000383       0x34 ./Drivers/STM32F4xx_HAL_Driver/Src/stm32f4xx_hal_pcd.o
 .ARM.attributes
                0x000003b7       0x34 ./Drivers/STM32F4xx_HAL_Driver/Src/stm32f4xx_hal_pcd_ex.o
 .ARM.attributes
                0x000003eb       0x34 ./Drivers/STM32F4xx_HAL_Driver/Src/stm32f4xx_hal_rcc.o
 .ARM.attributes
                0x0000041f       0x34 ./Drivers/STM32F4xx_HAL_Driver/Src/stm32f4xx_hal_tim.o
 .ARM.attributes
                0x00000453       0x34 ./Drivers/STM32F4xx_HAL_Driver/Src/stm32f4xx_hal_tim_ex.o
 .ARM.attributes
                0x00000487       0x34 ./Drivers/STM32F4xx_HAL_Driver/Src/stm32f4xx_hal_uart.o
 .ARM.attributes
                0x000004bb       0x34 ./Drivers/STM32F4xx_HAL_Driver/Src/stm32f4xx_ll_usb.o
 .ARM.attributes
                0x000004ef       0x34 ./Middlewares/ST/STM32_USB_Device_Library/Class/CDC/Src/usbd_cdc.o
 .ARM.attributes
                0x00000523       0x34 ./Middlewares/ST/STM32_USB_Device_Library/Core/Src/usbd_core.o
 .ARM.attributes
                0x00000557       0x34 ./Middlewares/ST/STM32_USB_Device_Library/Core/Src/usbd_ctlreq.o
 .ARM.attributes
                0x0000058b       0x34 ./Middlewares/ST/STM32_USB_Device_Library/Core/Src/usbd_ioreq.o
 .ARM.attributes
                0x000005bf       0x34 ./USB_DEVICE/App/usb_device.o
 .ARM.attributes
                0x000005f3       0x34 ./USB_DEVICE/App/usbd_cdc_if.o
 .ARM.attributes
                0x00000627       0x34 ./USB_DEVICE/App/usbd_desc.o
 .ARM.attributes
                0x0000065b       0x34 ./USB_DEVICE/Target/usbd_conf.o
 .ARM.attributes
                0x0000068f       0x34 D:/Mechatronics/STM32CubeIDE/STM32CubeIDE_1.18.0/STM32CubeIDE/plugins/com.st.stm32cube.ide.mcu.externaltools.gnu-tools-for-stm32.13.3.rel1.win32_1.0.0.202411081344/tools/bin/../lib/gcc/arm-none-eabi/13.3.1/../../../../arm-none-eabi/lib/thumb/v7e-m+fp/hard\libc_nano.a(libc_a-memset.o)
 .ARM.attributes
                0x000006c3       0x34 D:/Mechatronics/STM32CubeIDE/STM32CubeIDE_1.18.0/STM32CubeIDE/plugins/com.st.stm32cube.ide.mcu.externaltools.gnu-tools-for-stm32.13.3.rel1.win32_1.0.0.202411081344/tools/bin/../lib/gcc/arm-none-eabi/13.3.1/../../../../arm-none-eabi/lib/thumb/v7e-m+fp/hard\libc_nano.a(libc_a-init.o)
 .ARM.attributes
                0x000006f7       0x34 D:/Mechatronics/STM32CubeIDE/STM32CubeIDE_1.18.0/STM32CubeIDE/plugins/com.st.stm32cube.ide.mcu.externaltools.gnu-tools-for-stm32.13.3.rel1.win32_1.0.0.202411081344/tools/bin/../lib/gcc/arm-none-eabi/13.3.1/../../../../arm-none-eabi/lib/thumb/v7e-m+fp/hard\libc_nano.a(libc_a-memcpy-stub.o)
 .ARM.attributes
                0x0000072b       0x22 D:/Mechatronics/STM32CubeIDE/STM32CubeIDE_1.18.0/STM32CubeIDE/plugins/com.st.stm32cube.ide.mcu.externaltools.gnu-tools-for-stm32.13.3.rel1.win32_1.0.0.202411081344/tools/bin/../lib/gcc/arm-none-eabi/13.3.1/thumb/v7e-m+fp/hard\libgcc.a(_aeabi_uldivmod.o)
 .ARM.attributes
                0x0000074d       0x34 D:/Mechatronics/STM32CubeIDE/STM32CubeIDE_1.18.0/STM32CubeIDE/plugins/com.st.stm32cube.ide.mcu.externaltools.gnu-tools-for-stm32.13.3.rel1.win32_1.0.0.202411081344/tools/bin/../lib/gcc/arm-none-eabi/13.3.1/thumb/v7e-m+fp/hard\libgcc.a(_udivmoddi4.o)
 .ARM.attributes
                0x00000781       0x22 D:/Mechatronics/STM32CubeIDE/STM32CubeIDE_1.18.0/STM32CubeIDE/plugins/com.st.stm32cube.ide.mcu.externaltools.gnu-tools-for-stm32.13.3.rel1.win32_1.0.0.202411081344/tools/bin/../lib/gcc/arm-none-eabi/13.3.1/thumb/v7e-m+fp/hard\libgcc.a(_dvmd_tls.o)
 .ARM.attributes
                0x000007a3       0x22 D:/Mechatronics/STM32CubeIDE/STM32CubeIDE_1.18.0/STM32CubeIDE/plugins/com.st.stm32cube.ide.mcu.externaltools.gnu-tools-for-stm32.13.3.rel1.win32_1.0.0.202411081344/tools/bin/../lib/gcc/arm-none-eabi/13.3.1/thumb/v7e-m+fp/hard/crtn.o
OUTPUT(BrainX_Testing_Firmware_V1.elf elf32-littlearm)
LOAD linker stubs
LOAD D:/Mechatronics/STM32CubeIDE/STM32CubeIDE_1.18.0/STM32CubeIDE/plugins/com.st.stm32cube.ide.mcu.externaltools.gnu-tools-for-stm32.13.3.rel1.win32_1.0.0.202411081344/tools/bin/../lib/gcc/arm-none-eabi/13.3.1/../../../../arm-none-eabi/lib/thumb/v7e-m+fp/hard\libc.a
LOAD D:/Mechatronics/STM32CubeIDE/STM32CubeIDE_1.18.0/STM32CubeIDE/plugins/com.st.stm32cube.ide.mcu.externaltools.gnu-tools-for-stm32.13.3.rel1.win32_1.0.0.202411081344/tools/bin/../lib/gcc/arm-none-eabi/13.3.1/../../../../arm-none-eabi/lib/thumb/v7e-m+fp/hard\libm.a
LOAD D:/Mechatronics/STM32CubeIDE/STM32CubeIDE_1.18.0/STM32CubeIDE/plugins/com.st.stm32cube.ide.mcu.externaltools.gnu-tools-for-stm32.13.3.rel1.win32_1.0.0.202411081344/tools/bin/../lib/gcc/arm-none-eabi/13.3.1/thumb/v7e-m+fp/hard\libgcc.a

.debug_info     0x00000000    0x18e20
 .debug_info    0x00000000      0xa5e ./Core/Src/brainx_rs485.o
 .debug_info    0x00000a5e      0x23a ./Core/Src/brainx_sys.o
 .debug_info    0x00000c98      0x29d ./Core/Src/brainx_usbcdc.o
 .debug_info    0x00000f35      0x4ad ./Core/Src/dma.o
 .debug_info    0x000013e2      0x409 ./Core/Src/gpio.o
 .debug_info    0x000017eb     0x1046 ./Core/Src/main.o
 .debug_info    0x00002831      0x269 ./Core/Src/stm32f4xx_hal_msp.o
 .debug_info    0x00002a9a      0xe94 ./Core/Src/stm32f4xx_it.o
 .debug_info    0x0000392e      0x512 ./Core/Src/system_stm32f4xx.o
 .debug_info    0x00003e40      0xc34 ./Core/Src/tim.o
 .debug_info    0x00004a74      0xc8e ./Core/Src/usart.o
 .debug_info    0x00005702       0x30 ./Core/Startup/startup_stm32f407vetx.o
 .debug_info    0x00005732      0x944 ./Drivers/STM32F4xx_HAL_Driver/Src/stm32f4xx_hal.o
 .debug_info    0x00006076      0xd8c ./Drivers/STM32F4xx_HAL_Driver/Src/stm32f4xx_hal_cortex.o
 .debug_info    0x00006e02      0x8e7 ./Drivers/STM32F4xx_HAL_Driver/Src/stm32f4xx_hal_dma.o
 .debug_info    0x000076e9      0x6c3 ./Drivers/STM32F4xx_HAL_Driver/Src/stm32f4xx_hal_gpio.o
 .debug_info    0x00007dac     0x156f ./Drivers/STM32F4xx_HAL_Driver/Src/stm32f4xx_hal_pcd.o
 .debug_info    0x0000931b      0x6ea ./Drivers/STM32F4xx_HAL_Driver/Src/stm32f4xx_hal_pcd_ex.o
 .debug_info    0x00009a05      0x8af ./Drivers/STM32F4xx_HAL_Driver/Src/stm32f4xx_hal_rcc.o
 .debug_info    0x0000a2b4     0x299d ./Drivers/STM32F4xx_HAL_Driver/Src/stm32f4xx_hal_tim.o
 .debug_info    0x0000cc51     0x14db ./Drivers/STM32F4xx_HAL_Driver/Src/stm32f4xx_hal_tim_ex.o
 .debug_info    0x0000e12c     0x2f4f ./Drivers/STM32F4xx_HAL_Driver/Src/stm32f4xx_hal_uart.o
 .debug_info    0x0001107b     0x1993 ./Drivers/STM32F4xx_HAL_Driver/Src/stm32f4xx_ll_usb.o
 .debug_info    0x00012a0e     0x12a3 ./Middlewares/ST/STM32_USB_Device_Library/Class/CDC/Src/usbd_cdc.o
 .debug_info    0x00013cb1      0xe05 ./Middlewares/ST/STM32_USB_Device_Library/Core/Src/usbd_core.o
 .debug_info    0x00014ab6      0xade ./Middlewares/ST/STM32_USB_Device_Library/Core/Src/usbd_ctlreq.o
 .debug_info    0x00015594      0x755 ./Middlewares/ST/STM32_USB_Device_Library/Core/Src/usbd_ioreq.o
 .debug_info    0x00015ce9      0x701 ./USB_DEVICE/App/usb_device.o
 .debug_info    0x000163ea      0x975 ./USB_DEVICE/App/usbd_cdc_if.o
 .debug_info    0x00016d5f      0x458 ./USB_DEVICE/App/usbd_desc.o
 .debug_info    0x000171b7     0x1c69 ./USB_DEVICE/Target/usbd_conf.o

.debug_abbrev   0x00000000     0x403d
 .debug_abbrev  0x00000000      0x241 ./Core/Src/brainx_rs485.o
 .debug_abbrev  0x00000241      0x153 ./Core/Src/brainx_sys.o
 .debug_abbrev  0x00000394      0x135 ./Core/Src/brainx_usbcdc.o
 .debug_abbrev  0x000004c9      0x10e ./Core/Src/dma.o
 .debug_abbrev  0x000005d7      0x152 ./Core/Src/gpio.o
 .debug_abbrev  0x00000729      0x29e ./Core/Src/main.o
 .debug_abbrev  0x000009c7       0xd8 ./Core/Src/stm32f4xx_hal_msp.o
 .debug_abbrev  0x00000a9f      0x20a ./Core/Src/stm32f4xx_it.o
 .debug_abbrev  0x00000ca9      0x11a ./Core/Src/system_stm32f4xx.o
 .debug_abbrev  0x00000dc3      0x20f ./Core/Src/tim.o
 .debug_abbrev  0x00000fd2      0x234 ./Core/Src/usart.o
 .debug_abbrev  0x00001206       0x24 ./Core/Startup/startup_stm32f407vetx.o
 .debug_abbrev  0x0000122a      0x214 ./Drivers/STM32F4xx_HAL_Driver/Src/stm32f4xx_hal.o
 .debug_abbrev  0x0000143e      0x31d ./Drivers/STM32F4xx_HAL_Driver/Src/stm32f4xx_hal_cortex.o
 .debug_abbrev  0x0000175b      0x264 ./Drivers/STM32F4xx_HAL_Driver/Src/stm32f4xx_hal_dma.o
 .debug_abbrev  0x000019bf      0x1d4 ./Drivers/STM32F4xx_HAL_Driver/Src/stm32f4xx_hal_gpio.o
 .debug_abbrev  0x00001b93      0x2b9 ./Drivers/STM32F4xx_HAL_Driver/Src/stm32f4xx_hal_pcd.o
 .debug_abbrev  0x00001e4c      0x1da ./Drivers/STM32F4xx_HAL_Driver/Src/stm32f4xx_hal_pcd_ex.o
 .debug_abbrev  0x00002026      0x2b7 ./Drivers/STM32F4xx_HAL_Driver/Src/stm32f4xx_hal_rcc.o
 .debug_abbrev  0x000022dd      0x278 ./Drivers/STM32F4xx_HAL_Driver/Src/stm32f4xx_hal_tim.o
 .debug_abbrev  0x00002555      0x283 ./Drivers/STM32F4xx_HAL_Driver/Src/stm32f4xx_hal_tim_ex.o
 .debug_abbrev  0x000027d8      0x30e ./Drivers/STM32F4xx_HAL_Driver/Src/stm32f4xx_hal_uart.o
 .debug_abbrev  0x00002ae6      0x2b3 ./Drivers/STM32F4xx_HAL_Driver/Src/stm32f4xx_ll_usb.o
 .debug_abbrev  0x00002d99      0x2d2 ./Middlewares/ST/STM32_USB_Device_Library/Class/CDC/Src/usbd_cdc.o
 .debug_abbrev  0x0000306b      0x27c ./Middlewares/ST/STM32_USB_Device_Library/Core/Src/usbd_core.o
 .debug_abbrev  0x000032e7      0x26f ./Middlewares/ST/STM32_USB_Device_Library/Core/Src/usbd_ctlreq.o
 .debug_abbrev  0x00003556      0x19a ./Middlewares/ST/STM32_USB_Device_Library/Core/Src/usbd_ioreq.o
 .debug_abbrev  0x000036f0      0x195 ./USB_DEVICE/App/usb_device.o
 .debug_abbrev  0x00003885      0x298 ./USB_DEVICE/App/usbd_cdc_if.o
 .debug_abbrev  0x00003b1d      0x1e1 ./USB_DEVICE/App/usbd_desc.o
 .debug_abbrev  0x00003cfe      0x33f ./USB_DEVICE/Target/usbd_conf.o

.debug_aranges  0x00000000     0x1508
 .debug_aranges
                0x00000000       0x78 ./Core/Src/brainx_rs485.o
 .debug_aranges
                0x00000078       0x30 ./Core/Src/brainx_sys.o
 .debug_aranges
                0x000000a8       0x58 ./Core/Src/brainx_usbcdc.o
 .debug_aranges
                0x00000100       0x20 ./Core/Src/dma.o
 .debug_aranges
                0x00000120       0x20 ./Core/Src/gpio.o
 .debug_aranges
                0x00000140       0x40 ./Core/Src/main.o
 .debug_aranges
                0x00000180       0x20 ./Core/Src/stm32f4xx_hal_msp.o
 .debug_aranges
                0x000001a0       0x90 ./Core/Src/stm32f4xx_it.o
 .debug_aranges
                0x00000230       0x28 ./Core/Src/system_stm32f4xx.o
 .debug_aranges
                0x00000258       0x38 ./Core/Src/tim.o
 .debug_aranges
                0x00000290       0x40 ./Core/Src/usart.o
 .debug_aranges
                0x000002d0       0x28 ./Core/Startup/startup_stm32f407vetx.o
 .debug_aranges
                0x000002f8       0xf0 ./Drivers/STM32F4xx_HAL_Driver/Src/stm32f4xx_hal.o
 .debug_aranges
                0x000003e8      0x130 ./Drivers/STM32F4xx_HAL_Driver/Src/stm32f4xx_hal_cortex.o
 .debug_aranges
                0x00000518       0x90 ./Drivers/STM32F4xx_HAL_Driver/Src/stm32f4xx_hal_dma.o
 .debug_aranges
                0x000005a8       0x58 ./Drivers/STM32F4xx_HAL_Driver/Src/stm32f4xx_hal_gpio.o
 .debug_aranges
                0x00000600      0x148 ./Drivers/STM32F4xx_HAL_Driver/Src/stm32f4xx_hal_pcd.o
 .debug_aranges
                0x00000748       0x38 ./Drivers/STM32F4xx_HAL_Driver/Src/stm32f4xx_hal_pcd_ex.o
 .debug_aranges
                0x00000780       0x88 ./Drivers/STM32F4xx_HAL_Driver/Src/stm32f4xx_hal_rcc.o
 .debug_aranges
                0x00000808      0x3d0 ./Drivers/STM32F4xx_HAL_Driver/Src/stm32f4xx_hal_tim.o
 .debug_aranges
                0x00000bd8      0x168 ./Drivers/STM32F4xx_HAL_Driver/Src/stm32f4xx_hal_tim_ex.o
 .debug_aranges
                0x00000d40      0x208 ./Drivers/STM32F4xx_HAL_Driver/Src/stm32f4xx_hal_uart.o
 .debug_aranges
                0x00000f48      0x1a0 ./Drivers/STM32F4xx_HAL_Driver/Src/stm32f4xx_ll_usb.o
 .debug_aranges
                0x000010e8       0x90 ./Middlewares/ST/STM32_USB_Device_Library/Class/CDC/Src/usbd_cdc.o
 .debug_aranges
                0x00001178       0xd8 ./Middlewares/ST/STM32_USB_Device_Library/Core/Src/usbd_core.o
 .debug_aranges
                0x00001250       0x90 ./Middlewares/ST/STM32_USB_Device_Library/Core/Src/usbd_ctlreq.o
 .debug_aranges
                0x000012e0       0x50 ./Middlewares/ST/STM32_USB_Device_Library/Core/Src/usbd_ioreq.o
 .debug_aranges
                0x00001330       0x20 ./USB_DEVICE/App/usb_device.o
 .debug_aranges
                0x00001350       0x48 ./USB_DEVICE/App/usbd_cdc_if.o
 .debug_aranges
                0x00001398       0x60 ./USB_DEVICE/App/usbd_desc.o
 .debug_aranges
                0x000013f8      0x110 ./USB_DEVICE/Target/usbd_conf.o

.debug_rnglists
                0x00000000     0x1029
 .debug_rnglists
                0x00000000       0x62 ./Core/Src/brainx_rs485.o
 .debug_rnglists
                0x00000062       0x20 ./Core/Src/brainx_sys.o
 .debug_rnglists
                0x00000082       0x4a ./Core/Src/brainx_usbcdc.o
 .debug_rnglists
                0x000000cc       0x13 ./Core/Src/dma.o
 .debug_rnglists
                0x000000df       0x14 ./Core/Src/gpio.o
 .debug_rnglists
                0x000000f3       0x2d ./Core/Src/main.o
 .debug_rnglists
                0x00000120       0x13 ./Core/Src/stm32f4xx_hal_msp.o
 .debug_rnglists
                0x00000133       0x67 ./Core/Src/stm32f4xx_it.o
 .debug_rnglists
                0x0000019a       0x1a ./Core/Src/system_stm32f4xx.o
 .debug_rnglists
                0x000001b4       0x26 ./Core/Src/tim.o
 .debug_rnglists
                0x000001da       0x2d ./Core/Src/usart.o
 .debug_rnglists
                0x00000207       0x19 ./Core/Startup/startup_stm32f407vetx.o
 .debug_rnglists
                0x00000220       0xaf ./Drivers/STM32F4xx_HAL_Driver/Src/stm32f4xx_hal.o
 .debug_rnglists
                0x000002cf       0xe0 ./Drivers/STM32F4xx_HAL_Driver/Src/stm32f4xx_hal_cortex.o
 .debug_rnglists
                0x000003af       0x70 ./Drivers/STM32F4xx_HAL_Driver/Src/stm32f4xx_hal_dma.o
 .debug_rnglists
                0x0000041f       0x3f ./Drivers/STM32F4xx_HAL_Driver/Src/stm32f4xx_hal_gpio.o
 .debug_rnglists
                0x0000045e       0xfa ./Drivers/STM32F4xx_HAL_Driver/Src/stm32f4xx_hal_pcd.o
 .debug_rnglists
                0x00000558       0x26 ./Drivers/STM32F4xx_HAL_Driver/Src/stm32f4xx_hal_pcd_ex.o
 .debug_rnglists
                0x0000057e       0x66 ./Drivers/STM32F4xx_HAL_Driver/Src/stm32f4xx_hal_rcc.o
 .debug_rnglists
                0x000005e4      0x31a ./Drivers/STM32F4xx_HAL_Driver/Src/stm32f4xx_hal_tim.o
 .debug_rnglists
                0x000008fe      0x125 ./Drivers/STM32F4xx_HAL_Driver/Src/stm32f4xx_hal_tim_ex.o
 .debug_rnglists
                0x00000a23      0x1bc ./Drivers/STM32F4xx_HAL_Driver/Src/stm32f4xx_hal_uart.o
 .debug_rnglists
                0x00000bdf      0x147 ./Drivers/STM32F4xx_HAL_Driver/Src/stm32f4xx_ll_usb.o
 .debug_rnglists
                0x00000d26       0x6c ./Middlewares/ST/STM32_USB_Device_Library/Class/CDC/Src/usbd_cdc.o
 .debug_rnglists
                0x00000d92       0xa1 ./Middlewares/ST/STM32_USB_Device_Library/Core/Src/usbd_core.o
 .debug_rnglists
                0x00000e33       0x6e ./Middlewares/ST/STM32_USB_Device_Library/Core/Src/usbd_ctlreq.o
 .debug_rnglists
                0x00000ea1       0x37 ./Middlewares/ST/STM32_USB_Device_Library/Core/Src/usbd_ioreq.o
 .debug_rnglists
                0x00000ed8       0x13 ./USB_DEVICE/App/usb_device.o
 .debug_rnglists
                0x00000eeb       0x32 ./USB_DEVICE/App/usbd_cdc_if.o
 .debug_rnglists
                0x00000f1d       0x43 ./USB_DEVICE/App/usbd_desc.o
 .debug_rnglists
                0x00000f60       0xc9 ./USB_DEVICE/Target/usbd_conf.o

.debug_macro    0x00000000    0x24dd7
 .debug_macro   0x00000000      0x2ec ./Core/Src/brainx_rs485.o
 .debug_macro   0x000002ec      0xad8 ./Core/Src/brainx_rs485.o
 .debug_macro   0x00000dc4      0x2a1 ./Core/Src/brainx_rs485.o
 .debug_macro   0x00001065       0x2e ./Core/Src/brainx_rs485.o
 .debug_macro   0x00001093       0x2f ./Core/Src/brainx_rs485.o
 .debug_macro   0x000010c2       0x22 ./Core/Src/brainx_rs485.o
 .debug_macro   0x000010e4       0x8e ./Core/Src/brainx_rs485.o
 .debug_macro   0x00001172       0x51 ./Core/Src/brainx_rs485.o
 .debug_macro   0x000011c3      0x103 ./Core/Src/brainx_rs485.o
 .debug_macro   0x000012c6       0x6a ./Core/Src/brainx_rs485.o
 .debug_macro   0x00001330      0x1df ./Core/Src/brainx_rs485.o
 .debug_macro   0x0000150f       0x1c ./Core/Src/brainx_rs485.o
 .debug_macro   0x0000152b       0x22 ./Core/Src/brainx_rs485.o
 .debug_macro   0x0000154d       0xfb ./Core/Src/brainx_rs485.o
 .debug_macro   0x00001648     0x1011 ./Core/Src/brainx_rs485.o
 .debug_macro   0x00002659      0x11f ./Core/Src/brainx_rs485.o
 .debug_macro   0x00002778    0x15e97 ./Core/Src/brainx_rs485.o
 .debug_macro   0x0001860f       0x6d ./Core/Src/brainx_rs485.o
 .debug_macro   0x0001867c     0x369a ./Core/Src/brainx_rs485.o
 .debug_macro   0x0001bd16      0x190 ./Core/Src/brainx_rs485.o
 .debug_macro   0x0001bea6       0x5c ./Core/Src/brainx_rs485.o
 .debug_macro   0x0001bf02      0x980 ./Core/Src/brainx_rs485.o
 .debug_macro   0x0001c882      0x9e9 ./Core/Src/brainx_rs485.o
 .debug_macro   0x0001d26b      0x115 ./Core/Src/brainx_rs485.o
 .debug_macro   0x0001d380      0x13e ./Core/Src/brainx_rs485.o
 .debug_macro   0x0001d4be       0xa5 ./Core/Src/brainx_rs485.o
 .debug_macro   0x0001d563      0x174 ./Core/Src/brainx_rs485.o
 .debug_macro   0x0001d6d7      0x287 ./Core/Src/brainx_rs485.o
 .debug_macro   0x0001d95e       0x5f ./Core/Src/brainx_rs485.o
 .debug_macro   0x0001d9bd      0x236 ./Core/Src/brainx_rs485.o
 .debug_macro   0x0001dbf3      0x12c ./Core/Src/brainx_rs485.o
 .debug_macro   0x0001dd1f      0x21e ./Core/Src/brainx_rs485.o
 .debug_macro   0x0001df3d       0x2e ./Core/Src/brainx_rs485.o
 .debug_macro   0x0001df6b      0x127 ./Core/Src/brainx_rs485.o
 .debug_macro   0x0001e092       0x7e ./Core/Src/brainx_rs485.o
 .debug_macro   0x0001e110       0x89 ./Core/Src/brainx_rs485.o
 .debug_macro   0x0001e199      0x8ed ./Core/Src/brainx_rs485.o
 .debug_macro   0x0001ea86       0x4d ./Core/Src/brainx_rs485.o
 .debug_macro   0x0001ead3      0x2aa ./Core/Src/brainx_rs485.o
 .debug_macro   0x0001ed7d      0x293 ./Core/Src/brainx_rs485.o
 .debug_macro   0x0001f010       0xba ./Core/Src/brainx_rs485.o
 .debug_macro   0x0001f0ca      0x12d ./Core/Src/brainx_rs485.o
 .debug_macro   0x0001f1f7       0x40 ./Core/Src/brainx_rs485.o
 .debug_macro   0x0001f237       0x70 ./Core/Src/brainx_rs485.o
 .debug_macro   0x0001f2a7       0x61 ./Core/Src/brainx_rs485.o
 .debug_macro   0x0001f308       0x2a ./Core/Src/brainx_rs485.o
 .debug_macro   0x0001f332       0x43 ./Core/Src/brainx_rs485.o
 .debug_macro   0x0001f375       0x34 ./Core/Src/brainx_rs485.o
 .debug_macro   0x0001f3a9      0x370 ./Core/Src/brainx_rs485.o
 .debug_macro   0x0001f719       0x16 ./Core/Src/brainx_rs485.o
 .debug_macro   0x0001f72f       0x4a ./Core/Src/brainx_rs485.o
 .debug_macro   0x0001f779       0x34 ./Core/Src/brainx_rs485.o
 .debug_macro   0x0001f7ad       0x10 ./Core/Src/brainx_rs485.o
 .debug_macro   0x0001f7bd       0x58 ./Core/Src/brainx_rs485.o
 .debug_macro   0x0001f815       0x8e ./Core/Src/brainx_rs485.o
 .debug_macro   0x0001f8a3       0x1c ./Core/Src/brainx_rs485.o
 .debug_macro   0x0001f8bf      0x185 ./Core/Src/brainx_rs485.o
 .debug_macro   0x0001fa44       0x10 ./Core/Src/brainx_rs485.o
 .debug_macro   0x0001fa54       0x3c ./Core/Src/brainx_rs485.o
 .debug_macro   0x0001fa90       0x20 ./Core/Src/brainx_rs485.o
 .debug_macro   0x0001fab0      0x21a ./Core/Src/brainx_sys.o
 .debug_macro   0x0001fcca      0x20a ./Core/Src/brainx_usbcdc.o
 .debug_macro   0x0001fed4       0x16 ./Core/Src/brainx_usbcdc.o
 .debug_macro   0x0001feea      0x20b ./Core/Src/dma.o
 .debug_macro   0x000200f5      0x20b ./Core/Src/gpio.o
 .debug_macro   0x00020300      0x3b1 ./Core/Src/main.o
 .debug_macro   0x000206b1       0x16 ./Core/Src/main.o
 .debug_macro   0x000206c7       0x10 ./Core/Src/main.o
 .debug_macro   0x000206d7       0x16 ./Core/Src/main.o
 .debug_macro   0x000206ed       0x16 ./Core/Src/main.o
 .debug_macro   0x00020703      0x146 ./Core/Src/main.o
 .debug_macro   0x00020849       0x16 ./Core/Src/main.o
 .debug_macro   0x0002085f       0x16 ./Core/Src/main.o
 .debug_macro   0x00020875       0x29 ./Core/Src/main.o
 .debug_macro   0x0002089e       0x16 ./Core/Src/main.o
 .debug_macro   0x000208b4       0x65 ./Core/Src/main.o
 .debug_macro   0x00020919      0x20f ./Core/Src/main.o
 .debug_macro   0x00020b28       0x76 ./Core/Src/main.o
 .debug_macro   0x00020b9e      0x201 ./Core/Src/stm32f4xx_hal_msp.o
 .debug_macro   0x00020d9f      0x20b ./Core/Src/stm32f4xx_it.o
 .debug_macro   0x00020faa      0x1f2 ./Core/Src/system_stm32f4xx.o
 .debug_macro   0x0002119c      0x214 ./Core/Src/tim.o
 .debug_macro   0x000213b0      0x20b ./Core/Src/usart.o
 .debug_macro   0x000215bb      0x252 ./Drivers/STM32F4xx_HAL_Driver/Src/stm32f4xx_hal.o
 .debug_macro   0x0002180d      0x1f2 ./Drivers/STM32F4xx_HAL_Driver/Src/stm32f4xx_hal_cortex.o