../Core/Src/mtdriver_rs485.c:14:6:MTDRIVER_RS485_Init	24	static
../Core/Src/mtdriver_rs485.c:27:6:MTDRIVER_RS485_RX_Enable	8	static
../Core/Src/mtdriver_rs485.c:33:6:MTDRIVER_RS485_RX_StateMachine	16	static
../Core/Src/mtdriver_rs485.c:37:6:MTDRIVER_RS485_RX_ScanningHeader	8	static
../Core/Src/mtdriver_rs485.c:43:6:MTDRIVER_RS485_RX_CheckDevice	8	static
../Core/Src/mtdriver_rs485.c:56:10:CheckDataContent	32	static
../Core/Src/mtdriver_rs485.c:54:6:MTDRIVER_RS485_RX_CheckDataContent	16	static
../Core/Src/mtdriver_rs485.c:93:5:MTDRIVER_RS485_RX_VerifyDataPacket	4	static
../Core/Src/mtdriver_rs485.c:106:6:MTDRIVER_RS485_RX_ReceiveVerifiedData	8	static
../Core/Src/mtdriver_rs485.c:113:6:MTDRIVER_RS485_RX_ReceiveData	8	static
../Core/Src/mtdriver_rs485.c:122:6:MTDRIVER_RS485_TX_Enable	8	static
../Core/Src/mtdriver_rs485.c:128:6:MTDRIVER_RS485_TX_SendData	24	static
