../Core/Src/mtdriver_rs485.c:15:6:MTDRIVER_RS485_Init	24	static
../Core/Src/mtdriver_rs485.c:28:6:MTDRIVER_RS485_RX_Enable	8	static
../Core/Src/mtdriver_rs485.c:34:6:MTDRIVER_RS485_RX_StateMachine	16	static
../Core/Src/mtdriver_rs485.c:38:6:MTDRIVER_RS485_RX_ScanningHeader	8	static
../Core/Src/mtdriver_rs485.c:44:6:MTDRIVER_RS485_RX_CheckDevice	8	static
../Core/Src/mtdriver_rs485.c:57:10:CheckDataContent	32	static
../Core/Src/mtdriver_rs485.c:55:6:MTDRIVER_RS485_RX_CheckDataContent	16	static
../Core/Src/mtdriver_rs485.c:94:5:MTDRIVER_RS485_RX_VerifyDataPacket	4	static
../Core/Src/mtdriver_rs485.c:107:6:MTDRIVER_RS485_RX_ReceiveVerifiedData	8	static
../Core/Src/mtdriver_rs485.c:115:6:MTDRIVER_RS485_RX_ReceiveData	8	static
../Core/Src/mtdriver_rs485.c:124:6:MTDRIVER_RS485_TX_Enable	8	static
../Core/Src/mtdriver_rs485.c:130:6:MTDRIVER_RS485_TX_SendData	24	static
