../Core/Src/brainx_usbcdc.c:28:6:BrainX_USBCDC_RX_StateMachine	16	static
../Core/Src/brainx_usbcdc.c:32:6:BrainX_USBCDC_RX_ScanningHeader	8	static
../Core/Src/brainx_usbcdc.c:38:6:BrainX_USBCDC_RX_CheckDevice	24	static
../Core/Src/brainx_usbcdc.c:56:10:CheckDataContent	32	static
../Core/Src/brainx_usbcdc.c:54:6:BrainX_USBCDC_RX_CheckDataContent	24	static
../Core/Src/brainx_usbcdc.c:114:5:BrainX_USBCDC_RX_VerifyDataPacket	4	static
../Core/Src/brainx_usbcdc.c:127:6:BrainX_USBCDC_RX_ReceiveVerifiedData	8	static
../Core/Src/brainx_usbcdc.c:136:6:BrainX_USBCDC_RX_ReceiveData	8	static
