Archive member included to satisfy reference by file (symbol)

D:/Mechatronics/STM32CubeIDE/STM32CubeIDE_1.18.0/STM32CubeIDE/plugins/com.st.stm32cube.ide.mcu.externaltools.gnu-tools-for-stm32.13.3.rel1.win32_1.0.0.202411081344/tools/bin/../lib/gcc/arm-none-eabi/13.3.1/../../../../arm-none-eabi/lib/thumb/v7-m/nofp\libc_nano.a(libc_a-exit.o)
                              D:/Mechatronics/STM32CubeIDE/STM32CubeIDE_1.18.0/STM32CubeIDE/plugins/com.st.stm32cube.ide.mcu.externaltools.gnu-tools-for-stm32.13.3.rel1.win32_1.0.0.202411081344/tools/bin/../lib/gcc/arm-none-eabi/13.3.1/../../../../arm-none-eabi/lib/thumb/v7-m/nofp/crt0.o (exit)
D:/Mechatronics/STM32CubeIDE/STM32CubeIDE_1.18.0/STM32CubeIDE/plugins/com.st.stm32cube.ide.mcu.externaltools.gnu-tools-for-stm32.13.3.rel1.win32_1.0.0.202411081344/tools/bin/../lib/gcc/arm-none-eabi/13.3.1/../../../../arm-none-eabi/lib/thumb/v7-m/nofp\libc_nano.a(libc_a-findfp.o)
                              D:/Mechatronics/STM32CubeIDE/STM32CubeIDE_1.18.0/STM32CubeIDE/plugins/com.st.stm32cube.ide.mcu.externaltools.gnu-tools-for-stm32.13.3.rel1.win32_1.0.0.202411081344/tools/bin/../lib/gcc/arm-none-eabi/13.3.1/../../../../arm-none-eabi/lib/thumb/v7-m/nofp\libc_nano.a(libc_a-exit.o) (__stdio_exit_handler)
D:/Mechatronics/STM32CubeIDE/STM32CubeIDE_1.18.0/STM32CubeIDE/plugins/com.st.stm32cube.ide.mcu.externaltools.gnu-tools-for-stm32.13.3.rel1.win32_1.0.0.202411081344/tools/bin/../lib/gcc/arm-none-eabi/13.3.1/../../../../arm-none-eabi/lib/thumb/v7-m/nofp\libc_nano.a(libc_a-fwalk.o)
                              D:/Mechatronics/STM32CubeIDE/STM32CubeIDE_1.18.0/STM32CubeIDE/plugins/com.st.stm32cube.ide.mcu.externaltools.gnu-tools-for-stm32.13.3.rel1.win32_1.0.0.202411081344/tools/bin/../lib/gcc/arm-none-eabi/13.3.1/../../../../arm-none-eabi/lib/thumb/v7-m/nofp\libc_nano.a(libc_a-findfp.o) (_fwalk_sglue)
D:/Mechatronics/STM32CubeIDE/STM32CubeIDE_1.18.0/STM32CubeIDE/plugins/com.st.stm32cube.ide.mcu.externaltools.gnu-tools-for-stm32.13.3.rel1.win32_1.0.0.202411081344/tools/bin/../lib/gcc/arm-none-eabi/13.3.1/../../../../arm-none-eabi/lib/thumb/v7-m/nofp\libc_nano.a(libc_a-stdio.o)
                              D:/Mechatronics/STM32CubeIDE/STM32CubeIDE_1.18.0/STM32CubeIDE/plugins/com.st.stm32cube.ide.mcu.externaltools.gnu-tools-for-stm32.13.3.rel1.win32_1.0.0.202411081344/tools/bin/../lib/gcc/arm-none-eabi/13.3.1/../../../../arm-none-eabi/lib/thumb/v7-m/nofp\libc_nano.a(libc_a-findfp.o) (__sread)
D:/Mechatronics/STM32CubeIDE/STM32CubeIDE_1.18.0/STM32CubeIDE/plugins/com.st.stm32cube.ide.mcu.externaltools.gnu-tools-for-stm32.13.3.rel1.win32_1.0.0.202411081344/tools/bin/../lib/gcc/arm-none-eabi/13.3.1/../../../../arm-none-eabi/lib/thumb/v7-m/nofp\libc_nano.a(libc_a-memset.o)
                              D:/Mechatronics/STM32CubeIDE/STM32CubeIDE_1.18.0/STM32CubeIDE/plugins/com.st.stm32cube.ide.mcu.externaltools.gnu-tools-for-stm32.13.3.rel1.win32_1.0.0.202411081344/tools/bin/../lib/gcc/arm-none-eabi/13.3.1/../../../../arm-none-eabi/lib/thumb/v7-m/nofp/crt0.o (memset)
D:/Mechatronics/STM32CubeIDE/STM32CubeIDE_1.18.0/STM32CubeIDE/plugins/com.st.stm32cube.ide.mcu.externaltools.gnu-tools-for-stm32.13.3.rel1.win32_1.0.0.202411081344/tools/bin/../lib/gcc/arm-none-eabi/13.3.1/../../../../arm-none-eabi/lib/thumb/v7-m/nofp\libc_nano.a(libc_a-closer.o)
                              D:/Mechatronics/STM32CubeIDE/STM32CubeIDE_1.18.0/STM32CubeIDE/plugins/com.st.stm32cube.ide.mcu.externaltools.gnu-tools-for-stm32.13.3.rel1.win32_1.0.0.202411081344/tools/bin/../lib/gcc/arm-none-eabi/13.3.1/../../../../arm-none-eabi/lib/thumb/v7-m/nofp\libc_nano.a(libc_a-stdio.o) (_close_r)
D:/Mechatronics/STM32CubeIDE/STM32CubeIDE_1.18.0/STM32CubeIDE/plugins/com.st.stm32cube.ide.mcu.externaltools.gnu-tools-for-stm32.13.3.rel1.win32_1.0.0.202411081344/tools/bin/../lib/gcc/arm-none-eabi/13.3.1/../../../../arm-none-eabi/lib/thumb/v7-m/nofp\libc_nano.a(libc_a-reent.o)
                              D:/Mechatronics/STM32CubeIDE/STM32CubeIDE_1.18.0/STM32CubeIDE/plugins/com.st.stm32cube.ide.mcu.externaltools.gnu-tools-for-stm32.13.3.rel1.win32_1.0.0.202411081344/tools/bin/../lib/gcc/arm-none-eabi/13.3.1/../../../../arm-none-eabi/lib/thumb/v7-m/nofp\libc_nano.a(libc_a-closer.o) (errno)
D:/Mechatronics/STM32CubeIDE/STM32CubeIDE_1.18.0/STM32CubeIDE/plugins/com.st.stm32cube.ide.mcu.externaltools.gnu-tools-for-stm32.13.3.rel1.win32_1.0.0.202411081344/tools/bin/../lib/gcc/arm-none-eabi/13.3.1/../../../../arm-none-eabi/lib/thumb/v7-m/nofp\libc_nano.a(libc_a-impure.o)
                              D:/Mechatronics/STM32CubeIDE/STM32CubeIDE_1.18.0/STM32CubeIDE/plugins/com.st.stm32cube.ide.mcu.externaltools.gnu-tools-for-stm32.13.3.rel1.win32_1.0.0.202411081344/tools/bin/../lib/gcc/arm-none-eabi/13.3.1/../../../../arm-none-eabi/lib/thumb/v7-m/nofp\libc_nano.a(libc_a-reent.o) (_impure_ptr)
[...]
Memory Configuration

Name             Origin             Length             Attributes
RAM              0x20000000         0x00005000         xrw
FLASH            0x08000000         0x00010000         xr
*default*        0x00000000         0xffffffff

Linker script and memory map

LOAD D:/Mechatronics/STM32CubeIDE/STM32CubeIDE_1.18.0/STM32CubeIDE/plugins/com.st.stm32cube.ide.mcu.externaltools.gnu-tools-for-stm32.13.3.rel1.win32_1.0.0.202411081344/tools/bin/../lib/gcc/arm-none-eabi/13.3.1/thumb/v7-m/nofp/crti.o
LOAD D:/Mechatronics/STM32CubeIDE/STM32CubeIDE_1.18.0/STM32CubeIDE/plugins/com.st.stm32cube.ide.mcu.externaltools.gnu-tools-for-stm32.13.3.rel1.win32_1.0.0.202411081344/tools/bin/../lib/gcc/arm-none-eabi/13.3.1/thumb/v7-m/nofp/crtbegin.o
LOAD D:/Mechatronics/STM32CubeIDE/STM32CubeIDE_1.18.0/STM32CubeIDE/plugins/com.st.stm32cube.ide.mcu.externaltools.gnu-tools-for-stm32.13.3.rel1.win32_1.0.0.202411081344/tools/bin/../lib/gcc/arm-none-eabi/13.3.1/../../../../arm-none-eabi/lib/thumb/v7-m/nofp/crt0.o
LOAD ./Core/Src/dma.o
LOAD ./Core/Src/eeprom_emul.o
LOAD ./Core/Src/gpio.o
LOAD ./Core/Src/main.o
LOAD ./Core/Src/mtdriver_rs485.o
LOAD ./Core/Src/mtdriver_sys.o
LOAD ./Core/Src/mtdriver_usbcdc.o
LOAD ./Core/Src/stm32f1xx_hal_msp.o
LOAD ./Core/Src/stm32f1xx_it.o
LOAD ./Core/Src/syscalls.o
LOAD ./Core/Src/sysmem.o
LOAD ./Core/Src/system_stm32f1xx.o
LOAD ./Core/Src/tim.o
LOAD ./Core/Src/usart.o
LOAD ./Core/Startup/startup_stm32f103c8tx.o
LOAD ./Drivers/STM32F1xx_HAL_Driver/Src/stm32f1xx_hal.o
LOAD ./Drivers/STM32F1xx_HAL_Driver/Src/stm32f1xx_hal_cortex.o
LOAD ./Drivers/STM32F1xx_HAL_Driver/Src/stm32f1xx_hal_dma.o
LOAD ./Drivers/STM32F1xx_HAL_Driver/Src/stm32f1xx_hal_exti.o
LOAD ./Drivers/STM32F1xx_HAL_Driver/Src/stm32f1xx_hal_flash.o
LOAD ./Drivers/STM32F1xx_HAL_Driver/Src/stm32f1xx_hal_flash_ex.o
LOAD ./Drivers/STM32F1xx_HAL_Driver/Src/stm32f1xx_hal_gpio.o
LOAD ./Drivers/STM32F1xx_HAL_Driver/Src/stm32f1xx_hal_gpio_ex.o
LOAD ./Drivers/STM32F1xx_HAL_Driver/Src/stm32f1xx_hal_pcd.o
LOAD ./Drivers/STM32F1xx_HAL_Driver/Src/stm32f1xx_hal_pcd_ex.o
LOAD ./Drivers/STM32F1xx_HAL_Driver/Src/stm32f1xx_hal_pwr.o
LOAD ./Drivers/STM32F1xx_HAL_Driver/Src/stm32f1xx_hal_rcc.o
LOAD ./Drivers/STM32F1xx_HAL_Driver/Src/stm32f1xx_hal_rcc_ex.o
LOAD ./Drivers/STM32F1xx_HAL_Driver/Src/stm32f1xx_hal_tim.o
LOAD ./Drivers/STM32F1xx_HAL_Driver/Src/stm32f1xx_hal_tim_ex.o
LOAD ./Drivers/STM32F1xx_HAL_Driver/Src/stm32f1xx_hal_uart.o
LOAD ./Drivers/STM32F1xx_HAL_Driver/Src/stm32f1xx_ll_usb.o
LOAD ./Middlewares/ST/STM32_USB_Device_Library/Class/CDC/Src/usbd_cdc.o
LOAD ./Middlewares/ST/STM32_USB_Device_Library/Core/Src/usbd_core.o
LOAD ./Middlewares/ST/STM32_USB_Device_Library/Core/Src/usbd_ctlreq.o
LOAD ./Middlewares/ST/STM32_USB_Device_Library/Core/Src/usbd_ioreq.o
LOAD ./USB_DEVICE/App/usb_device.o
LOAD ./USB_DEVICE/App/usbd_cdc_if.o
LOAD ./USB_DEVICE/App/usbd_desc.o
LOAD ./USB_DEVICE/Target/usbd_conf.o
START GROUP
LOAD D:/Mechatronics/STM32CubeIDE/STM32CubeIDE_1.18.0/STM32CubeIDE/plugins/com.st.stm32cube.ide.mcu.externaltools.gnu-tools-for-stm32.13.3.rel1.win32_1.0.0.202411081344/tools/bin/../lib/gcc/arm-none-eabi/13.3.1/../../../../arm-none-eabi/lib/thumb/v7-m/nofp\libc_nano.a
LOAD D:/Mechatronics/STM32CubeIDE/STM32CubeIDE_1.18.0/STM32CubeIDE/plugins/com.st.stm32cube.ide.mcu.externaltools.gnu-tools-for-stm32.13.3.rel1.win32_1.0.0.202411081344/tools/bin/../lib/gcc/arm-none-eabi/13.3.1/../../../../arm-none-eabi/lib/thumb/v7-m/nofp\libm.a
END GROUP
START GROUP
LOAD D:/Mechatronics/STM32CubeIDE/STM32CubeIDE_1.18.0/STM32CubeIDE/plugins/com.st.stm32cube.ide.mcu.externaltools.gnu-tools-for-stm32.13.3.rel1.win32_1.0.0.202411081344/tools/bin/../lib/gcc/arm-none-eabi/13.3.1/thumb/v7-m/nofp\libgcc.a
LOAD D:/Mechatronics/STM32CubeIDE/STM32CubeIDE_1.18.0/STM32CubeIDE/plugins/com.st.stm32cube.ide.mcu.externaltools.gnu-tools-for-stm32.13.3.rel1.win32_1.0.0.202411081344/tools/bin/../lib/gcc/arm-none-eabi/13.3.1/../../../../arm-none-eabi/lib/thumb/v7-m/nofp\libc_nano.a
END GROUP
START GROUP
LOAD D:/Mechatronics/STM32CubeIDE/STM32CubeIDE_1.18.0/STM32CubeIDE/plugins/com.st.stm32cube.ide.mcu.externaltools.gnu-tools-for-stm32.13.3.rel1.win32_1.0.0.202411081344/tools/bin/../lib/gcc/arm-none-eabi/13.3.1/thumb/v7-m/nofp\libgcc.a
LOAD D:/Mechatronics/STM32CubeIDE/STM32CubeIDE_1.18.0/STM32CubeIDE/plugins/com.st.stm32cube.ide.mcu.externaltools.gnu-tools-for-stm32.13.3.rel1.win32_1.0.0.202411081344/tools/bin/../lib/gcc/arm-none-eabi/13.3.1/../../../../arm-none-eabi/lib/thumb/v7-m/nofp\libc_nano.a
LOAD D:/Mechatronics/STM32CubeIDE/STM32CubeIDE_1.18.0/STM32CubeIDE/plugins/com.st.stm32cube.ide.mcu.externaltools.gnu-tools-for-stm32.13.3.rel1.win32_1.0.0.202411081344/tools/bin/../lib/gcc/arm-none-eabi/13.3.1/../../../../arm-none-eabi/lib/thumb/v7-m/nofp\libnosys.a
END GROUP
START GROUP
LOAD D:/Mechatronics/STM32CubeIDE/STM32CubeIDE_1.18.0/STM32CubeIDE/plugins/com.st.stm32cube.ide.mcu.externaltools.gnu-tools-for-stm32.13.3.rel1.win32_1.0.0.202411081344/tools/bin/../lib/gcc/arm-none-eabi/13.3.1/thumb/v7-m/nofp\libgcc.a
LOAD D:/Mechatronics/STM32CubeIDE/STM32CubeIDE_1.18.0/STM32CubeIDE/plugins/com.st.stm32cube.ide.mcu.externaltools.gnu-tools-for-stm32.13.3.rel1.win32_1.0.0.202411081344/tools/bin/../lib/gcc/arm-none-eabi/13.3.1/../../../../arm-none-eabi/lib/thumb/v7-m/nofp\libc_nano.a
LOAD D:/Mechatronics/STM32CubeIDE/STM32CubeIDE_1.18.0/STM32CubeIDE/plugins/com.st.stm32cube.ide.mcu.externaltools.gnu-tools-for-stm32.13.3.rel1.win32_1.0.0.202411081344/tools/bin/../lib/gcc/arm-none-eabi/13.3.1/../../../../arm-none-eabi/lib/thumb/v7-m/nofp\libnosys.a
END GROUP
LOAD D:/Mechatronics/STM32CubeIDE/STM32CubeIDE_1.18.0/STM32CubeIDE/plugins/com.st.stm32cube.ide.mcu.externaltools.gnu-tools-for-stm32.13.3.rel1.win32_1.0.0.202411081344/tools/bin/../lib/gcc/arm-none-eabi/13.3.1/thumb/v7-m/nofp/crtend.o
LOAD D:/Mechatronics/STM32CubeIDE/STM32CubeIDE_1.18.0/STM32CubeIDE/plugins/com.st.stm32cube.ide.mcu.externaltools.gnu-tools-for-stm32.13.3.rel1.win32_1.0.0.202411081344/tools/bin/../lib/gcc/arm-none-eabi/13.3.1/thumb/v7-m/nofp/crtn.o
                0x20005000                        _estack = (ORIGIN (RAM) + LENGTH (RAM))
                0x00000200                        _Min_Heap_Size = 0x200
                0x00000400                        _Min_Stack_Size = 0x400

.isr_vector     0x08000000      0x10c
                0x08000000                        . = ALIGN (0x4)
 *(.isr_vector)
 .isr_vector    0x08000000      0x10c ./Core/Startup/startup_stm32f103c8tx.o
                0x08000000                g_pfnVectors
                0x0800010c                        . = ALIGN (0x4)

.text           0x0800010c     0x9a20
                0x0800010c                        . = ALIGN (0x4)
 *(.text)
 .text          0x0800010c       0x40 D:/Mechatronics/STM32CubeIDE/STM32CubeIDE_1.18.0/STM32CubeIDE/plugins/com.st.stm32cube.ide.mcu.externaltools.gnu-tools-for-stm32.13.3.rel1.win32_1.0.0.202411081344/tools/bin/../lib/gcc/arm-none-eabi/13.3.1/thumb/v7-m/nofp/crtbegin.o
 *(.text*)
 .text.MX_DMA_Init
                0x0800014c       0x3c ./Core/Src/dma.o
                0x0800014c                MX_DMA_Init
 .text.EE_Init  0x08000188      0x3bc ./Core/Src/eeprom_emul.o
                0x08000188                EE_Init
 .text.EE_VerifyPageFullyErased
                0x08000544       0x4c ./Core/Src/eeprom_emul.o
 .text.EE_ReadVariable
                0x08000590       0x94 ./Core/Src/eeprom_emul.o
                0x08000590                EE_ReadVariable
 .text.EE_WriteVariable
                0x08000624       0x44 ./Core/Src/eeprom_emul.o
                0x08000624                EE_WriteVariable
 .text.EE_Format
                0x08000668       0xa0 ./Core/Src/eeprom_emul.o
 .text.EE_FindValidPage
                0x08000708       0x88 ./Core/Src/eeprom_emul.o
 .text.EE_VerifyPageFullWriteVariable
                0x08000790       0xc4 ./Core/Src/eeprom_emul.o
 .text.EE_PageTransfer
                0x08000854      0x174 ./Core/Src/eeprom_emul.o
 .text.MX_GPIO_Init
                0x080009c8       0xb0 ./Core/Src/gpio.o
                0x080009c8                MX_GPIO_Init
 .text.main     0x08000a78       0x60 ./Core/Src/main.o
                0x08000a78                main
 .text.SystemClock_Config
                0x08000ad8       0xb4 ./Core/Src/main.o
                0x08000ad8                SystemClock_Config
 .text.MTDRIVER_USBCDC_RxCallback
                0x08000b8c       0x74 ./Core/Src/main.o
                0x08000b8c                MTDRIVER_USBCDC_RxCallback
 .text.HAL_UART_RxCpltCallback
                0x08000c00       0x3c ./Core/Src/main.o
                0x08000c00                HAL_UART_RxCpltCallback
 .text.Error_Handler
                0x08000c3c        0xc ./Core/Src/main.o
                0x08000c3c                Error_Handler
 .text.MTDRIVER_RS485_RX_StateMachine
                0x08000c48       0x20 ./Core/Src/mtdriver_rs485.o
                0x08000c48                MTDRIVER_RS485_RX_StateMachine
 .text.MTDRIVER_RS485_RX_ScanningHeader
                0x08000c68       0x1c ./Core/Src/mtdriver_rs485.o
                0x08000c68                MTDRIVER_RS485_RX_ScanningHeader
 .text.MTDRIVER_RS485_RX_CheckDevice
                0x08000c84       0x30 ./Core/Src/mtdriver_rs485.o
                0x08000c84                MTDRIVER_RS485_RX_CheckDevice
 .text.CheckDataContent.0
                0x08000cb4       0x48 ./Core/Src/mtdriver_rs485.o
 .text.MTDRIVER_RS485_RX_CheckDataContent
                0x08000cfc       0x88 ./Core/Src/mtdriver_rs485.o
                0x08000cfc                MTDRIVER_RS485_RX_CheckDataContent
 .text.MTDRIVER_RS485_RX_VerifyDataPacket
                0x08000d84       0x50 ./Core/Src/mtdriver_rs485.o
                0x08000d84                MTDRIVER_RS485_RX_VerifyDataPacket
 .text.MTDRIVER_RS485_RX_ReceiveVerifiedData
                0x08000dd4       0x2c ./Core/Src/mtdriver_rs485.o
                0x08000dd4                MTDRIVER_RS485_RX_ReceiveVerifiedData
 .text.MTDRIVER_RS485_RX_ReceiveData
                0x08000e00       0x22 ./Core/Src/mtdriver_rs485.o
                0x08000e00                MTDRIVER_RS485_RX_ReceiveData
 *fill*         0x08000e22        0x2 
 .text.MTDRIVER_USBCDC_RX_StateMachine
                0x08000e24       0x20 ./Core/Src/mtdriver_usbcdc.o
                0x08000e24                MTDRIVER_USBCDC_RX_StateMachine
 .text.MTDRIVER_USBCDC_RX_ScanningHeader
                0x08000e44       0x1c ./Core/Src/mtdriver_usbcdc.o
                0x08000e44                MTDRIVER_USBCDC_RX_ScanningHeader
 .text.MTDRIVER_USBCDC_RX_CheckDevice
                0x08000e60       0x64 ./Core/Src/mtdriver_usbcdc.o
                0x08000e60                MTDRIVER_USBCDC_RX_CheckDevice
 .text.CheckDataContent.0
                0x08000ec4       0x48 ./Core/Src/mtdriver_usbcdc.o
 .text.MTDRIVER_USBCDC_RX_CheckDataContent
                0x08000f0c       0x58 ./Core/Src/mtdriver_usbcdc.o
                0x08000f0c                MTDRIVER_USBCDC_RX_CheckDataContent
 .text.MTDRIVER_USBCDC_RX_VerifyDataPacket
                0x08000f64       0x50 ./Core/Src/mtdriver_usbcdc.o
                0x08000f64                MTDRIVER_USBCDC_RX_VerifyDataPacket
 .text.MTDRIVER_USBCDC_RX_ReceiveVerifiedData
                0x08000fb4       0x38 ./Core/Src/mtdriver_usbcdc.o
                0x08000fb4                MTDRIVER_USBCDC_RX_ReceiveVerifiedData
 .text.MTDRIVER_USBCDC_RX_ReceiveData
                0x08000fec       0x22 ./Core/Src/mtdriver_usbcdc.o
                0x08000fec                MTDRIVER_USBCDC_RX_ReceiveData
 *fill*         0x0800100e        0x2 
 .text.HAL_MspInit
                0x08001010       0x64 ./Core/Src/stm32f1xx_hal_msp.o
                0x08001010                HAL_MspInit
 .text.NMI_Handler
                0x08001074        0x8 ./Core/Src/stm32f1xx_it.o
                0x08001074                NMI_Handler
 .text.HardFault_Handler
                0x0800107c        0x8 ./Core/Src/stm32f1xx_it.o
                0x0800107c                HardFault_Handler
 .text.MemManage_Handler
                0x08001084        0x8 ./Core/Src/stm32f1xx_it.o
                0x08001084                MemManage_Handler
 .text.BusFault_Handler
                0x0800108c        0x8 ./Core/Src/stm32f1xx_it.o
                0x0800108c                BusFault_Handler
 .text.UsageFault_Handler
                0x08001094        0x8 ./Core/Src/stm32f1xx_it.o
                0x08001094                UsageFault_Handler
 .text.SVC_Handler
                0x0800109c        0xc ./Core/Src/stm32f1xx_it.o
                0x0800109c                SVC_Handler
 .text.DebugMon_Handler
                0x080010a8        0xc ./Core/Src/stm32f1xx_it.o
                0x080010a8                DebugMon_Handler
 .text.PendSV_Handler
                0x080010b4        0xc ./Core/Src/stm32f1xx_it.o
                0x080010b4                PendSV_Handler
 .text.SysTick_Handler
                0x080010c0        0xc ./Core/Src/stm32f1xx_it.o
                0x080010c0                SysTick_Handler
 .text.DMA1_Channel5_IRQHandler
                0x080010cc       0x14 ./Core/Src/stm32f1xx_it.o
                0x080010cc                DMA1_Channel5_IRQHandler
 .text.USB_LP_CAN1_RX0_IRQHandler
                0x080010e0       0x14 ./Core/Src/stm32f1xx_it.o
                0x080010e0                USB_LP_CAN1_RX0_IRQHandler
 .text.SystemInit
                0x080010f4        0xc ./Core/Src/system_stm32f1xx.o
                0x080010f4                SystemInit
 .text.MX_TIM2_Init
                0x08001100       0xb0 ./Core/Src/tim.o
                0x08001100                MX_TIM2_Init
 .text.HAL_TIM_PWM_MspInit
                0x080011b0       0x38 ./Core/Src/tim.o
                0x080011b0                HAL_TIM_PWM_MspInit
 .text.HAL_TIM_MspPostInit
                0x080011e8       0x8c ./Core/Src/tim.o
                0x080011e8                HAL_TIM_MspPostInit
 .text.MX_USART1_UART_Init
                0x08001274       0x54 ./Core/Src/usart.o
                0x08001274                MX_USART1_UART_Init
 .text.HAL_UART_MspInit
                0x080012c8      0x108 ./Core/Src/usart.o
                0x080012c8                HAL_UART_MspInit
 .text.Reset_Handler
                0x080013d0       0x48 ./Core/Startup/startup_stm32f103c8tx.o
                0x080013d0                Reset_Handler
 .text.Default_Handler
                0x08001418        0x2 ./Core/Startup/startup_stm32f103c8tx.o
                0x08001418                RTC_Alarm_IRQHandler
                0x08001418                EXTI2_IRQHandler
                0x08001418                TIM1_CC_IRQHandler
                0x08001418                PVD_IRQHandler
                0x08001418                EXTI3_IRQHandler
                0x08001418                EXTI0_IRQHandler
                0x08001418                I2C2_EV_IRQHandler
                0x08001418                ADC1_2_IRQHandler
                0x08001418                SPI1_IRQHandler
                0x08001418                TAMPER_IRQHandler
                0x08001418                DMA1_Channel4_IRQHandler
                0x08001418                USART3_IRQHandler
                0x08001418                RTC_IRQHandler
                0x08001418                DMA1_Channel7_IRQHandler
                0x08001418                CAN1_RX1_IRQHandler
                0x08001418                TIM4_IRQHandler
                0x08001418                I2C1_EV_IRQHandler
                0x08001418                DMA1_Channel6_IRQHandler
                0x08001418                TIM3_IRQHandler
                0x08001418                RCC_IRQHandler
                0x08001418                TIM1_TRG_COM_IRQHandler
                0x08001418                DMA1_Channel1_IRQHandler
                0x08001418                Default_Handler
                0x08001418                EXTI15_10_IRQHandler
                0x08001418                EXTI9_5_IRQHandler
                0x08001418                SPI2_IRQHandler
                0x08001418                EXTI4_IRQHandler
                0x08001418                USB_HP_CAN1_TX_IRQHandler
                0x08001418                DMA1_Channel3_IRQHandler
                0x08001418                TIM1_UP_IRQHandler
                0x08001418                WWDG_IRQHandler
                0x08001418                TIM2_IRQHandler
                0x08001418                TIM1_BRK_IRQHandler
                0x08001418                EXTI1_IRQHandler
                0x08001418                USART2_IRQHandler
                0x08001418                I2C2_ER_IRQHandler
                0x08001418                DMA1_Channel2_IRQHandler
                0x08001418                CAN1_SCE_IRQHandler
                0x08001418                FLASH_IRQHandler
                0x08001418                USART1_IRQHandler
                0x08001418                I2C1_ER_IRQHandler
                0x08001418                USBWakeUp_IRQHandler
 *fill*         0x0800141a        0x2 
 .text.HAL_Init
                0x0800141c       0x2c ./Drivers/STM32F1xx_HAL_Driver/Src/stm32f1xx_hal.o
                0x0800141c                HAL_Init
 .text.HAL_InitTick
                0x08001448       0x60 ./Drivers/STM32F1xx_HAL_Driver/Src/stm32f1xx_hal.o
                0x08001448                HAL_InitTick
 .text.HAL_IncTick
                0x080014a8       0x24 ./Drivers/STM32F1xx_HAL_Driver/Src/stm32f1xx_hal.o
                0x080014a8                HAL_IncTick
 .text.HAL_GetTick
                0x080014cc       0x14 ./Drivers/STM32F1xx_HAL_Driver/Src/stm32f1xx_hal.o
                0x080014cc                HAL_GetTick
 .text.__NVIC_SetPriorityGrouping
                0x080014e0       0x48 ./Drivers/STM32F1xx_HAL_Driver/Src/stm32f1xx_hal_cortex.o
 .text.__NVIC_GetPriorityGrouping
                0x08001528       0x1c ./Drivers/STM32F1xx_HAL_Driver/Src/stm32f1xx_hal_cortex.o
 .text.__NVIC_EnableIRQ
                0x08001544       0x38 ./Drivers/STM32F1xx_HAL_Driver/Src/stm32f1xx_hal_cortex.o
 .text.__NVIC_SetPriority
                0x0800157c       0x54 ./Drivers/STM32F1xx_HAL_Driver/Src/stm32f1xx_hal_cortex.o
 .text.NVIC_EncodePriority
                0x080015d0       0x64 ./Drivers/STM32F1xx_HAL_Driver/Src/stm32f1xx_hal_cortex.o
 .text.SysTick_Config
                0x08001634       0x44 ./Drivers/STM32F1xx_HAL_Driver/Src/stm32f1xx_hal_cortex.o
 .text.HAL_NVIC_SetPriorityGrouping
                0x08001678       0x16 ./Drivers/STM32F1xx_HAL_Driver/Src/stm32f1xx_hal_cortex.o
                0x08001678                HAL_NVIC_SetPriorityGrouping
 .text.HAL_NVIC_SetPriority
                0x0800168e       0x38 ./Drivers/STM32F1xx_HAL_Driver/Src/stm32f1xx_hal_cortex.o
                0x0800168e                HAL_NVIC_SetPriority
 .text.HAL_NVIC_EnableIRQ
                0x080016c6       0x1c ./Drivers/STM32F1xx_HAL_Driver/Src/stm32f1xx_hal_cortex.o
                0x080016c6                HAL_NVIC_EnableIRQ
 .text.HAL_SYSTICK_Config
                0x080016e2       0x18 ./Drivers/STM32F1xx_HAL_Driver/Src/stm32f1xx_hal_cortex.o
                0x080016e2                HAL_SYSTICK_Config
 *fill*         0x080016fa        0x2 
 .text.HAL_DMA_Init
                0x080016fc       0xb4 ./Drivers/STM32F1xx_HAL_Driver/Src/stm32f1xx_hal_dma.o
                0x080016fc                HAL_DMA_Init
 .text.HAL_DMA_Start_IT
                0x080017b0       0xc0 ./Drivers/STM32F1xx_HAL_Driver/Src/stm32f1xx_hal_dma.o
                0x080017b0                HAL_DMA_Start_IT
 .text.HAL_DMA_IRQHandler
                0x08001870      0x20c ./Drivers/STM32F1xx_HAL_Driver/Src/stm32f1xx_hal_dma.o
                0x08001870                HAL_DMA_IRQHandler
 .text.DMA_SetConfig
                0x08001a7c       0x5a ./Drivers/STM32F1xx_HAL_Driver/Src/stm32f1xx_hal_dma.o
 *fill*         0x08001ad6        0x2 
 .text.HAL_FLASH_Program
                0x08001ad8       0xe0 ./Drivers/STM32F1xx_HAL_Driver/Src/stm32f1xx_hal_flash.o
                0x08001ad8                HAL_FLASH_Program
 .text.HAL_FLASH_Unlock
                0x08001bb8       0x4c ./Drivers/STM32F1xx_HAL_Driver/Src/stm32f1xx_hal_flash.o
                0x08001bb8                HAL_FLASH_Unlock
 .text.HAL_FLASH_Lock
                0x08001c04       0x20 ./Drivers/STM32F1xx_HAL_Driver/Src/stm32f1xx_hal_flash.o
                0x08001c04                HAL_FLASH_Lock
 .text.FLASH_Program_HalfWord
                0x08001c24       0x38 ./Drivers/STM32F1xx_HAL_Driver/Src/stm32f1xx_hal_flash.o
 .text.FLASH_WaitForLastOperation
                0x08001c5c       0x8c ./Drivers/STM32F1xx_HAL_Driver/Src/stm32f1xx_hal_flash.o
                0x08001c5c                FLASH_WaitForLastOperation
 .text.FLASH_SetErrorCode
                0x08001ce8       0xa0 ./Drivers/STM32F1xx_HAL_Driver/Src/stm32f1xx_hal_flash.o
 .text.HAL_FLASHEx_Erase
                0x08001d88       0xd8 ./Drivers/STM32F1xx_HAL_Driver/Src/stm32f1xx_hal_flash_ex.o
                0x08001d88                HAL_FLASHEx_Erase
 .text.FLASH_MassErase
                0x08001e60       0x38 ./Drivers/STM32F1xx_HAL_Driver/Src/stm32f1xx_hal_flash_ex.o
 .text.FLASH_PageErase
                0x08001e98       0x40 ./Drivers/STM32F1xx_HAL_Driver/Src/stm32f1xx_hal_flash_ex.o
                0x08001e98                FLASH_PageErase
 .text.HAL_GPIO_Init
                0x08001ed8      0x308 ./Drivers/STM32F1xx_HAL_Driver/Src/stm32f1xx_hal_gpio.o
                0x08001ed8                HAL_GPIO_Init
 .text.HAL_GPIO_WritePin
                0x080021e0       0x30 ./Drivers/STM32F1xx_HAL_Driver/Src/stm32f1xx_hal_gpio.o
                0x080021e0                HAL_GPIO_WritePin
 .text.HAL_PCD_Init
                0x08002210      0x1fe ./Drivers/STM32F1xx_HAL_Driver/Src/stm32f1xx_hal_pcd.o
                0x08002210                HAL_PCD_Init
 .text.HAL_PCD_Start
                0x0800240e       0x4c ./Drivers/STM32F1xx_HAL_Driver/Src/stm32f1xx_hal_pcd.o
                0x0800240e                HAL_PCD_Start
 .text.HAL_PCD_IRQHandler
                0x0800245a      0x260 ./Drivers/STM32F1xx_HAL_Driver/Src/stm32f1xx_hal_pcd.o
                0x0800245a                HAL_PCD_IRQHandler
 .text.HAL_PCD_SetAddress
                0x080026ba       0x4a ./Drivers/STM32F1xx_HAL_Driver/Src/stm32f1xx_hal_pcd.o
                0x080026ba                HAL_PCD_SetAddress
 .text.HAL_PCD_EP_Open
                0x08002704       0xba ./Drivers/STM32F1xx_HAL_Driver/Src/stm32f1xx_hal_pcd.o
                0x08002704                HAL_PCD_EP_Open
 .text.HAL_PCD_EP_Close
                0x080027be       0x90 ./Drivers/STM32F1xx_HAL_Driver/Src/stm32f1xx_hal_pcd.o
                0x080027be                HAL_PCD_EP_Close
 .text.HAL_PCD_EP_Receive
                0x0800284e       0x62 ./Drivers/STM32F1xx_HAL_Driver/Src/stm32f1xx_hal_pcd.o
                0x0800284e                HAL_PCD_EP_Receive
 .text.HAL_PCD_EP_GetRxCount
                0x080028b0       0x2e ./Drivers/STM32F1xx_HAL_Driver/Src/stm32f1xx_hal_pcd.o
                0x080028b0                HAL_PCD_EP_GetRxCount
 .text.HAL_PCD_EP_Transmit
                0x080028de       0x6e ./Drivers/STM32F1xx_HAL_Driver/Src/stm32f1xx_hal_pcd.o
                0x080028de                HAL_PCD_EP_Transmit
 .text.HAL_PCD_EP_SetStall
                0x0800294c       0xc0 ./Drivers/STM32F1xx_HAL_Driver/Src/stm32f1xx_hal_pcd.o
                0x0800294c                HAL_PCD_EP_SetStall
 .text.HAL_PCD_EP_ClrStall
                0x08002a0c       0xa8 ./Drivers/STM32F1xx_HAL_Driver/Src/stm32f1xx_hal_pcd.o
                0x08002a0c                HAL_PCD_EP_ClrStall
 .text.PCD_EP_ISR_Handler
                0x08002ab4      0x7a4 ./Drivers/STM32F1xx_HAL_Driver/Src/stm32f1xx_hal_pcd.o
 .text.HAL_PCD_EP_DB_Receive
                0x08003258      0x21a ./Drivers/STM32F1xx_HAL_Driver/Src/stm32f1xx_hal_pcd.o
 .text.HAL_PCD_EP_DB_Transmit
                0x08003472      0x7f4 ./Drivers/STM32F1xx_HAL_Driver/Src/stm32f1xx_hal_pcd.o
 .text.HAL_PCDEx_PMAConfig
                0x08003c66       0x84 ./Drivers/STM32F1xx_HAL_Driver/Src/stm32f1xx_hal_pcd_ex.o
                0x08003c66                HAL_PCDEx_PMAConfig
 *fill*         0x08003cea        0x2 
 .text.HAL_RCC_OscConfig
                0x08003cec      0x504 ./Drivers/STM32F1xx_HAL_Driver/Src/stm32f1xx_hal_rcc.o
                0x08003cec                HAL_RCC_OscConfig
 .text.HAL_RCC_ClockConfig
                0x080041f0      0x1d4 ./Drivers/STM32F1xx_HAL_Driver/Src/stm32f1xx_hal_rcc.o
                0x080041f0                HAL_RCC_ClockConfig
 .text.HAL_RCC_GetSysClockFreq
                0x080043c4       0xa8 ./Drivers/STM32F1xx_HAL_Driver/Src/stm32f1xx_hal_rcc.o
                0x080043c4                HAL_RCC_GetSysClockFreq
 .text.HAL_RCC_GetHCLKFreq
                0x0800446c       0x14 ./Drivers/STM32F1xx_HAL_Driver/Src/stm32f1xx_hal_rcc.o
                0x0800446c                HAL_RCC_GetHCLKFreq
 .text.HAL_RCC_GetPCLK1Freq
                0x08004480       0x28 ./Drivers/STM32F1xx_HAL_Driver/Src/stm32f1xx_hal_rcc.o
                0x08004480                HAL_RCC_GetPCLK1Freq
 .text.HAL_RCC_GetPCLK2Freq
                0x080044a8       0x28 ./Drivers/STM32F1xx_HAL_Driver/Src/stm32f1xx_hal_rcc.o
                0x080044a8                HAL_RCC_GetPCLK2Freq
 .text.RCC_Delay
                0x080044d0       0x3c ./Drivers/STM32F1xx_HAL_Driver/Src/stm32f1xx_hal_rcc.o
 .text.HAL_RCCEx_PeriphCLKConfig
                0x0800450c      0x16c ./Drivers/STM32F1xx_HAL_Driver/Src/stm32f1xx_hal_rcc_ex.o
                0x0800450c                HAL_RCCEx_PeriphCLKConfig
 .text.HAL_TIM_PWM_Init
                0x08004678       0x9e ./Drivers/STM32F1xx_HAL_Driver/Src/stm32f1xx_hal_tim.o
                0x08004678                HAL_TIM_PWM_Init
 *fill*         0x08004716        0x2 
 .text.HAL_TIM_PWM_ConfigChannel
                0x08004718      0x184 ./Drivers/STM32F1xx_HAL_Driver/Src/stm32f1xx_hal_tim.o
                0x08004718                HAL_TIM_PWM_ConfigChannel
 .text.TIM_Base_SetConfig
                0x0800489c       0xc4 ./Drivers/STM32F1xx_HAL_Driver/Src/stm32f1xx_hal_tim.o
                0x0800489c                TIM_Base_SetConfig
 .text.TIM_OC1_SetConfig
                0x08004960       0xcc ./Drivers/STM32F1xx_HAL_Driver/Src/stm32f1xx_hal_tim.o
 .text.TIM_OC2_SetConfig
                0x08004a2c       0xd4 ./Drivers/STM32F1xx_HAL_Driver/Src/stm32f1xx_hal_tim.o
                0x08004a2c                TIM_OC2_SetConfig
 .text.TIM_OC3_SetConfig
                0x08004b00       0xd4 ./Drivers/STM32F1xx_HAL_Driver/Src/stm32f1xx_hal_tim.o
 .text.TIM_OC4_SetConfig
                0x08004bd4       0x9c ./Drivers/STM32F1xx_HAL_Driver/Src/stm32f1xx_hal_tim.o
 .text.HAL_TIMEx_MasterConfigSynchronization
                0x08004c70       0xbc ./Drivers/STM32F1xx_HAL_Driver/Src/stm32f1xx_hal_tim_ex.o
                0x08004c70                HAL_TIMEx_MasterConfigSynchronization
 .text.HAL_UART_Init
                0x08004d2c       0xa0 ./Drivers/STM32F1xx_HAL_Driver/Src/stm32f1xx_hal_uart.o
                0x08004d2c                HAL_UART_Init
 .text.HAL_UARTEx_ReceiveToIdle_DMA
                0x08004dcc       0xba ./Drivers/STM32F1xx_HAL_Driver/Src/stm32f1xx_hal_uart.o
                0x08004dcc                HAL_UARTEx_ReceiveToIdle_DMA
 .text.HAL_UART_RxHalfCpltCallback
                0x08004e86       0x12 ./Drivers/STM32F1xx_HAL_Driver/Src/stm32f1xx_hal_uart.o
                0x08004e86                HAL_UART_RxHalfCpltCallback
 .text.HAL_UART_ErrorCallback
                0x08004e98       0x12 ./Drivers/STM32F1xx_HAL_Driver/Src/stm32f1xx_hal_uart.o
                0x08004e98                HAL_UART_ErrorCallback
 .text.HAL_UARTEx_RxEventCallback
                0x08004eaa       0x16 ./Drivers/STM32F1xx_HAL_Driver/Src/stm32f1xx_hal_uart.o
                0x08004eaa                HAL_UARTEx_RxEventCallback
 .text.UART_DMAReceiveCplt
                0x08004ec0      0x12c ./Drivers/STM32F1xx_HAL_Driver/Src/stm32f1xx_hal_uart.o
 .text.UART_DMARxHalfCplt
                0x08004fec       0x3c ./Drivers/STM32F1xx_HAL_Driver/Src/stm32f1xx_hal_uart.o
 .text.UART_DMAError
                0x08005028       0x94 ./Drivers/STM32F1xx_HAL_Driver/Src/stm32f1xx_hal_uart.o
 .text.UART_Start_Receive_DMA
                0x080050bc      0x134 ./Drivers/STM32F1xx_HAL_Driver/Src/stm32f1xx_hal_uart.o
                0x080050bc                UART_Start_Receive_DMA
 .text.UART_EndTxTransfer
                0x080051f0       0x4e ./Drivers/STM32F1xx_HAL_Driver/Src/stm32f1xx_hal_uart.o
 .text.UART_EndRxTransfer
                0x0800523e       0xc4 ./Drivers/STM32F1xx_HAL_Driver/Src/stm32f1xx_hal_uart.o
 *fill*         0x08005302        0x2 
 .text.UART_SetConfig
                0x08005304      0x11c ./Drivers/STM32F1xx_HAL_Driver/Src/stm32f1xx_hal_uart.o
 .text.USB_CoreInit
                0x08005420       0x20 ./Drivers/STM32F1xx_HAL_Driver/Src/stm32f1xx_ll_usb.o
                0x08005420                USB_CoreInit
 .text.USB_EnableGlobalInt
                0x08005440       0x2c ./Drivers/STM32F1xx_HAL_Driver/Src/stm32f1xx_ll_usb.o
                0x08005440                USB_EnableGlobalInt
 .text.USB_DisableGlobalInt
                0x0800546c       0x34 ./Drivers/STM32F1xx_HAL_Driver/Src/stm32f1xx_ll_usb.o
                0x0800546c                USB_DisableGlobalInt
 .text.USB_SetCurrentMode
                0x080054a0       0x18 ./Drivers/STM32F1xx_HAL_Driver/Src/stm32f1xx_ll_usb.o
                0x080054a0                USB_SetCurrentMode
 .text.USB_DevInit
                0x080054b8       0x40 ./Drivers/STM32F1xx_HAL_Driver/Src/stm32f1xx_ll_usb.o
                0x080054b8                USB_DevInit
 .text.USB_ActivateEndpoint
                0x080054f8      0x780 ./Drivers/STM32F1xx_HAL_Driver/Src/stm32f1xx_ll_usb.o
                0x080054f8                USB_ActivateEndpoint
 .text.USB_DeactivateEndpoint
                0x08005c78      0x3d8 ./Drivers/STM32F1xx_HAL_Driver/Src/stm32f1xx_ll_usb.o
                0x08005c78                USB_DeactivateEndpoint
 .text.USB_EPStartXfer
                0x08006050     0x1762 ./Drivers/STM32F1xx_HAL_Driver/Src/stm32f1xx_ll_usb.o
                0x08006050                USB_EPStartXfer
 .text.USB_EPSetStall
                0x080077b2       0xa0 ./Drivers/STM32F1xx_HAL_Driver/Src/stm32f1xx_ll_usb.o
                0x080077b2                USB_EPSetStall
 .text.USB_EPClearStall
                0x08007852      0x15a ./Drivers/STM32F1xx_HAL_Driver/Src/stm32f1xx_ll_usb.o
                0x08007852                USB_EPClearStall
 .text.USB_SetDevAddress
                0x080079ac       0x26 ./Drivers/STM32F1xx_HAL_Driver/Src/stm32f1xx_ll_usb.o
                0x080079ac                USB_SetDevAddress
 .text.USB_DevConnect
                0x080079d2       0x14 ./Drivers/STM32F1xx_HAL_Driver/Src/stm32f1xx_ll_usb.o
                0x080079d2                USB_DevConnect
 .text.USB_DevDisconnect
                0x080079e6       0x14 ./Drivers/STM32F1xx_HAL_Driver/Src/stm32f1xx_ll_usb.o
                0x080079e6                USB_DevDisconnect
 .text.USB_ReadInterrupts
                0x080079fa       0x1e ./Drivers/STM32F1xx_HAL_Driver/Src/stm32f1xx_ll_usb.o
                0x080079fa                USB_ReadInterrupts
 .text.USB_EP0_OutStart
                0x08007a18       0x16 ./Drivers/STM32F1xx_HAL_Driver/Src/stm32f1xx_ll_usb.o
                0x08007a18                USB_EP0_OutStart
 .text.USB_WritePMA
                0x08007a2e       0x8c ./Drivers/STM32F1xx_HAL_Driver/Src/stm32f1xx_ll_usb.o
                0x08007a2e                USB_WritePMA
 .text.USB_ReadPMA
                0x08007aba       0x9e ./Drivers/STM32F1xx_HAL_Driver/Src/stm32f1xx_ll_usb.o
                0x08007aba                USB_ReadPMA
 .text.USBD_CDC_Init
                0x08007b58       0xf4 ./Middlewares/ST/STM32_USB_Device_Library/Class/CDC/Src/usbd_cdc.o
 .text.USBD_CDC_DeInit
                0x08007c4c       0x6e ./Middlewares/ST/STM32_USB_Device_Library/Class/CDC/Src/usbd_cdc.o
 .text.USBD_CDC_Setup
                0x08007cba      0x146 ./Middlewares/ST/STM32_USB_Device_Library/Class/CDC/Src/usbd_cdc.o
 .text.USBD_CDC_DataIn
                0x08007e00       0xa6 ./Middlewares/ST/STM32_USB_Device_Library/Class/CDC/Src/usbd_cdc.o
 .text.USBD_CDC_DataOut
                0x08007ea6       0x56 ./Middlewares/ST/STM32_USB_Device_Library/Class/CDC/Src/usbd_cdc.o
 .text.USBD_CDC_EP0_RxReady
                0x08007efc       0x4e ./Middlewares/ST/STM32_USB_Device_Library/Class/CDC/Src/usbd_cdc.o
 *fill*         0x08007f4a        0x2 
 .text.USBD_CDC_GetFSCfgDesc
                0x08007f4c       0x20 ./Middlewares/ST/STM32_USB_Device_Library/Class/CDC/Src/usbd_cdc.o
 .text.USBD_CDC_GetHSCfgDesc
                0x08007f6c       0x20 ./Middlewares/ST/STM32_USB_Device_Library/Class/CDC/Src/usbd_cdc.o
 .text.USBD_CDC_GetOtherSpeedCfgDesc
                0x08007f8c       0x20 ./Middlewares/ST/STM32_USB_Device_Library/Class/CDC/Src/usbd_cdc.o
 .text.USBD_CDC_GetDeviceQualifierDescriptor
                0x08007fac       0x20 ./Middlewares/ST/STM32_USB_Device_Library/Class/CDC/Src/usbd_cdc.o
                0x08007fac                USBD_CDC_GetDeviceQualifierDescriptor
 .text.USBD_CDC_RegisterInterface
                0x08007fcc       0x2c ./Middlewares/ST/STM32_USB_Device_Library/Class/CDC/Src/usbd_cdc.o
                0x08007fcc                USBD_CDC_RegisterInterface
 .text.USBD_CDC_SetTxBuffer
                0x08007ff8       0x32 ./Middlewares/ST/STM32_USB_Device_Library/Class/CDC/Src/usbd_cdc.o
                0x08007ff8                USBD_CDC_SetTxBuffer
 .text.USBD_CDC_SetRxBuffer
                0x0800802a       0x26 ./Middlewares/ST/STM32_USB_Device_Library/Class/CDC/Src/usbd_cdc.o
                0x0800802a                USBD_CDC_SetRxBuffer
 .text.USBD_CDC_ReceivePacket
                0x08008050       0x54 ./Middlewares/ST/STM32_USB_Device_Library/Class/CDC/Src/usbd_cdc.o
                0x08008050                USBD_CDC_ReceivePacket
 .text.USBD_Init
                0x080080a4       0x56 ./Middlewares/ST/STM32_USB_Device_Library/Core/Src/usbd_core.o
                0x080080a4                USBD_Init
 .text.USBD_RegisterClass
                0x080080fa       0x32 ./Middlewares/ST/STM32_USB_Device_Library/Core/Src/usbd_core.o
                0x080080fa                USBD_RegisterClass
 .text.USBD_Start
                0x0800812c       0x18 ./Middlewares/ST/STM32_USB_Device_Library/Core/Src/usbd_core.o
                0x0800812c                USBD_Start
 .text.USBD_RunTestMode
                0x08008144       0x14 ./Middlewares/ST/STM32_USB_Device_Library/Core/Src/usbd_core.o
                0x08008144                USBD_RunTestMode
 .text.USBD_SetClassConfig
                0x08008158       0x3e ./Middlewares/ST/STM32_USB_Device_Library/Core/Src/usbd_core.o
                0x08008158                USBD_SetClassConfig
 .text.USBD_ClrClassConfig
                0x08008196       0x26 ./Middlewares/ST/STM32_USB_Device_Library/Core/Src/usbd_core.o
                0x08008196                USBD_ClrClassConfig
 .text.USBD_LL_SetupStage
                0x080081bc       0x9a ./Middlewares/ST/STM32_USB_Device_Library/Core/Src/usbd_core.o
                0x080081bc                USBD_LL_SetupStage
 .text.USBD_LL_DataOutStage
                0x08008256       0xe2 ./Middlewares/ST/STM32_USB_Device_Library/Core/Src/usbd_core.o
                0x08008256                USBD_LL_DataOutStage
 .text.USBD_LL_DataInStage
                0x08008338      0x14a ./Middlewares/ST/STM32_USB_Device_Library/Core/Src/usbd_core.o
                0x08008338                USBD_LL_DataInStage
 .text.USBD_LL_Reset
                0x08008482       0x82 ./Middlewares/ST/STM32_USB_Device_Library/Core/Src/usbd_core.o
                0x08008482                USBD_LL_Reset
 .text.USBD_LL_SetSpeed
                0x08008504       0x1e ./Middlewares/ST/STM32_USB_Device_Library/Core/Src/usbd_core.o
                0x08008504                USBD_LL_SetSpeed
 .text.USBD_LL_Suspend
                0x08008522       0x28 ./Middlewares/ST/STM32_USB_Device_Library/Core/Src/usbd_core.o
                0x08008522                USBD_LL_Suspend
 .text.USBD_LL_Resume
                0x0800854a       0x2a ./Middlewares/ST/STM32_USB_Device_Library/Core/Src/usbd_core.o
                0x0800854a                USBD_LL_Resume
 .text.USBD_LL_SOF
                0x08008574       0x34 ./Middlewares/ST/STM32_USB_Device_Library/Core/Src/usbd_core.o
                0x08008574                USBD_LL_SOF
 .text.USBD_StdDevReq
                0x080085a8       0xd4 ./Middlewares/ST/STM32_USB_Device_Library/Core/Src/usbd_ctlreq.o
                0x080085a8                USBD_StdDevReq
 .text.USBD_StdItfReq
                0x0800867c       0x90 ./Middlewares/ST/STM32_USB_Device_Library/Core/Src/usbd_ctlreq.o
                0x0800867c                USBD_StdItfReq
 .text.USBD_StdEPReq
                0x0800870c      0x2c6 ./Middlewares/ST/STM32_USB_Device_Library/Core/Src/usbd_ctlreq.o
                0x0800870c                USBD_StdEPReq
 *fill*         0x080089d2        0x2 
 .text.USBD_GetDescriptor
                0x080089d4      0x2d0 ./Middlewares/ST/STM32_USB_Device_Library/Core/Src/usbd_ctlreq.o
 .text.USBD_SetAddress
                0x08008ca4       0x86 ./Middlewares/ST/STM32_USB_Device_Library/Core/Src/usbd_ctlreq.o
 *fill*         0x08008d2a        0x2 
 .text.USBD_SetConfig
                0x08008d2c      0x11c ./Middlewares/ST/STM32_USB_Device_Library/Core/Src/usbd_ctlreq.o
 .text.USBD_GetConfig
                0x08008e48       0x6a ./Middlewares/ST/STM32_USB_Device_Library/Core/Src/usbd_ctlreq.o
 .text.USBD_GetStatus
                0x08008eb2       0x66 ./Middlewares/ST/STM32_USB_Device_Library/Core/Src/usbd_ctlreq.o
 .text.USBD_SetFeature
                0x08008f18       0x28 ./Middlewares/ST/STM32_USB_Device_Library/Core/Src/usbd_ctlreq.o
 .text.USBD_ClrFeature
                0x08008f40       0x42 ./Middlewares/ST/STM32_USB_Device_Library/Core/Src/usbd_ctlreq.o
 .text.USBD_ParseSetupRequest
                0x08008f82       0x72 ./Middlewares/ST/STM32_USB_Device_Library/Core/Src/usbd_ctlreq.o
                0x08008f82                USBD_ParseSetupRequest
 .text.USBD_CtlError
                0x08008ff4       0x22 ./Middlewares/ST/STM32_USB_Device_Library/Core/Src/usbd_ctlreq.o
                0x08008ff4                USBD_CtlError
 .text.USBD_GetString
                0x08009016       0x84 ./Middlewares/ST/STM32_USB_Device_Library/Core/Src/usbd_ctlreq.o
                0x08009016                USBD_GetString
 .text.USBD_GetLen
                0x0800909a       0x2e ./Middlewares/ST/STM32_USB_Device_Library/Core/Src/usbd_ctlreq.o
 .text.USBD_CtlSendData
                0x080090c8       0x38 ./Middlewares/ST/STM32_USB_Device_Library/Core/Src/usbd_ioreq.o
                0x080090c8                USBD_CtlSendData
 .text.USBD_CtlContinueSendData
                0x08009100       0x24 ./Middlewares/ST/STM32_USB_Device_Library/Core/Src/usbd_ioreq.o
                0x08009100                USBD_CtlContinueSendData
 .text.USBD_CtlPrepareRx
                0x08009124       0x3c ./Middlewares/ST/STM32_USB_Device_Library/Core/Src/usbd_ioreq.o
                0x08009124                USBD_CtlPrepareRx
 .text.USBD_CtlContinueRx
                0x08009160       0x24 ./Middlewares/ST/STM32_USB_Device_Library/Core/Src/usbd_ioreq.o
                0x08009160                USBD_CtlContinueRx
 .text.USBD_CtlSendStatus
                0x08009184       0x26 ./Middlewares/ST/STM32_USB_Device_Library/Core/Src/usbd_ioreq.o
                0x08009184                USBD_CtlSendStatus
 .text.USBD_CtlReceiveStatus
                0x080091aa       0x26 ./Middlewares/ST/STM32_USB_Device_Library/Core/Src/usbd_ioreq.o
                0x080091aa                USBD_CtlReceiveStatus
 .text.MX_USB_DEVICE_Init
                0x080091d0       0x60 ./USB_DEVICE/App/usb_device.o
                0x080091d0                MX_USB_DEVICE_Init
 .text.CDC_Init_FS
                0x08009230       0x28 ./USB_DEVICE/App/usbd_cdc_if.o
 .text.CDC_DeInit_FS
                0x08009258        0xe ./USB_DEVICE/App/usbd_cdc_if.o
 *fill*         0x08009266        0x2 
 .text.CDC_Control_FS
                0x08009268       0xbc ./USB_DEVICE/App/usbd_cdc_if.o
 .text.CDC_Receive_FS
                0x08009324       0x28 ./USB_DEVICE/App/usbd_cdc_if.o
 .text.USBD_FS_DeviceDescriptor
                0x0800934c       0x24 ./USB_DEVICE/App/usbd_desc.o
                0x0800934c                USBD_FS_DeviceDescriptor
 .text.USBD_FS_LangIDStrDescriptor
                0x08009370       0x24 ./USB_DEVICE/App/usbd_desc.o
                0x08009370                USBD_FS_LangIDStrDescriptor
 .text.USBD_FS_ProductStrDescriptor
                0x08009394       0x3c ./USB_DEVICE/App/usbd_desc.o
                0x08009394                USBD_FS_ProductStrDescriptor
 .text.USBD_FS_ManufacturerStrDescriptor
                0x080093d0       0x28 ./USB_DEVICE/App/usbd_desc.o
                0x080093d0                USBD_FS_ManufacturerStrDescriptor
 .text.USBD_FS_SerialStrDescriptor
                0x080093f8       0x24 ./USB_DEVICE/App/usbd_desc.o
                0x080093f8                USBD_FS_SerialStrDescriptor
 .text.USBD_FS_ConfigStrDescriptor
                0x0800941c       0x3c ./USB_DEVICE/App/usbd_desc.o
                0x0800941c                USBD_FS_ConfigStrDescriptor
 .text.USBD_FS_InterfaceStrDescriptor
                0x08009458       0x3c ./USB_DEVICE/App/usbd_desc.o
                0x08009458                USBD_FS_InterfaceStrDescriptor
 .text.Get_SerialNum
                0x08009494       0x58 ./USB_DEVICE/App/usbd_desc.o
 .text.IntToUnicode
                0x080094ec       0x7c ./USB_DEVICE/App/usbd_desc.o
 .text.HAL_PCD_MspInit
                0x08009568       0x4c ./USB_DEVICE/Target/usbd_conf.o
                0x08009568                HAL_PCD_MspInit
 .text.HAL_PCD_SetupStageCallback
                0x080095b4       0x24 ./USB_DEVICE/Target/usbd_conf.o
                0x080095b4                HAL_PCD_SetupStageCallback
 .text.HAL_PCD_DataOutStageCallback
                0x080095d8       0x36 ./USB_DEVICE/Target/usbd_conf.o
                0x080095d8                HAL_PCD_DataOutStageCallback
 .text.HAL_PCD_DataInStageCallback
                0x0800960e       0x34 ./USB_DEVICE/Target/usbd_conf.o
                0x0800960e                HAL_PCD_DataInStageCallback
 .text.HAL_PCD_SOFCallback
                0x08009642       0x1c ./USB_DEVICE/Target/usbd_conf.o
                0x08009642                HAL_PCD_SOFCallback
 .text.HAL_PCD_ResetCallback
                0x0800965e       0x3c ./USB_DEVICE/Target/usbd_conf.o
                0x0800965e                HAL_PCD_ResetCallback
 *fill*         0x0800969a        0x2 
 .text.HAL_PCD_SuspendCallback
                0x0800969c       0x34 ./USB_DEVICE/Target/usbd_conf.o
                0x0800969c                HAL_PCD_SuspendCallback
 .text.HAL_PCD_ResumeCallback
                0x080096d0       0x1c ./USB_DEVICE/Target/usbd_conf.o
                0x080096d0                HAL_PCD_ResumeCallback
 .text.USBD_LL_Init
                0x080096ec       0xb4 ./USB_DEVICE/Target/usbd_conf.o
                0x080096ec                USBD_LL_Init
 .text.USBD_LL_Start
                0x080097a0       0x36 ./USB_DEVICE/Target/usbd_conf.o
                0x080097a0                USBD_LL_Start
 .text.USBD_LL_OpenEP
                0x080097d6       0x4c ./USB_DEVICE/Target/usbd_conf.o
                0x080097d6                USBD_LL_OpenEP
 .text.USBD_LL_CloseEP
                0x08009822       0x3e ./USB_DEVICE/Target/usbd_conf.o
                0x08009822                USBD_LL_CloseEP
 .text.USBD_LL_StallEP
                0x08009860       0x3e ./USB_DEVICE/Target/usbd_conf.o
                0x08009860                USBD_LL_StallEP
 .text.USBD_LL_ClearStallEP
                0x0800989e       0x3e ./USB_DEVICE/Target/usbd_conf.o
                0x0800989e                USBD_LL_ClearStallEP
 .text.USBD_LL_IsStallEP
                0x080098dc       0x58 ./USB_DEVICE/Target/usbd_conf.o
                0x080098dc                USBD_LL_IsStallEP
 .text.USBD_LL_SetUSBAddress
                0x08009934       0x3e ./USB_DEVICE/Target/usbd_conf.o
                0x08009934                USBD_LL_SetUSBAddress
 .text.USBD_LL_Transmit
                0x08009972       0x46 ./USB_DEVICE/Target/usbd_conf.o
                0x08009972                USBD_LL_Transmit
 .text.USBD_LL_PrepareReceive
                0x080099b8       0x46 ./USB_DEVICE/Target/usbd_conf.o
                0x080099b8                USBD_LL_PrepareReceive
 .text.USBD_LL_GetRxDataSize
                0x080099fe       0x26 ./USB_DEVICE/Target/usbd_conf.o
                0x080099fe                USBD_LL_GetRxDataSize
 .text.USBD_static_malloc
                0x08009a24       0x18 ./USB_DEVICE/Target/usbd_conf.o
                0x08009a24                USBD_static_malloc
 .text.USBD_static_free
                0x08009a3c       0x12 ./USB_DEVICE/Target/usbd_conf.o
                0x08009a3c                USBD_static_free
 .text.HAL_PCDEx_SetConnectionState
                0x08009a4e       0x16 ./USB_DEVICE/Target/usbd_conf.o
                0x08009a4e                HAL_PCDEx_SetConnectionState
 .text.USBD_Get_USB_Status
                0x08009a64       0x58 ./USB_DEVICE/Target/usbd_conf.o
 .text.memset   0x08009abc       0x10 D:/Mechatronics/STM32CubeIDE/STM32CubeIDE_1.18.0/STM32CubeIDE/plugins/com.st.stm32cube.ide.mcu.externaltools.gnu-tools-for-stm32.13.3.rel1.win32_1.0.0.202411081344/tools/bin/../lib/gcc/arm-none-eabi/13.3.1/../../../../arm-none-eabi/lib/thumb/v7-m/nofp\libc_nano.a(libc_a-memset.o)
                0x08009abc                memset
 .text.__libc_init_array
                0x08009acc       0x48 D:/Mechatronics/STM32CubeIDE/STM32CubeIDE_1.18.0/STM32CubeIDE/plugins/com.st.stm32cube.ide.mcu.externaltools.gnu-tools-for-stm32.13.3.rel1.win32_1.0.0.202411081344/tools/bin/../lib/gcc/arm-none-eabi/13.3.1/../../../../arm-none-eabi/lib/thumb/v7-m/nofp\libc_nano.a(libc_a-init.o)
                0x08009acc                __libc_init_array
 *(.glue_7)
 .glue_7        0x08009b14        0x0 linker stubs
 *(.glue_7t)
 .glue_7t       0x08009b14        0x0 linker stubs
 *(.eh_frame)
 .eh_frame      0x08009b14        0x0 D:/Mechatronics/STM32CubeIDE/STM32CubeIDE_1.18.0/STM32CubeIDE/plugins/com.st.stm32cube.ide.mcu.externaltools.gnu-tools-for-stm32.13.3.rel1.win32_1.0.0.202411081344/tools/bin/../lib/gcc/arm-none-eabi/13.3.1/thumb/v7-m/nofp/crtbegin.o
 *(.init)
 .init          0x08009b14        0x4 D:/Mechatronics/STM32CubeIDE/STM32CubeIDE_1.18.0/STM32CubeIDE/plugins/com.st.stm32cube.ide.mcu.externaltools.gnu-tools-for-stm32.13.3.rel1.win32_1.0.0.202411081344/tools/bin/../lib/gcc/arm-none-eabi/13.3.1/thumb/v7-m/nofp/crti.o
                0x08009b14                _init
 .init          0x08009b18        0x8 D:/Mechatronics/STM32CubeIDE/STM32CubeIDE_1.18.0/STM32CubeIDE/plugins/com.st.stm32cube.ide.mcu.externaltools.gnu-tools-for-stm32.13.3.rel1.win32_1.0.0.202411081344/tools/bin/../lib/gcc/arm-none-eabi/13.3.1/thumb/v7-m/nofp/crtn.o
 *(.fini)
 .fini          0x08009b20        0x4 D:/Mechatronics/STM32CubeIDE/STM32CubeIDE_1.18.0/STM32CubeIDE/plugins/com.st.stm32cube.ide.mcu.externaltools.gnu-tools-for-stm32.13.3.rel1.win32_1.0.0.202411081344/tools/bin/../lib/gcc/arm-none-eabi/13.3.1/thumb/v7-m/nofp/crti.o
                0x08009b20                _fini
 .fini          0x08009b24        0x8 D:/Mechatronics/STM32CubeIDE/STM32CubeIDE_1.18.0/STM32CubeIDE/plugins/com.st.stm32cube.ide.mcu.externaltools.gnu-tools-for-stm32.13.3.rel1.win32_1.0.0.202411081344/tools/bin/../lib/gcc/arm-none-eabi/13.3.1/thumb/v7-m/nofp/crtn.o
                0x08009b2c                        . = ALIGN (0x4)
                0x08009b2c                        _etext = .

.vfp11_veneer   0x08009b2c        0x0
 .vfp11_veneer  0x08009b2c        0x0 linker stubs

.v4_bx          0x08009b2c        0x0
 .v4_bx         0x08009b2c        0x0 linker stubs

.iplt           0x08009b2c        0x0
 .iplt          0x08009b2c        0x0 D:/Mechatronics/STM32CubeIDE/STM32CubeIDE_1.18.0/STM32CubeIDE/plugins/com.st.stm32cube.ide.mcu.externaltools.gnu-tools-for-stm32.13.3.rel1.win32_1.0.0.202411081344/tools/bin/../lib/gcc/arm-none-eabi/13.3.1/thumb/v7-m/nofp/crtbegin.o

.rodata         0x08009b2c       0x7c
                0x08009b2c                        . = ALIGN (0x4)
 *(.rodata)
 .rodata        0x08009b2c        0x6 ./Core/Src/mtdriver_usbcdc.o
 *fill*         0x08009b32        0x2 
 .rodata        0x08009b34       0x46 ./USB_DEVICE/App/usbd_desc.o
 *(.rodata*)
 *fill*         0x08009b7a        0x2 
 .rodata.AHBPrescTable
                0x08009b7c       0x10 ./Core/Src/system_stm32f1xx.o
                0x08009b7c                AHBPrescTable
 .rodata.APBPrescTable
                0x08009b8c        0x8 ./Core/Src/system_stm32f1xx.o
                0x08009b8c                APBPrescTable
 .rodata.aPLLMULFactorTable.1
                0x08009b94       0x10 ./Drivers/STM32F1xx_HAL_Driver/Src/stm32f1xx_hal_rcc.o
 .rodata.aPredivFactorTable.0
                0x08009ba4        0x2 ./Drivers/STM32F1xx_HAL_Driver/Src/stm32f1xx_hal_rcc.o
                0x08009ba8                        . = ALIGN (0x4)
 *fill*         0x08009ba6        0x2 

.ARM.extab      0x08009ba8        0x0
                0x08009ba8                        . = ALIGN (0x4)
 *(.ARM.extab* .gnu.linkonce.armextab.*)
                0x08009ba8                        . = ALIGN (0x4)

.ARM            0x08009ba8        0x0
                0x08009ba8                        . = ALIGN (0x4)
                0x08009ba8                        __exidx_start = .
 *(.ARM.exidx*)
                0x08009ba8                        __exidx_end = .
                0x08009ba8                        . = ALIGN (0x4)

.preinit_array  0x08009ba8        0x0
                0x08009ba8                        . = ALIGN (0x4)
                0x08009ba8                        PROVIDE (__preinit_array_start = .)
 *(.preinit_array*)
                0x08009ba8                        PROVIDE (__preinit_array_end = .)
                0x08009ba8                        . = ALIGN (0x4)

.init_array     0x08009ba8        0x4
                0x08009ba8                        . = ALIGN (0x4)
                0x08009ba8                        PROVIDE (__init_array_start = .)
 *(SORT_BY_NAME(.init_array.*))
 *(.init_array*)
 .init_array    0x08009ba8        0x4 D:/Mechatronics/STM32CubeIDE/STM32CubeIDE_1.18.0/STM32CubeIDE/plugins/com.st.stm32cube.ide.mcu.externaltools.gnu-tools-for-stm32.13.3.rel1.win32_1.0.0.202411081344/tools/bin/../lib/gcc/arm-none-eabi/13.3.1/thumb/v7-m/nofp/crtbegin.o
                0x08009bac                        PROVIDE (__init_array_end = .)
                0x08009bac                        . = ALIGN (0x4)

.fini_array     0x08009bac        0x4
                0x08009bac                        . = ALIGN (0x4)
                [!provide]                        PROVIDE (__fini_array_start = .)
 *(SORT_BY_NAME(.fini_array.*))
 *(.fini_array*)
 .fini_array    0x08009bac        0x4 D:/Mechatronics/STM32CubeIDE/STM32CubeIDE_1.18.0/STM32CubeIDE/plugins/com.st.stm32cube.ide.mcu.externaltools.gnu-tools-for-stm32.13.3.rel1.win32_1.0.0.202411081344/tools/bin/../lib/gcc/arm-none-eabi/13.3.1/thumb/v7-m/nofp/crtbegin.o
                [!provide]                        PROVIDE (__fini_array_end = .)
                0x08009bb0                        . = ALIGN (0x4)
                0x08009bb0                        _sidata = LOADADDR (.data)

.rel.dyn        0x08009bb0        0x0
 .rel.iplt      0x08009bb0        0x0 D:/Mechatronics/STM32CubeIDE/STM32CubeIDE_1.18.0/STM32CubeIDE/plugins/com.st.stm32cube.ide.mcu.externaltools.gnu-tools-for-stm32.13.3.rel1.win32_1.0.0.202411081344/tools/bin/../lib/gcc/arm-none-eabi/13.3.1/thumb/v7-m/nofp/crtbegin.o

.data           0x20000000      0x180 load address 0x08009bb0
                0x20000000                        . = ALIGN (0x4)
                0x20000000                        _sdata = .
 *(.data)
 *(.data*)
 .data.VirtAddVarTab
                0x20000000        0x2 ./Core/Src/main.o
                0x20000000                VirtAddVarTab
 *fill*         0x20000002        0x2 
 .data.SystemCoreClock
                0x20000004        0x4 ./Core/Src/system_stm32f1xx.o
                0x20000004                SystemCoreClock
 .data.uwTickPrio
                0x20000008        0x4 ./Drivers/STM32F1xx_HAL_Driver/Src/stm32f1xx_hal.o
                0x20000008                uwTickPrio
 .data.uwTickFreq
                0x2000000c        0x1 ./Drivers/STM32F1xx_HAL_Driver/Src/stm32f1xx_hal.o
                0x2000000c                uwTickFreq
 *fill*         0x2000000d        0x3 
 .data.USBD_CDC_DeviceQualifierDesc
                0x20000010        0xa ./Middlewares/ST/STM32_USB_Device_Library/Class/CDC/Src/usbd_cdc.o
 *fill*         0x2000001a        0x2 
 .data.USBD_CDC
                0x2000001c       0x38 ./Middlewares/ST/STM32_USB_Device_Library/Class/CDC/Src/usbd_cdc.o
                0x2000001c                USBD_CDC
 .data.USBD_CDC_CfgHSDesc
                0x20000054       0x43 ./Middlewares/ST/STM32_USB_Device_Library/Class/CDC/Src/usbd_cdc.o
                0x20000054                USBD_CDC_CfgHSDesc
 *fill*         0x20000097        0x1 
 .data.USBD_CDC_CfgFSDesc
                0x20000098       0x43 ./Middlewares/ST/STM32_USB_Device_Library/Class/CDC/Src/usbd_cdc.o
                0x20000098                USBD_CDC_CfgFSDesc
 *fill*         0x200000db        0x1 
 .data.USBD_CDC_OtherSpeedCfgDesc
                0x200000dc       0x43 ./Middlewares/ST/STM32_USB_Device_Library/Class/CDC/Src/usbd_cdc.o
                0x200000dc                USBD_CDC_OtherSpeedCfgDesc
 *fill*         0x2000011f        0x1 
 .data.USBD_Interface_fops_FS
                0x20000120       0x10 ./USB_DEVICE/App/usbd_cdc_if.o
                0x20000120                USBD_Interface_fops_FS
 .data.FS_Desc  0x20000130       0x1c ./USB_DEVICE/App/usbd_desc.o
                0x20000130                FS_Desc
 .data.USBD_FS_DeviceDesc
                0x2000014c       0x12 ./USB_DEVICE/App/usbd_desc.o
                0x2000014c                USBD_FS_DeviceDesc
 *fill*         0x2000015e        0x2 
 .data.USBD_LangIDDesc
                0x20000160        0x4 ./USB_DEVICE/App/usbd_desc.o
                0x20000160                USBD_LangIDDesc
 .data.USBD_StringSerial
                0x20000164       0x1a ./USB_DEVICE/App/usbd_desc.o
                0x20000164                USBD_StringSerial
 *(.RamFunc)
 *(.RamFunc*)
                0x20000180                        . = ALIGN (0x4)
 *fill*         0x2000017e        0x2 
                0x20000180                        _edata = .

.igot.plt       0x20000180        0x0 load address 0x08009d30
 .igot.plt      0x20000180        0x0 D:/Mechatronics/STM32CubeIDE/STM32CubeIDE_1.18.0/STM32CubeIDE/plugins/com.st.stm32cube.ide.mcu.externaltools.gnu-tools-for-stm32.13.3.rel1.win32_1.0.0.202411081344/tools/bin/../lib/gcc/arm-none-eabi/13.3.1/thumb/v7-m/nofp/crtbegin.o
                0x20000180                        . = ALIGN (0x4)

.bss            0x20000180     0x1328 load address 0x08009d30
                0x20000180                        _sbss = .
                0x20000180                        __bss_start__ = _sbss
 *(.bss)
 .bss           0x20000180       0x1c D:/Mechatronics/STM32CubeIDE/STM32CubeIDE_1.18.0/STM32CubeIDE/plugins/com.st.stm32cube.ide.mcu.externaltools.gnu-tools-for-stm32.13.3.rel1.win32_1.0.0.202411081344/tools/bin/../lib/gcc/arm-none-eabi/13.3.1/thumb/v7-m/nofp/crtbegin.o
 *(.bss*)
 .bss.DataVar   0x2000019c        0x2 ./Core/Src/eeprom_emul.o
                0x2000019c                DataVar
 .bss.unique_board_id
                0x2000019e        0x2 ./Core/Src/main.o
                0x2000019e                unique_board_id
 .bss.mtDriverBoard
                0x200001a0       0x28 ./Core/Src/mtdriver_rs485.o
                0x200001a0                mtDriverBoard
 .bss.usbcdcRxBuffer
                0x200001c8        0xa ./Core/Src/mtdriver_usbcdc.o
                0x200001c8                usbcdcRxBuffer
 .bss.usbcdcRxState
                0x200001d2        0x1 ./Core/Src/mtdriver_usbcdc.o
                0x200001d2                usbcdcRxState
 .bss.usbcdcRxFlag
                0x200001d3        0x1 ./Core/Src/mtdriver_usbcdc.o
                0x200001d3                usbcdcRxFlag
 .bss.usbcdcRxOkFlag
                0x200001d4        0x1 ./Core/Src/mtdriver_usbcdc.o
                0x200001d4                usbcdcRxOkFlag
 .bss.dataContent
                0x200001d5        0x1 ./Core/Src/mtdriver_usbcdc.o
                0x200001d5                dataContent
 .bss.data      0x200001d6        0x1 ./Core/Src/mtdriver_usbcdc.o
                0x200001d6                data
 .bss.checksum  0x200001d7        0x1 ./Core/Src/mtdriver_usbcdc.o
                0x200001d7                checksum
 .bss.htim2     0x200001d8       0x48 ./Core/Src/tim.o
                0x200001d8                htim2
 .bss.huart1    0x20000220       0x48 ./Core/Src/usart.o
                0x20000220                huart1
 .bss.hdma_usart1_rx
                0x20000268       0x44 ./Core/Src/usart.o
                0x20000268                hdma_usart1_rx
 .bss.uwTick    0x200002ac        0x4 ./Drivers/STM32F1xx_HAL_Driver/Src/stm32f1xx_hal.o
                0x200002ac                uwTick
 .bss.pFlash    0x200002b0       0x20 ./Drivers/STM32F1xx_HAL_Driver/Src/stm32f1xx_hal_flash.o
                0x200002b0                pFlash
 .bss.cfgidx.0  0x200002d0        0x1 ./Middlewares/ST/STM32_USB_Device_Library/Core/Src/usbd_ctlreq.o
 *fill*         0x200002d1        0x3 
 .bss.hUsbDeviceFS
                0x200002d4      0x2c4 ./USB_DEVICE/App/usb_device.o
                0x200002d4                hUsbDeviceFS
 .bss.UserRxBufferFS
                0x20000598      0x400 ./USB_DEVICE/App/usbd_cdc_if.o
                0x20000598                UserRxBufferFS
 .bss.UserTxBufferFS
                0x20000998      0x400 ./USB_DEVICE/App/usbd_cdc_if.o
                0x20000998                UserTxBufferFS
 .bss.USBD_StrDesc
                0x20000d98      0x200 ./USB_DEVICE/App/usbd_desc.o
                0x20000d98                USBD_StrDesc
 .bss.hpcd_USB_FS
                0x20000f98      0x2f0 ./USB_DEVICE/Target/usbd_conf.o
                0x20000f98                hpcd_USB_FS
 .bss.mem.0     0x20001288      0x220 ./USB_DEVICE/Target/usbd_conf.o
 *(COMMON)
                0x200014a8                        . = ALIGN (0x4)
                0x200014a8                        _ebss = .
                0x200014a8                        __bss_end__ = _ebss

._user_heap_stack
                0x200014a8      0x600 load address 0x08009d30
                0x200014a8                        . = ALIGN (0x8)
                [!provide]                        PROVIDE (end = .)
                0x200014a8                        PROVIDE (_end = .)
                0x200016a8                        . = (. + _Min_Heap_Size)
 *fill*         0x200014a8      0x200 
                0x20001aa8                        . = (. + _Min_Stack_Size)
 *fill*         0x200016a8      0x400 
                0x20001aa8                        . = ALIGN (0x8)

/DISCARD/
 libc.a(*)
 libm.a(*)
 libgcc.a(*)

.ARM.attributes
                0x00000000       0x29
 *(.ARM.attributes)
 .ARM.attributes
                0x00000000       0x1d D:/Mechatronics/STM32CubeIDE/STM32CubeIDE_1.18.0/STM32CubeIDE/plugins/com.st.stm32cube.ide.mcu.externaltools.gnu-tools-for-stm32.13.3.rel1.win32_1.0.0.202411081344/tools/bin/../lib/gcc/arm-none-eabi/13.3.1/thumb/v7-m/nofp/crti.o
 .ARM.attributes
                0x0000001d       0x2d D:/Mechatronics/STM32CubeIDE/STM32CubeIDE_1.18.0/STM32CubeIDE/plugins/com.st.stm32cube.ide.mcu.externaltools.gnu-tools-for-stm32.13.3.rel1.win32_1.0.0.202411081344/tools/bin/../lib/gcc/arm-none-eabi/13.3.1/thumb/v7-m/nofp/crtbegin.o
 .ARM.attributes
                0x0000004a       0x2d ./Core/Src/dma.o
 .ARM.attributes
                0x00000077       0x2d ./Core/Src/eeprom_emul.o
 .ARM.attributes
                0x000000a4       0x2d ./Core/Src/gpio.o
 .ARM.attributes
                0x000000d1       0x2d ./Core/Src/main.o
 .ARM.attributes
                0x000000fe       0x2d ./Core/Src/mtdriver_rs485.o
 .ARM.attributes
                0x0000012b       0x2d ./Core/Src/mtdriver_usbcdc.o
 .ARM.attributes
                0x00000158       0x2d ./Core/Src/stm32f1xx_hal_msp.o
 .ARM.attributes
                0x00000185       0x2d ./Core/Src/stm32f1xx_it.o
 .ARM.attributes
                0x000001b2       0x2d ./Core/Src/system_stm32f1xx.o
 .ARM.attributes
                0x000001df       0x2d ./Core/Src/tim.o
 .ARM.attributes
                0x0000020c       0x2d ./Core/Src/usart.o
 .ARM.attributes
                0x00000239       0x21 ./Core/Startup/startup_stm32f103c8tx.o
 .ARM.attributes
                0x0000025a       0x2d ./Drivers/STM32F1xx_HAL_Driver/Src/stm32f1xx_hal.o
 .ARM.attributes
                0x00000287       0x2d ./Drivers/STM32F1xx_HAL_Driver/Src/stm32f1xx_hal_cortex.o
 .ARM.attributes
                0x000002b4       0x2d ./Drivers/STM32F1xx_HAL_Driver/Src/stm32f1xx_hal_dma.o
 .ARM.attributes
                0x000002e1       0x2d ./Drivers/STM32F1xx_HAL_Driver/Src/stm32f1xx_hal_flash.o
 .ARM.attributes
                0x0000030e       0x2d ./Drivers/STM32F1xx_HAL_Driver/Src/stm32f1xx_hal_flash_ex.o
 .ARM.attributes
                0x0000033b       0x2d ./Drivers/STM32F1xx_HAL_Driver/Src/stm32f1xx_hal_gpio.o
 .ARM.attributes
                0x00000368       0x2d ./Drivers/STM32F1xx_HAL_Driver/Src/stm32f1xx_hal_pcd.o
 .ARM.attributes
                0x00000395       0x2d ./Drivers/STM32F1xx_HAL_Driver/Src/stm32f1xx_hal_pcd_ex.o
 .ARM.attributes
                0x000003c2       0x2d ./Drivers/STM32F1xx_HAL_Driver/Src/stm32f1xx_hal_rcc.o
 .ARM.attributes
                0x000003ef       0x2d ./Drivers/STM32F1xx_HAL_Driver/Src/stm32f1xx_hal_rcc_ex.o
 .ARM.attributes
                0x0000041c       0x2d ./Drivers/STM32F1xx_HAL_Driver/Src/stm32f1xx_hal_tim.o
 .ARM.attributes
                0x00000449       0x2d ./Drivers/STM32F1xx_HAL_Driver/Src/stm32f1xx_hal_tim_ex.o
 .ARM.attributes
                0x00000476       0x2d ./Drivers/STM32F1xx_HAL_Driver/Src/stm32f1xx_hal_uart.o
 .ARM.attributes
                0x000004a3       0x2d ./Drivers/STM32F1xx_HAL_Driver/Src/stm32f1xx_ll_usb.o
 .ARM.attributes
                0x000004d0       0x2d ./Middlewares/ST/STM32_USB_Device_Library/Class/CDC/Src/usbd_cdc.o
 .ARM.attributes
                0x000004fd       0x2d ./Middlewares/ST/STM32_USB_Device_Library/Core/Src/usbd_core.o
 .ARM.attributes
                0x0000052a       0x2d ./Middlewares/ST/STM32_USB_Device_Library/Core/Src/usbd_ctlreq.o
 .ARM.attributes
                0x00000557       0x2d ./Middlewares/ST/STM32_USB_Device_Library/Core/Src/usbd_ioreq.o
 .ARM.attributes
                0x00000584       0x2d ./USB_DEVICE/App/usb_device.o
 .ARM.attributes
                0x000005b1       0x2d ./USB_DEVICE/App/usbd_cdc_if.o
 .ARM.attributes
                0x000005de       0x2d ./USB_DEVICE/App/usbd_desc.o
 .ARM.attributes
                0x0000060b       0x2d ./USB_DEVICE/Target/usbd_conf.o
 .ARM.attributes
                0x00000638       0x2d D:/Mechatronics/STM32CubeIDE/STM32CubeIDE_1.18.0/STM32CubeIDE/plugins/com.st.stm32cube.ide.mcu.externaltools.gnu-tools-for-stm32.13.3.rel1.win32_1.0.0.202411081344/tools/bin/../lib/gcc/arm-none-eabi/13.3.1/../../../../arm-none-eabi/lib/thumb/v7-m/nofp\libc_nano.a(libc_a-memset.o)
 .ARM.attributes
                0x00000665       0x2d D:/Mechatronics/STM32CubeIDE/STM32CubeIDE_1.18.0/STM32CubeIDE/plugins/com.st.stm32cube.ide.mcu.externaltools.gnu-tools-for-stm32.13.3.rel1.win32_1.0.0.202411081344/tools/bin/../lib/gcc/arm-none-eabi/13.3.1/../../../../arm-none-eabi/lib/thumb/v7-m/nofp\libc_nano.a(libc_a-init.o)
 .ARM.attributes
                0x00000692       0x1d D:/Mechatronics/STM32CubeIDE/STM32CubeIDE_1.18.0/STM32CubeIDE/plugins/com.st.stm32cube.ide.mcu.externaltools.gnu-tools-for-stm32.13.3.rel1.win32_1.0.0.202411081344/tools/bin/../lib/gcc/arm-none-eabi/13.3.1/thumb/v7-m/nofp/crtn.o
OUTPUT(Motor_Driver_Board_V1.0_Firmware.elf elf32-littlearm)
LOAD linker stubs
LOAD D:/Mechatronics/STM32CubeIDE/STM32CubeIDE_1.18.0/STM32CubeIDE/plugins/com.st.stm32cube.ide.mcu.externaltools.gnu-tools-for-stm32.13.3.rel1.win32_1.0.0.202411081344/tools/bin/../lib/gcc/arm-none-eabi/13.3.1/../../../../arm-none-eabi/lib/thumb/v7-m/nofp\libc.a
LOAD D:/Mechatronics/STM32CubeIDE/STM32CubeIDE_1.18.0/STM32CubeIDE/plugins/com.st.stm32cube.ide.mcu.externaltools.gnu-tools-for-stm32.13.3.rel1.win32_1.0.0.202411081344/tools/bin/../lib/gcc/arm-none-eabi/13.3.1/../../../../arm-none-eabi/lib/thumb/v7-m/nofp\libm.a
LOAD D:/Mechatronics/STM32CubeIDE/STM32CubeIDE_1.18.0/STM32CubeIDE/plugins/com.st.stm32cube.ide.mcu.externaltools.gnu-tools-for-stm32.13.3.rel1.win32_1.0.0.202411081344/tools/bin/../lib/gcc/arm-none-eabi/13.3.1/thumb/v7-m/nofp\libgcc.a

.debug_info     0x00000000    0x16d17
 .debug_info    0x00000000      0x2cf ./Core/Src/dma.o
 .debug_info    0x000002cf      0x54a ./Core/Src/eeprom_emul.o
 .debug_info    0x00000819      0x2b7 ./Core/Src/gpio.o
 .debug_info    0x00000ad0      0xa4c ./Core/Src/main.o
 .debug_info    0x0000151c      0x8ca ./Core/Src/mtdriver_rs485.o
 .debug_info    0x00001de6      0x29d ./Core/Src/mtdriver_usbcdc.o
 .debug_info    0x00002083      0x1f1 ./Core/Src/stm32f1xx_hal_msp.o
 .debug_info    0x00002274      0x809 ./Core/Src/stm32f1xx_it.o
 .debug_info    0x00002a7d      0x222 ./Core/Src/system_stm32f1xx.o
 .debug_info    0x00002c9f      0xa20 ./Core/Src/tim.o
 .debug_info    0x000036bf      0x869 ./Core/Src/usart.o
 .debug_info    0x00003f28       0x30 ./Core/Startup/startup_stm32f103c8tx.o
 .debug_info    0x00003f58      0x704 ./Drivers/STM32F1xx_HAL_Driver/Src/stm32f1xx_hal.o
 .debug_info    0x0000465c      0xa87 ./Drivers/STM32F1xx_HAL_Driver/Src/stm32f1xx_hal_cortex.o
 .debug_info    0x000050e3      0x6d2 ./Drivers/STM32F1xx_HAL_Driver/Src/stm32f1xx_hal_dma.o
 .debug_info    0x000057b5      0x4f8 ./Drivers/STM32F1xx_HAL_Driver/Src/stm32f1xx_hal_flash.o
 .debug_info    0x00005cad      0x777 ./Drivers/STM32F1xx_HAL_Driver/Src/stm32f1xx_hal_flash_ex.o
 .debug_info    0x00006424      0x5ab ./Drivers/STM32F1xx_HAL_Driver/Src/stm32f1xx_hal_gpio.o
 .debug_info    0x000069cf     0x16cf ./Drivers/STM32F1xx_HAL_Driver/Src/stm32f1xx_hal_pcd.o
 .debug_info    0x0000809e      0x6b6 ./Drivers/STM32F1xx_HAL_Driver/Src/stm32f1xx_hal_pcd_ex.o
 .debug_info    0x00008754      0x7d5 ./Drivers/STM32F1xx_HAL_Driver/Src/stm32f1xx_hal_rcc.o
 .debug_info    0x00008f29      0x3c0 ./Drivers/STM32F1xx_HAL_Driver/Src/stm32f1xx_hal_rcc_ex.o
 .debug_info    0x000092e9     0x293b ./Drivers/STM32F1xx_HAL_Driver/Src/stm32f1xx_hal_tim.o
 .debug_info    0x0000bc24     0x149b ./Drivers/STM32F1xx_HAL_Driver/Src/stm32f1xx_hal_tim_ex.o
 .debug_info    0x0000d0bf     0x2fa8 ./Drivers/STM32F1xx_HAL_Driver/Src/stm32f1xx_hal_uart.o
 .debug_info    0x00010067     0x17a2 ./Drivers/STM32F1xx_HAL_Driver/Src/stm32f1xx_ll_usb.o
 .debug_info    0x00011809     0x1036 ./Middlewares/ST/STM32_USB_Device_Library/Class/CDC/Src/usbd_cdc.o
 .debug_info    0x0001283f      0xa52 ./Middlewares/ST/STM32_USB_Device_Library/Core/Src/usbd_core.o
 .debug_info    0x00013291      0x91c ./Middlewares/ST/STM32_USB_Device_Library/Core/Src/usbd_ctlreq.o
 .debug_info    0x00013bad      0x6a0 ./Middlewares/ST/STM32_USB_Device_Library/Core/Src/usbd_ioreq.o
 .debug_info    0x0001424d      0x63d ./USB_DEVICE/App/usb_device.o
 .debug_info    0x0001488a      0x7ec ./USB_DEVICE/App/usbd_cdc_if.o
 .debug_info    0x00015076      0x44a ./USB_DEVICE/App/usbd_desc.o
 .debug_info    0x000154c0     0x1857 ./USB_DEVICE/Target/usbd_conf.o

.debug_abbrev   0x00000000     0x4400
 .debug_abbrev  0x00000000       0xfc ./Core/Src/dma.o
 .debug_abbrev  0x000000fc      0x192 ./Core/Src/eeprom_emul.o
 .debug_abbrev  0x0000028e      0x13f ./Core/Src/gpio.o
 .debug_abbrev  0x000003cd      0x285 ./Core/Src/main.o
 .debug_abbrev  0x00000652      0x25a ./Core/Src/mtdriver_rs485.o
 .debug_abbrev  0x000008ac      0x135 ./Core/Src/mtdriver_usbcdc.o
 .debug_abbrev  0x000009e1       0xdb ./Core/Src/stm32f1xx_hal_msp.o
 .debug_abbrev  0x00000abc      0x1b4 ./Core/Src/stm32f1xx_it.o
 .debug_abbrev  0x00000c70      0x13f ./Core/Src/system_stm32f1xx.o
 .debug_abbrev  0x00000daf      0x23b ./Core/Src/tim.o
 .debug_abbrev  0x00000fea      0x20b ./Core/Src/usart.o
 .debug_abbrev  0x000011f5       0x24 ./Core/Startup/startup_stm32f103c8tx.o
 .debug_abbrev  0x00001219      0x201 ./Drivers/STM32F1xx_HAL_Driver/Src/stm32f1xx_hal.o
 .debug_abbrev  0x0000141a      0x2f8 ./Drivers/STM32F1xx_HAL_Driver/Src/stm32f1xx_hal_cortex.o
 .debug_abbrev  0x00001712      0x20b ./Drivers/STM32F1xx_HAL_Driver/Src/stm32f1xx_hal_dma.o
 .debug_abbrev  0x0000191d      0x250 ./Drivers/STM32F1xx_HAL_Driver/Src/stm32f1xx_hal_flash.o
 .debug_abbrev  0x00001b6d      0x247 ./Drivers/STM32F1xx_HAL_Driver/Src/stm32f1xx_hal_flash_ex.o
 .debug_abbrev  0x00001db4      0x1ca ./Drivers/STM32F1xx_HAL_Driver/Src/stm32f1xx_hal_gpio.o
 .debug_abbrev  0x00001f7e      0x2d6 ./Drivers/STM32F1xx_HAL_Driver/Src/stm32f1xx_hal_pcd.o
 .debug_abbrev  0x00002254      0x189 ./Drivers/STM32F1xx_HAL_Driver/Src/stm32f1xx_hal_pcd_ex.o
 .debug_abbrev  0x000023dd      0x2b3 ./Drivers/STM32F1xx_HAL_Driver/Src/stm32f1xx_hal_rcc.o
 .debug_abbrev  0x00002690      0x188 ./Drivers/STM32F1xx_HAL_Driver/Src/stm32f1xx_hal_rcc_ex.o
 .debug_abbrev  0x00002818      0x277 ./Drivers/STM32F1xx_HAL_Driver/Src/stm32f1xx_hal_tim.o
 .debug_abbrev  0x00002a8f      0x282 ./Drivers/STM32F1xx_HAL_Driver/Src/stm32f1xx_hal_tim_ex.o
 .debug_abbrev  0x00002d11      0x2f8 ./Drivers/STM32F1xx_HAL_Driver/Src/stm32f1xx_hal_uart.o
 .debug_abbrev  0x00003009      0x1de ./Drivers/STM32F1xx_HAL_Driver/Src/stm32f1xx_ll_usb.o
 .debug_abbrev  0x000031e7      0x2d3 ./Middlewares/ST/STM32_USB_Device_Library/Class/CDC/Src/usbd_cdc.o
 .debug_abbrev  0x000034ba      0x24a ./Middlewares/ST/STM32_USB_Device_Library/Core/Src/usbd_core.o
 .debug_abbrev  0x00003704      0x26b ./Middlewares/ST/STM32_USB_Device_Library/Core/Src/usbd_ctlreq.o
 .debug_abbrev  0x0000396f      0x192 ./Middlewares/ST/STM32_USB_Device_Library/Core/Src/usbd_ioreq.o
 .debug_abbrev  0x00003b01      0x18d ./USB_DEVICE/App/usb_device.o
 .debug_abbrev  0x00003c8e      0x25d ./USB_DEVICE/App/usbd_cdc_if.o
 .debug_abbrev  0x00003eeb      0x1ff ./USB_DEVICE/App/usbd_desc.o
 .debug_abbrev  0x000040ea      0x316 ./USB_DEVICE/Target/usbd_conf.o

.debug_aranges  0x00000000     0x1530
 .debug_aranges
                0x00000000       0x20 ./Core/Src/dma.o
 .debug_aranges
                0x00000020       0x58 ./Core/Src/eeprom_emul.o
 .debug_aranges
                0x00000078       0x20 ./Core/Src/gpio.o
 .debug_aranges
                0x00000098       0x40 ./Core/Src/main.o
 .debug_aranges
                0x000000d8       0x78 ./Core/Src/mtdriver_rs485.o
 .debug_aranges
                0x00000150       0x58 ./Core/Src/mtdriver_usbcdc.o
 .debug_aranges
                0x000001a8       0x20 ./Core/Src/stm32f1xx_hal_msp.o
 .debug_aranges
                0x000001c8       0x70 ./Core/Src/stm32f1xx_it.o
 .debug_aranges
                0x00000238       0x28 ./Core/Src/system_stm32f1xx.o
 .debug_aranges
                0x00000260       0x38 ./Core/Src/tim.o
 .debug_aranges
                0x00000298       0x30 ./Core/Src/usart.o
 .debug_aranges
                0x000002c8       0x28 ./Core/Startup/startup_stm32f103c8tx.o
 .debug_aranges
                0x000002f0       0xe0 ./Drivers/STM32F1xx_HAL_Driver/Src/stm32f1xx_hal.o
 .debug_aranges
                0x000003d0      0x100 ./Drivers/STM32F1xx_HAL_Driver/Src/stm32f1xx_hal_cortex.o
 .debug_aranges
                0x000004d0       0x80 ./Drivers/STM32F1xx_HAL_Driver/Src/stm32f1xx_hal_dma.o
 .debug_aranges
                0x00000550       0x88 ./Drivers/STM32F1xx_HAL_Driver/Src/stm32f1xx_hal_flash.o
 .debug_aranges
                0x000005d8       0x98 ./Drivers/STM32F1xx_HAL_Driver/Src/stm32f1xx_hal_flash_ex.o
 .debug_aranges
                0x00000670       0x58 ./Drivers/STM32F1xx_HAL_Driver/Src/stm32f1xx_hal_gpio.o
 .debug_aranges
                0x000006c8      0x140 ./Drivers/STM32F1xx_HAL_Driver/Src/stm32f1xx_hal_pcd.o
 .debug_aranges
                0x00000808       0x38 ./Drivers/STM32F1xx_HAL_Driver/Src/stm32f1xx_hal_pcd_ex.o
 .debug_aranges
                0x00000840       0x90 ./Drivers/STM32F1xx_HAL_Driver/Src/stm32f1xx_hal_rcc.o
 .debug_aranges
                0x000008d0       0x30 ./Drivers/STM32F1xx_HAL_Driver/Src/stm32f1xx_hal_rcc_ex.o
 .debug_aranges
                0x00000900      0x3d0 ./Drivers/STM32F1xx_HAL_Driver/Src/stm32f1xx_hal_tim.o
 .debug_aranges
                0x00000cd0      0x168 ./Drivers/STM32F1xx_HAL_Driver/Src/stm32f1xx_hal_tim_ex.o
 .debug_aranges
                0x00000e38      0x208 ./Drivers/STM32F1xx_HAL_Driver/Src/stm32f1xx_hal_uart.o
 .debug_aranges
                0x00001040       0xf8 ./Drivers/STM32F1xx_HAL_Driver/Src/stm32f1xx_ll_usb.o
 .debug_aranges
                0x00001138       0x90 ./Middlewares/ST/STM32_USB_Device_Library/Class/CDC/Src/usbd_cdc.o
 .debug_aranges
                0x000011c8       0xb8 ./Middlewares/ST/STM32_USB_Device_Library/Core/Src/usbd_core.o
 .debug_aranges
                0x00001280       0x88 ./Middlewares/ST/STM32_USB_Device_Library/Core/Src/usbd_ctlreq.o
 .debug_aranges
                0x00001308       0x50 ./Middlewares/ST/STM32_USB_Device_Library/Core/Src/usbd_ioreq.o
 .debug_aranges
                0x00001358       0x20 ./USB_DEVICE/App/usb_device.o
 .debug_aranges
                0x00001378       0x40 ./USB_DEVICE/App/usbd_cdc_if.o
 .debug_aranges
                0x000013b8       0x60 ./USB_DEVICE/App/usbd_desc.o
 .debug_aranges
                0x00001418      0x118 ./USB_DEVICE/Target/usbd_conf.o

.debug_rnglists
                0x00000000     0x102d
 .debug_rnglists
                0x00000000       0x13 ./Core/Src/dma.o
 .debug_rnglists
                0x00000013       0x43 ./Core/Src/eeprom_emul.o
 .debug_rnglists
                0x00000056       0x14 ./Core/Src/gpio.o
 .debug_rnglists
                0x0000006a       0x2c ./Core/Src/main.o
 .debug_rnglists
                0x00000096       0x56 ./Core/Src/mtdriver_rs485.o
 .debug_rnglists
                0x000000ec       0x49 ./Core/Src/mtdriver_usbcdc.o
 .debug_rnglists
                0x00000135       0x13 ./Core/Src/stm32f1xx_hal_msp.o
 .debug_rnglists
                0x00000148       0x4f ./Core/Src/stm32f1xx_it.o
 .debug_rnglists
                0x00000197       0x1a ./Core/Src/system_stm32f1xx.o
 .debug_rnglists
                0x000001b1       0x27 ./Core/Src/tim.o
 .debug_rnglists
                0x000001d8       0x20 ./Core/Src/usart.o
 .debug_rnglists
                0x000001f8       0x19 ./Core/Startup/startup_stm32f103c8tx.o
 .debug_rnglists
                0x00000211       0xa3 ./Drivers/STM32F1xx_HAL_Driver/Src/stm32f1xx_hal.o
 .debug_rnglists
                0x000002b4       0xbb ./Drivers/STM32F1xx_HAL_Driver/Src/stm32f1xx_hal_cortex.o
 .debug_rnglists
                0x0000036f       0x64 ./Drivers/STM32F1xx_HAL_Driver/Src/stm32f1xx_hal_dma.o
 .debug_rnglists
                0x000003d3       0x66 ./Drivers/STM32F1xx_HAL_Driver/Src/stm32f1xx_hal_flash.o
 .debug_rnglists
                0x00000439       0x74 ./Drivers/STM32F1xx_HAL_Driver/Src/stm32f1xx_hal_flash_ex.o
 .debug_rnglists
                0x000004ad       0x3f ./Drivers/STM32F1xx_HAL_Driver/Src/stm32f1xx_hal_gpio.o
 .debug_rnglists
                0x000004ec       0xf4 ./Drivers/STM32F1xx_HAL_Driver/Src/stm32f1xx_hal_pcd.o
 .debug_rnglists
                0x000005e0       0x26 ./Drivers/STM32F1xx_HAL_Driver/Src/stm32f1xx_hal_pcd_ex.o
 .debug_rnglists
                0x00000606       0x6c ./Drivers/STM32F1xx_HAL_Driver/Src/stm32f1xx_hal_rcc.o
 .debug_rnglists
                0x00000672       0x21 ./Drivers/STM32F1xx_HAL_Driver/Src/stm32f1xx_hal_rcc_ex.o
 .debug_rnglists
                0x00000693      0x31a ./Drivers/STM32F1xx_HAL_Driver/Src/stm32f1xx_hal_tim.o
 .debug_rnglists
                0x000009ad      0x125 ./Drivers/STM32F1xx_HAL_Driver/Src/stm32f1xx_hal_tim_ex.o
 .debug_rnglists
                0x00000ad2      0x1bc ./Drivers/STM32F1xx_HAL_Driver/Src/stm32f1xx_hal_uart.o
 .debug_rnglists
                0x00000c8e       0xbd ./Drivers/STM32F1xx_HAL_Driver/Src/stm32f1xx_ll_usb.o
 .debug_rnglists
                0x00000d4b       0x6a ./Middlewares/ST/STM32_USB_Device_Library/Class/CDC/Src/usbd_cdc.o
 .debug_rnglists
                0x00000db5       0x89 ./Middlewares/ST/STM32_USB_Device_Library/Core/Src/usbd_core.o
 .debug_rnglists
                0x00000e3e       0x68 ./Middlewares/ST/STM32_USB_Device_Library/Core/Src/usbd_ctlreq.o
 .debug_rnglists
                0x00000ea6       0x37 ./Middlewares/ST/STM32_USB_Device_Library/Core/Src/usbd_ioreq.o
 .debug_rnglists
                0x00000edd       0x13 ./USB_DEVICE/App/usb_device.o
 .debug_rnglists
                0x00000ef0       0x2c ./USB_DEVICE/App/usbd_cdc_if.o
 .debug_rnglists
                0x00000f1c       0x43 ./USB_DEVICE/App/usbd_desc.o
 .debug_rnglists
                0x00000f5f       0xce ./USB_DEVICE/Target/usbd_conf.o

.debug_macro    0x00000000    0x1c030
 .debug_macro   0x00000000      0x1e0 ./Core/Src/dma.o
 .debug_macro   0x000001e0      0xacc ./Core/Src/dma.o
 .debug_macro   0x00000cac      0x227 ./Core/Src/dma.o
 .debug_macro   0x00000ed3       0x2e ./Core/Src/dma.o
 .debug_macro   0x00000f01       0x22 ./Core/Src/dma.o
 .debug_macro   0x00000f23       0x22 ./Core/Src/dma.o
 .debug_macro   0x00000f45       0x8e ./Core/Src/dma.o
 .debug_macro   0x00000fd3       0x51 ./Core/Src/dma.o
 .debug_macro   0x00001024      0x103 ./Core/Src/dma.o
 .debug_macro   0x00001127       0x6a ./Core/Src/dma.o
 .debug_macro   0x00001191      0x1df ./Core/Src/dma.o
 .debug_macro   0x00001370       0x1c ./Core/Src/dma.o
 .debug_macro   0x0000138c       0x22 ./Core/Src/dma.o
 .debug_macro   0x000013ae       0xbd ./Core/Src/dma.o
 .debug_macro   0x0000146b      0xd23 ./Core/Src/dma.o
 .debug_macro   0x0000218e     0xe09e ./Core/Src/dma.o
 .debug_macro   0x0001022c       0x6d ./Core/Src/dma.o
 .debug_macro   0x00010299     0x348d ./Core/Src/dma.o
 .debug_macro   0x00013726      0x190 ./Core/Src/dma.o
 .debug_macro   0x000138b6       0x5c ./Core/Src/dma.o
 .debug_macro   0x00013912      0x5bc ./Core/Src/dma.o
 .debug_macro   0x00013ece      0x289 ./Core/Src/dma.o
 .debug_macro   0x00014157      0x1cb ./Core/Src/dma.o
 .debug_macro   0x00014322      0x114 ./Core/Src/dma.o
 .debug_macro   0x00014436      0x1b2 ./Core/Src/dma.o
 .debug_macro   0x000145e8       0x27 ./Core/Src/dma.o
 .debug_macro   0x0001460f      0x136 ./Core/Src/dma.o
 .debug_macro   0x00014745      0x1bc ./Core/Src/dma.o
 .debug_macro   0x00014901       0x34 ./Core/Src/dma.o
 .debug_macro   0x00014935       0x3c ./Core/Src/dma.o
 .debug_macro   0x00014971       0x57 ./Core/Src/dma.o
 .debug_macro   0x000149c8       0x87 ./Core/Src/dma.o
 .debug_macro   0x00014a4f      0x240 ./Core/Src/dma.o
 .debug_macro   0x00014c8f      0x140 ./Core/Src/dma.o
 .debug_macro   0x00014dcf      0x8ed ./Core/Src/dma.o
 .debug_macro   0x000156bc      0x28e ./Core/Src/dma.o
 .debug_macro   0x0001594a       0xab ./Core/Src/dma.o
 .debug_macro   0x000159f5      0x242 ./Core/Src/dma.o
 .debug_macro   0x00015c37       0x83 ./Core/Src/dma.o
 .debug_macro   0x00015cba       0x58 ./Core/Src/dma.o
 .debug_macro   0x00015d12      0x1d6 ./Core/Src/eeprom_emul.o
 .debug_macro   0x00015ee8      0x3b2 ./Core/Src/eeprom_emul.o
 .debug_macro   0x0001629a      0x1e0 ./Core/Src/gpio.o
 .debug_macro   0x0001647a      0x38f ./Core/Src/main.o
 .debug_macro   0x00016809       0x61 ./Core/Src/main.o
 .debug_macro   0x0001686a       0x24 ./Core/Src/main.o
 .debug_macro   0x0001688e       0x43 ./Core/Src/main.o
 .debug_macro   0x000168d1       0x34 ./Core/Src/main.o
 .debug_macro   0x00016905       0x16 ./Core/Src/main.o
 .debug_macro   0x0001691b       0x3c ./Core/Src/main.o
 .debug_macro   0x00016957      0x370 ./Core/Src/main.o
 .debug_macro   0x00016cc7       0x10 ./Core/Src/main.o
 .debug_macro   0x00016cd7       0x16 ./Core/Src/main.o
 .debug_macro   0x00016ced       0x4a ./Core/Src/main.o
 .debug_macro   0x00016d37       0x34 ./Core/Src/main.o
 .debug_macro   0x00016d6b       0x10 ./Core/Src/main.o
 .debug_macro   0x00016d7b       0x58 ./Core/Src/main.o
 .debug_macro   0x00016dd3       0x8e ./Core/Src/main.o
 .debug_macro   0x00016e61       0x1c ./Core/Src/main.o
 .debug_macro   0x00016e7d      0x185 ./Core/Src/main.o
 .debug_macro   0x00017002       0x16 ./Core/Src/main.o
 .debug_macro   0x00017018       0x16 ./Core/Src/main.o
 .debug_macro   0x0001702e      0x146 ./Core/Src/main.o
 .debug_macro   0x00017174       0x16 ./Core/Src/main.o
 .debug_macro   0x0001718a       0x16 ./Core/Src/main.o
 .debug_macro   0x000171a0       0x29 ./Core/Src/main.o
 .debug_macro   0x000171c9       0x16 ./Core/Src/main.o
 .debug_macro   0x000171df       0x20 ./Core/Src/main.o
 .debug_macro   0x000171ff       0x5f ./Core/Src/main.o
 .debug_macro   0x0001725e      0x1c8 ./Core/Src/main.o
 .debug_macro   0x00017426       0x16 ./Core/Src/main.o
 .debug_macro   0x0001743c      0x3b8 ./Core/Src/main.o
 .debug_macro   0x000177f4       0x28 ./Core/Src/main.o
 .debug_macro   0x0001781c      0x2b7 ./Core/Src/mtdriver_rs485.o
 .debug_macro   0x00017ad3       0x10 ./Core/Src/mtdriver_rs485.o
 .debug_macro   0x00017ae3      0x1e8 ./Core/Src/mtdriver_usbcdc.o
 .debug_macro   0x00017ccb      0x1d6 ./Core/Src/stm32f1xx_hal_msp.o
 .debug_macro   0x00017ea1      0x1e0 ./Core/Src/stm32f1xx_it.o
 .debug_macro   0x00018081      0x1c7 ./Core/Src/system_stm32f1xx.o
 .debug_macro   0x00018248      0x1e0 ./Core/Src/tim.o
 .debug_macro   0x00018428      0x1e0 ./Core/Src/usart.o
 .debug_macro   0x00018608      0x1eb ./Drivers/STM32F1xx_HAL_Driver/Src/stm32f1xx_hal.o
 .debug_macro   0x000187f3      0x1c7 ./Drivers/STM32F1xx_HAL_Driver/Src/stm32f1xx_hal_cortex.o
 .debug_macro   0x000189ba      0x1c7 ./Drivers/STM32F1xx_HAL_Driver/Src/stm32f1xx_hal_dma.o
 .debug_macro   0x00018b81      0x1c7 ./Drivers/STM32F1xx_HAL_Driver/Src/stm32f1xx_hal_flash.o
 .debug_macro   0x00018d48      0x1d9 ./Drivers/STM32F1xx_HAL_Driver/Src/stm32f1xx_hal_flash_ex.o
 .debug_macro   0x00018f21      0x232 ./Drivers/STM32F1xx_HAL_Driver/Src/stm32f1xx_hal_gpio.o
 .debug_macro   0x00019153      0x1d3 ./Drivers/STM32F1xx_HAL_Driver/Src/stm32f1xx_hal_pcd.o
 .debug_macro   0x00019326      0x1c7 ./Drivers/STM32F1xx_HAL_Driver/Src/stm32f1xx_hal_pcd_ex.o
 .debug_macro   0x000194ed      0x1d9 ./Drivers/STM32F1xx_HAL_Driver/Src/stm32f1xx_hal_rcc.o
 .debug_macro   0x000196c6      0x1c7 ./Drivers/STM32F1xx_HAL_Driver/Src/stm32f1xx_hal_rcc_ex.o
 .debug_macro   0x0001988d      0x1c8 ./Drivers/STM32F1xx_HAL_Driver/Src/stm32f1xx_hal_tim.o
 .debug_macro   0x00019a55      0x1c7 ./Drivers/STM32F1xx_HAL_Driver/Src/stm32f1xx_hal_tim_ex.o
 .debug_macro   0x00019c1c      0x1c8 ./Drivers/STM32F1xx_HAL_Driver/Src/stm32f1xx_hal_uart.o
 .debug_macro   0x00019de4      0x1c7 ./Drivers/STM32F1xx_HAL_Driver/Src/stm32f1xx_ll_usb.o
 .debug_macro   0x00019fab      0x369 ./Middlewares/ST/STM32_USB_Device_Library/Class/CDC/Src/usbd_cdc.o
 .debug_macro   0x0001a314       0x9e ./Middlewares/ST/STM32_USB_Device_Library/Class/CDC/Src/usbd_cdc.o
 .debug_macro   0x0001a3b2      0x112 ./Middlewares/ST/STM32_USB_Device_Library/Class/CDC/Src/usbd_cdc.o
 .debug_macro   0x0001a4c4       0x56 ./Middlewares/ST/STM32_USB_Device_Library/Class/CDC/Src/usbd_cdc.o
 .debug_macro   0x0001a51a       0x8f ./Middlewares/ST/STM32_USB_Device_Library/Class/CDC/Src/usbd_cdc.o
 .debug_macro   0x0001a5a9      0x350 ./Middlewares/ST/STM32_USB_Device_Library/Core/Src/usbd_core.o
 .debug_macro   0x0001a8f9      0x1ce ./Middlewares/ST/STM32_USB_Device_Library/Core/Src/usbd_core.o
 .debug_macro   0x0001aac7      0x35a ./Middlewares/ST/STM32_USB_Device_Library/Core/Src/usbd_ctlreq.o
 .debug_macro   0x0001ae21      0x356 ./Middlewares/ST/STM32_USB_Device_Library/Core/Src/usbd_ioreq.o
 .debug_macro   0x0001b177      0x389 ./USB_DEVICE/App/usb_device.o
 .debug_macro   0x0001b500       0x5e ./USB_DEVICE/App/usb_device.o
 .debug_macro   0x0001b55e       0x22 ./USB_DEVICE/App/usb_device.o
 .debug_macro   0x0001b580       0x16 ./USB_DEVICE/App/usb_device.o
 .debug_macro   0x0001b596      0x374 ./USB_DEVICE/App/usbd_cdc_if.o
 .debug_macro   0x0001b90a       0x10 ./USB_DEVICE/App/usbd_cdc_if.o
 .debug_macro   0x0001b91a      0x38d ./USB_DEVICE/App/usbd_desc.o
 .debug_macro   0x0001bca7       0x1c ./USB_DEVICE/App/usbd_desc.o
 .debug_macro   0x0001bcc3      0x36d ./USB_DEVICE/Target/usbd_conf.o

.debug_line     0x00000000    0x1c216
 .debug_line    0x00000000      0x70b ./Core/Src/dma.o
 .debug_line    0x0000070b      0xafb ./Core/Src/eeprom_emul.o
 .debug_line    0x00001206      0x728 ./Core/Src/gpio.o
 .debug_line    0x0000192e      0xbda ./Core/Src/main.o
 .debug_line    0x00002508      0xb66 ./Core/Src/mtdriver_rs485.o
 .debug_line    0x0000306e      0x89d ./Core/Src/mtdriver_usbcdc.o
 .debug_line    0x0000390b      0x711 ./Core/Src/stm32f1xx_hal_msp.o
 .debug_line    0x0000401c      0x7ee ./Core/Src/stm32f1xx_it.o
 .debug_line    0x0000480a      0x78e ./Core/Src/system_stm32f1xx.o
 .debug_line    0x00004f98      0x7bd ./Core/Src/tim.o
 .debug_line    0x00005755      0x7ab ./Core/Src/usart.o
 .debug_line    0x00005f00       0x78 ./Core/Startup/startup_stm32f103c8tx.o
 .debug_line    0x00005f78      0x9bf ./Drivers/STM32F1xx_HAL_Driver/Src/stm32f1xx_hal.o
 .debug_line    0x00006937      0xb89 ./Drivers/STM32F1xx_HAL_Driver/Src/stm32f1xx_hal_cortex.o
 .debug_line    0x000074c0      0xdc9 ./Drivers/STM32F1xx_HAL_Driver/Src/stm32f1xx_hal_dma.o
 .debug_line    0x00008289      0xa82 ./Drivers/STM32F1xx_HAL_Driver/Src/stm32f1xx_hal_flash.o
 .debug_line    0x00008d0b      0xb96 ./Drivers/STM32F1xx_HAL_Driver/Src/stm32f1xx_hal_flash_ex.o
 .debug_line    0x000098a1      0xa1c ./Drivers/STM32F1xx_HAL_Driver/Src/stm32f1xx_hal_gpio.o
 .debug_line    0x0000a2bd     0x1346 ./Drivers/STM32F1xx_HAL_Driver/Src/stm32f1xx_hal_pcd.o
 .debug_line    0x0000b603      0x789 ./Drivers/STM32F1xx_HAL_Driver/Src/stm32f1xx_hal_pcd_ex.o
 .debug_line    0x0000bd8c      0xe78 ./Drivers/STM32F1xx_HAL_Driver/Src/stm32f1xx_hal_rcc.o
 .debug_line    0x0000cc04      0x929 ./Drivers/STM32F1xx_HAL_Driver/Src/stm32f1xx_hal_rcc_ex.o
 .debug_line    0x0000d52d     0x3492 ./Drivers/STM32F1xx_HAL_Driver/Src/stm32f1xx_hal_tim.o
 .debug_line    0x000109bf     0x1893 ./Drivers/STM32F1xx_HAL_Driver/Src/stm32f1xx_hal_tim_ex.o
 .debug_line    0x00012252     0x251d ./Drivers/STM32F1xx_HAL_Driver/Src/stm32f1xx_hal_uart.o
 .debug_line    0x0001476f     0x112f ./Drivers/STM32F1xx_HAL_Driver/Src/stm32f1xx_ll_usb.o
 .debug_line    0x0001589e      0xe2a ./Middlewares/ST/STM32_USB_Device_Library/Class/CDC/Src/usbd_cdc.o
 .debug_line    0x000166c8      0xe7f ./Middlewares/ST/STM32_USB_Device_Library/Core/Src/usbd_core.o
 .debug_line    0x00017547     0x10c9 ./Middlewares/ST/STM32_USB_Device_Library/Core/Src/usbd_ctlreq.o
 .debug_line    0x00018610      0xb35 ./Middlewares/ST/STM32_USB_Device_Library/Core/Src/usbd_ioreq.o
 .debug_line    0x00019145      0xb05 ./USB_DEVICE/App/usb_device.o
 .debug_line    0x00019c4a      0xb3d ./USB_DEVICE/App/usbd_cdc_if.o
 .debug_line    0x0001a787      0xbae ./USB_DEVICE/App/usbd_desc.o
 .debug_line    0x0001b335      0xee1 ./USB_DEVICE/Target/usbd_conf.o

.debug_str      0x00000000    0x917b8
 .debug_str     0x00000000    0x917b8 ./Core/Src/dma.o
                              0x864af (size before relaxing)
 .debug_str     0x000917b8    0x87a7e ./Core/Src/eeprom_emul.o
 .debug_str     0x000917b8    0x86251 ./Core/Src/gpio.o
 .debug_str     0x000917b8    0x8c53d ./Core/Src/main.o
 .debug_str     0x000917b8    0x89ac8 ./Core/Src/mtdriver_rs485.o
 .debug_str     0x000917b8    0x863db ./Core/Src/mtdriver_usbcdc.o
 .debug_str     0x000917b8    0x861d9 ./Core/Src/stm32f1xx_hal_msp.o
 .debug_str     0x000917b8    0x86774 ./Core/Src/stm32f1xx_it.o
 .debug_str     0x000917b8    0x860f1 ./Core/Src/system_stm32f1xx.o
 .debug_str     0x000917b8    0x86892 ./Core/Src/tim.o
 .debug_str     0x000917b8    0x866f2 ./Core/Src/usart.o
 .debug_str     0x000917b8       0xc7 ./Core/Startup/startup_stm32f103c8tx.o
 .debug_str     0x000917b8    0x86824 ./Drivers/STM32F1xx_HAL_Driver/Src/stm32f1xx_hal.o
 .debug_str     0x000917b8    0x86770 ./Drivers/STM32F1xx_HAL_Driver/Src/stm32f1xx_hal_cortex.o
 .debug_str     0x000917b8    0x8649a ./Drivers/STM32F1xx_HAL_Driver/Src/stm32f1xx_hal_dma.o
 .debug_str     0x000917b8    0x863cc ./Drivers/STM32F1xx_HAL_Driver/Src/stm32f1xx_hal_flash.o
 .debug_str     0x000917b8    0x8657a ./Drivers/STM32F1xx_HAL_Driver/Src/stm32f1xx_hal_flash_ex.o
 .debug_str     0x000917b8    0x86477 ./Drivers/STM32F1xx_HAL_Driver/Src/stm32f1xx_hal_gpio.o
 .debug_str     0x000917b8    0x86a03 ./Drivers/STM32F1xx_HAL_Driver/Src/stm32f1xx_hal_pcd.o
 .debug_str     0x000917b8    0x86565 ./Drivers/STM32F1xx_HAL_Driver/Src/stm32f1xx_hal_pcd_ex.o
 .debug_str     0x000917b8    0x86520 ./Drivers/STM32F1xx_HAL_Driver/Src/stm32f1xx_hal_rcc.o
 .debug_str     0x000917b8    0x86270 ./Drivers/STM32F1xx_HAL_Driver/Src/stm32f1xx_hal_rcc_ex.o
 .debug_str     0x000917b8    0x87512 ./Drivers/STM32F1xx_HAL_Driver/Src/stm32f1xx_hal_tim.o
 .debug_str     0x000917b8    0x86d2e ./Drivers/STM32F1xx_HAL_Driver/Src/stm32f1xx_hal_tim_ex.o
 .debug_str     0x000917b8    0x86b91 ./Drivers/STM32F1xx_HAL_Driver/Src/stm32f1xx_hal_uart.o
 .debug_str     0x000917b8    0x865b7 ./Drivers/STM32F1xx_HAL_Driver/Src/stm32f1xx_ll_usb.o
 .debug_str     0x000917b8    0x8b165 ./Middlewares/ST/STM32_USB_Device_Library/Class/CDC/Src/usbd_cdc.o
 .debug_str     0x000917b8    0x8aaa0 ./Middlewares/ST/STM32_USB_Device_Library/Core/Src/usbd_core.o
 .debug_str     0x000917b8    0x8a9ba ./Middlewares/ST/STM32_USB_Device_Library/Core/Src/usbd_ctlreq.o
 .debug_str     0x000917b8    0x8a8e7 ./Middlewares/ST/STM32_USB_Device_Library/Core/Src/usbd_ioreq.o
 .debug_str     0x000917b8    0x8ac72 ./USB_DEVICE/App/usb_device.o
 .debug_str     0x000917b8    0x8ac98 ./USB_DEVICE/App/usbd_cdc_if.o
 .debug_str     0x000917b8    0x8a823 ./USB_DEVICE/App/usbd_desc.o
 .debug_str     0x000917b8    0x8b6f2 ./USB_DEVICE/Target/usbd_conf.o

.comment        0x00000000       0x43
 .comment       0x00000000       0x43 ./Core/Src/dma.o
                                 0x44 (size before relaxing)
 .comment       0x00000043       0x44 ./Core/Src/eeprom_emul.o
 .comment       0x00000043       0x44 ./Core/Src/gpio.o
 .comment       0x00000043       0x44 ./Core/Src/main.o
 .comment       0x00000043       0x44 ./Core/Src/mtdriver_rs485.o
 .comment       0x00000043       0x44 ./Core/Src/mtdriver_usbcdc.o
 .comment       0x00000043       0x44 ./Core/Src/stm32f1xx_hal_msp.o
 .comment       0x00000043       0x44 ./Core/Src/stm32f1xx_it.o
 .comment       0x00000043       0x44 ./Core/Src/system_stm32f1xx.o
 .comment       0x00000043       0x44 ./Core/Src/tim.o
 .comment       0x00000043       0x44 ./Core/Src/usart.o
 .comment       0x00000043       0x44 ./Drivers/STM32F1xx_HAL_Driver/Src/stm32f1xx_hal.o
 .comment       0x00000043       0x44 ./Drivers/STM32F1xx_HAL_Driver/Src/stm32f1xx_hal_cortex.o
 .comment       0x00000043       0x44 ./Drivers/STM32F1xx_HAL_Driver/Src/stm32f1xx_hal_dma.o
 .comment       0x00000043       0x44 ./Drivers/STM32F1xx_HAL_Driver/Src/stm32f1xx_hal_flash.o
 .comment       0x00000043       0x44 ./Drivers/STM32F1xx_HAL_Driver/Src/stm32f1xx_hal_flash_ex.o
 .comment       0x00000043       0x44 ./Drivers/STM32F1xx_HAL_Driver/Src/stm32f1xx_hal_gpio.o
 .comment       0x00000043       0x44 ./Drivers/STM32F1xx_HAL_Driver/Src/stm32f1xx_hal_pcd.o
 .comment       0x00000043       0x44 ./Drivers/STM32F1xx_HAL_Driver/Src/stm32f1xx_hal_pcd_ex.o
 .comment       0x00000043       0x44 ./Drivers/STM32F1xx_HAL_Driver/Src/stm32f1xx_hal_rcc.o
 .comment       0x00000043       0x44 ./Drivers/STM32F1xx_HAL_Driver/Src/stm32f1xx_hal_rcc_ex.o
 .comment       0x00000043       0x44 ./Drivers/STM32F1xx_HAL_Driver/Src/stm32f1xx_hal_tim.o
 .comment       0x00000043       0x44 ./Drivers/STM32F1xx_HAL_Driver/Src/stm32f1xx_hal_tim_ex.o
 .comment       0x00000043       0x44 ./Drivers/STM32F1xx_HAL_Driver/Src/stm32f1xx_hal_uart.o
 .comment       0x00000043       0x44 ./Drivers/STM32F1xx_HAL_Driver/Src/stm32f1xx_ll_usb.o
 .comment       0x00000043       0x44 ./Middlewares/ST/STM32_USB_Device_Library/Class/CDC/Src/usbd_cdc.o
 .comment       0x00000043       0x44 ./Middlewares/ST/STM32_USB_Device_Library/Core/Src/usbd_core.o
 .comment       0x00000043       0x44 ./Middlewares/ST/STM32_USB_Device_Library/Core/Src/usbd_ctlreq.o
 .comment       0x00000043       0x44 ./Middlewares/ST/STM32_USB_Device_Library/Core/Src/usbd_ioreq.o
 .comment       0x00000043       0x44 ./USB_DEVICE/App/usb_device.o
 .comment       0x00000043       0x44 ./USB_DEVICE/App/usbd_cdc_if.o
 .comment       0x00000043       0x44 ./USB_DEVICE/App/usbd_desc.o
 .comment       0x00000043       0x44 ./USB_DEVICE/Target/usbd_conf.o

.debug_frame    0x00000000     0x553c
 .debug_frame   0x00000000       0x34 ./Core/Src/dma.o
 .debug_frame   0x00000034      0x144 ./Core/Src/eeprom_emul.o
 .debug_frame   0x00000178       0x34 ./Core/Src/gpio.o
 .debug_frame   0x000001ac       0xa8 ./Core/Src/main.o
 .debug_frame   0x00000254      0x198 ./Core/Src/mtdriver_rs485.o
 .debug_frame   0x000003ec      0x11c ./Core/Src/mtdriver_usbcdc.o
 .debug_frame   0x00000508       0x38 ./Core/Src/stm32f1xx_hal_msp.o
 .debug_frame   0x00000540      0x13c ./Core/Src/stm32f1xx_it.o
 .debug_frame   0x0000067c       0x58 ./Core/Src/system_stm32f1xx.o
 .debug_frame   0x000006d4       0xa8 ./Core/Src/tim.o
 .debug_frame   0x0000077c       0x74 ./Core/Src/usart.o
 .debug_frame   0x000007f0      0x334 ./Drivers/STM32F1xx_HAL_Driver/Src/stm32f1xx_hal.o
 .debug_frame   0x00000b24      0x428 ./Drivers/STM32F1xx_HAL_Driver/Src/stm32f1xx_hal_cortex.o
 .debug_frame   0x00000f4c      0x208 ./Drivers/STM32F1xx_HAL_Driver/Src/stm32f1xx_hal_dma.o
 .debug_frame   0x00001154      0x20c ./Drivers/STM32F1xx_HAL_Driver/Src/stm32f1xx_hal_flash.o
 .debug_frame   0x00001360      0x258 ./Drivers/STM32F1xx_HAL_Driver/Src/stm32f1xx_hal_flash_ex.o